
MIRAL_2.0 {
global:
#    miral::InternalClientLauncher::launch*;
    _ZNK5miral22InternalClientLauncher6launchERKNSt7__cxx1112basic_stringIcSt11char_traitsIcESaIcEEERKSt8functionIFvN3mir6client10ConnectionEEERKS9_IFvSt8weak_ptrINSA_5scene7SessionEEEE;
#    miral::StartupInternalClient::StartupInternalClient*;
    _ZN5miral21StartupInternalClientC?ENSt7__cxx1112basic_stringIcSt11char_traitsIcESaIcEEESt8functionIFvN3mir6client10ConnectionEEES7_IFvSt8weak_ptrINS8_5scene7SessionEEEE;
  extern "C++" {
    miral::AddInitCallback::?AddInitCallback*;
    miral::AddInitCallback::AddInitCallback*;
    miral::AddInitCallback::operator*;
    miral::AppendEventFilter::AppendEventFilter*;
    miral::AppendEventFilter::operator*;
    miral::ApplicationAuthorizer::?ApplicationAuthorizer*;
    miral::ApplicationAuthorizer::ApplicationAuthorizer*;
    miral::ApplicationAuthorizer::operator*;
    miral::ApplicationCredentials::ApplicationCredentials*;
    miral::ApplicationCredentials::gid*;
    miral::ApplicationCredentials::pid*;
    miral::ApplicationCredentials::uid*;
    miral::ApplicationInfo::?ApplicationInfo*;
    miral::ApplicationInfo::ApplicationInfo*;
    miral::ApplicationInfo::add_window*;
    miral::ApplicationInfo::application*;
    miral::ApplicationInfo::name*;
    miral::ApplicationInfo::operator*;
    miral::ApplicationInfo::remove_window*;
    miral::ApplicationInfo::userdata*;
    miral::ApplicationInfo::windows*;
    miral::BasicSetApplicationAuthorizer::?BasicSetApplicationAuthorizer*;
    miral::BasicSetApplicationAuthorizer::BasicSetApplicationAuthorizer*;
    miral::BasicSetApplicationAuthorizer::operator*;
    miral::BasicSetApplicationAuthorizer::the_application_authorizer*;
    miral::CanonicalWindowManagerPolicy::CanonicalWindowManagerPolicy*;
    miral::CanonicalWindowManagerPolicy::advise_focus_gained*;
    miral::CanonicalWindowManagerPolicy::confirm_inherited_move*;
    miral::CanonicalWindowManagerPolicy::handle_modify_window*;
    miral::CanonicalWindowManagerPolicy::handle_raise_window*;
    miral::CanonicalWindowManagerPolicy::handle_window_ready*;
    miral::CanonicalWindowManagerPolicy::place_new_window*;
    miral::CommandLineOption::?CommandLineOption*;
    miral::CommandLineOption::CommandLineOption*;
    miral::CommandLineOption::operator*;
    miral::CursorTheme::?CursorTheme*;
    miral::CursorTheme::CursorTheme*;
    miral::CursorTheme::operator*;
    miral::DebugExtension::DebugExtension*;
    miral::DebugExtension::disable*;
    miral::DebugExtension::enable*;
    miral::DebugExtension::operator*;
    miral::InternalClientLauncher::?InternalClientLauncher*;
    miral::InternalClientLauncher::InternalClientLauncher*;
#   miral::InternalClientLauncher::launch*;
    miral::InternalClientLauncher::operator*;
    miral::Keymap::?Keymap*;
    miral::Keymap::Keymap*;
    miral::Keymap::operator*;
    miral::Keymap::set_keymap*;
    miral::MirRunner::?MirRunner*;
    miral::MirRunner::MirRunner*;
    miral::MirRunner::add_start_callback*;
    miral::MirRunner::add_stop_callback*;
    miral::MirRunner::run_with*;
    miral::MirRunner::set_exception_handler*;
    miral::MirRunner::stop*;
    miral::Output::?Output*;
    miral::Output::Output*;
    miral::Output::connected*;
    miral::Output::extents*;
    miral::Output::form_factor*;
    miral::Output::is_same_output*;
    miral::Output::operator*;
    miral::Output::orientation*;
    miral::Output::physical_size_mm*;
    miral::Output::pixel_format*;
    miral::Output::power_mode*;
    miral::Output::refresh_rate*;
    miral::Output::scale*;
    miral::Output::type*;
    miral::Output::used*;
    miral::Output::valid*;
    miral::SetCommandLineHandler::?SetCommandLineHandler*;
    miral::SetCommandLineHandler::SetCommandLineHandler*;
    miral::SetCommandLineHandler::operator*;
    miral::SetTerminator::?SetTerminator*;
    miral::SetTerminator::SetTerminator*;
    miral::SetTerminator::operator*;
    miral::SetWindowManagementPolicy::?SetWindowManagementPolicy*;
    miral::SetWindowManagementPolicy::SetWindowManagementPolicy*;
    miral::SetWindowManagementPolicy::operator*;
    miral::StartupInternalClient::?StartupInternalClient*;
#   miral::StartupInternalClient::StartupInternalClient*;
    miral::StartupInternalClient::operator*;
    miral::Window::?Window*;
    miral::Window::Window*;
    miral::Window::application*;
    miral::Window::move_to*;
    miral::Window::operator*;
    miral::Window::resize*;
    miral::Window::size*;
    miral::Window::top_left*;
    miral::WindowInfo::?WindowInfo*;
    miral::WindowInfo::WindowInfo*;
    miral::WindowInfo::add_child*;
    miral::WindowInfo::can_be_active*;
    miral::WindowInfo::can_morph_to*;
    miral::WindowInfo::children*;
    miral::WindowInfo::confine_pointer*;
    miral::WindowInfo::constrain_resize*;
    miral::WindowInfo::has_output_id*;
    miral::WindowInfo::height_inc*;
    miral::WindowInfo::is_visible*;
    miral::WindowInfo::max_aspect*;
    miral::WindowInfo::max_height*;
    miral::WindowInfo::max_width*;
    miral::WindowInfo::min_aspect*;
    miral::WindowInfo::min_height*;
    miral::WindowInfo::min_width*;
    miral::WindowInfo::must_have_parent*;
    miral::WindowInfo::must_not_have_parent*;
    miral::WindowInfo::name*;
    miral::WindowInfo::needs_titlebar*;
    miral::WindowInfo::operator*;
    miral::WindowInfo::output_id*;
    miral::WindowInfo::parent*;
    miral::WindowInfo::preferred_orientation*;
    miral::WindowInfo::remove_child*;
    miral::WindowInfo::restore_rect*;
    miral::WindowInfo::shell_chrome*;
    miral::WindowInfo::state*;
    miral::WindowInfo::type*;
    miral::WindowInfo::userdata*;
    miral::WindowInfo::width_inc*;
    miral::WindowInfo::window*;
    miral::WindowManagementPolicy::?WindowManagementPolicy*;
    miral::WindowManagementPolicy::WindowManagementPolicy*;
    miral::WindowManagementPolicy::advise_adding_to_workspace*;
    miral::WindowManagementPolicy::advise_begin*;
    miral::WindowManagementPolicy::advise_delete_app*;
    miral::WindowManagementPolicy::advise_delete_window*;
    miral::WindowManagementPolicy::advise_end*;
    miral::WindowManagementPolicy::advise_focus_gained*;
    miral::WindowManagementPolicy::advise_focus_lost*;
    miral::WindowManagementPolicy::advise_move_to*;
    miral::WindowManagementPolicy::advise_new_app*;
    miral::WindowManagementPolicy::advise_new_window*;
    miral::WindowManagementPolicy::advise_output_create*;
    miral::WindowManagementPolicy::advise_output_delete*;
    miral::WindowManagementPolicy::advise_output_update*;
    miral::WindowManagementPolicy::advise_raise*;
    miral::WindowManagementPolicy::advise_removing_from_workspace*;
    miral::WindowManagementPolicy::advise_resize*;
    miral::WindowManagementPolicy::advise_state_change*;
    miral::WindowManagementPolicy::operator*;
    miral::WindowManagerOptions::WindowManagerOptions*;
    miral::WindowManagerOptions::operator*;
    miral::WindowManagerTools::?WindowManagerTools*;
    miral::WindowManagerTools::WindowManagerTools*;
    miral::WindowManagerTools::active_output*;
    miral::WindowManagerTools::active_window*;
    miral::WindowManagerTools::add_tree_to_workspace*;
    miral::WindowManagerTools::ask_client_to_close*;
    miral::WindowManagerTools::count_applications*;
    miral::WindowManagerTools::create_workspace*;
    miral::WindowManagerTools::drag_active_window*;
    miral::WindowManagerTools::drag_window*;
    miral::WindowManagerTools::end_drag_and_drop*;
    miral::WindowManagerTools::find_application*;
    miral::WindowManagerTools::focus_next_application*;
    miral::WindowManagerTools::focus_next_within_application*;
    miral::WindowManagerTools::focus_prev_within_application*;
    miral::WindowManagerTools::for_each_application*;
    miral::WindowManagerTools::for_each_window_in_workspace*;
    miral::WindowManagerTools::for_each_workspace_containing*;
    miral::WindowManagerTools::force_close*;
    miral::WindowManagerTools::id_for_window*;
    miral::WindowManagerTools::info_for*;
    miral::WindowManagerTools::info_for_window_id*;
    miral::WindowManagerTools::invoke_under_lock*;
    miral::WindowManagerTools::modify_window*;
    miral::WindowManagerTools::move_workspace_content_to_workspace*;
    miral::WindowManagerTools::operator*;
    miral::WindowManagerTools::place_and_size_for_state*;
    miral::WindowManagerTools::raise_tree*;
    miral::WindowManagerTools::remove_tree_from_workspace*;
    miral::WindowManagerTools::select_active_window*;
    miral::WindowManagerTools::start_drag_and_drop*;
    miral::WindowManagerTools::window_at*;
    miral::WindowSpecification::?WindowSpecification*;
    miral::WindowSpecification::WindowSpecification*;
    miral::WindowSpecification::aux_rect*;
    miral::WindowSpecification::aux_rect_placement_gravity*;
    miral::WindowSpecification::aux_rect_placement_offset*;
    miral::WindowSpecification::confine_pointer*;
    miral::WindowSpecification::height_inc*;
    miral::WindowSpecification::input_mode*;
    miral::WindowSpecification::input_shape*;
    miral::WindowSpecification::max_aspect*;
    miral::WindowSpecification::max_height*;
    miral::WindowSpecification::max_width*;
    miral::WindowSpecification::min_aspect*;
    miral::WindowSpecification::min_height*;
    miral::WindowSpecification::min_width*;
    miral::WindowSpecification::name*;
    miral::WindowSpecification::operator*;
    miral::WindowSpecification::output_id*;
    miral::WindowSpecification::parent*;
    miral::WindowSpecification::placement_hints*;
    miral::WindowSpecification::preferred_orientation*;
    miral::WindowSpecification::shell_chrome*;
    miral::WindowSpecification::size*;
    miral::WindowSpecification::state*;
    miral::WindowSpecification::top_left*;
    miral::WindowSpecification::type*;
    miral::WindowSpecification::update*;
    miral::WindowSpecification::userdata*;
    miral::WindowSpecification::width_inc*;
    miral::WindowSpecification::window_placement_gravity*;
    miral::WorkspacePolicy::?WorkspacePolicy*;
    miral::WorkspacePolicy::WorkspacePolicy*;
    miral::WorkspacePolicy::operator*;
    miral::apply_lifecycle_state_to*;
    miral::display_configuration_options*;
    miral::equivalent_display_area*;
    miral::kill*;
    miral::name_of*;
    miral::operator*;
    miral::pid_of*;
    miral::pre_init*;
    non-virtual?thunk?to?miral::ApplicationAuthorizer::?ApplicationAuthorizer*;
    non-virtual?thunk?to?miral::CanonicalWindowManagerPolicy::advise_focus_gained*;
    non-virtual?thunk?to?miral::CanonicalWindowManagerPolicy::confirm_inherited_move*;
    non-virtual?thunk?to?miral::CanonicalWindowManagerPolicy::handle_modify_window*;
    non-virtual?thunk?to?miral::CanonicalWindowManagerPolicy::handle_raise_window*;
    non-virtual?thunk?to?miral::CanonicalWindowManagerPolicy::handle_window_ready*;
    non-virtual?thunk?to?miral::CanonicalWindowManagerPolicy::place_new_window*;
    non-virtual?thunk?to?miral::WindowManagementPolicy::?WindowManagementPolicy*;
    non-virtual?thunk?to?miral::WindowManagementPolicy::advise_adding_to_workspace*;
    non-virtual?thunk?to?miral::WindowManagementPolicy::advise_begin*;
    non-virtual?thunk?to?miral::WindowManagementPolicy::advise_delete_app*;
    non-virtual?thunk?to?miral::WindowManagementPolicy::advise_delete_window*;
    non-virtual?thunk?to?miral::WindowManagementPolicy::advise_end*;
    non-virtual?thunk?to?miral::WindowManagementPolicy::advise_focus_gained*;
    non-virtual?thunk?to?miral::WindowManagementPolicy::advise_focus_lost*;
    non-virtual?thunk?to?miral::WindowManagementPolicy::advise_move_to*;
    non-virtual?thunk?to?miral::WindowManagementPolicy::advise_new_app*;
    non-virtual?thunk?to?miral::WindowManagementPolicy::advise_new_window*;
    non-virtual?thunk?to?miral::WindowManagementPolicy::advise_output_create*;
    non-virtual?thunk?to?miral::WindowManagementPolicy::advise_output_delete*;
    non-virtual?thunk?to?miral::WindowManagementPolicy::advise_output_update*;
    non-virtual?thunk?to?miral::WindowManagementPolicy::advise_raise*;
    non-virtual?thunk?to?miral::WindowManagementPolicy::advise_removing_from_workspace*;
    non-virtual?thunk?to?miral::WindowManagementPolicy::advise_resize*;
    non-virtual?thunk?to?miral::WindowManagementPolicy::advise_state_change*;
    non-virtual?thunk?to?miral::WorkspacePolicy::?WorkspacePolicy*;
    typeinfo?for?miral::AddInitCallback;
    typeinfo?for?miral::AppendEventFilter;
    typeinfo?for?miral::ApplicationAuthorizer;
    typeinfo?for?miral::ApplicationCredentials;
    typeinfo?for?miral::ApplicationInfo;
    typeinfo?for?miral::BasicSetApplicationAuthorizer;
    typeinfo?for?miral::CanonicalWindowManagerPolicy;
    typeinfo?for?miral::CommandLineOption;
    typeinfo?for?miral::CursorTheme;
    typeinfo?for?miral::DebugExtension;
    typeinfo?for?miral::InternalClientLauncher;
    typeinfo?for?miral::Keymap;
    typeinfo?for?miral::MirRunner;
    typeinfo?for?miral::Output;
    typeinfo?for?miral::Output::PhysicalSizeMM;
    typeinfo?for?miral::SetCommandLineHandler;
    typeinfo?for?miral::SetTerminator;
    typeinfo?for?miral::SetWindowManagementPolicy;
    typeinfo?for?miral::StartupInternalClient;
    typeinfo?for?miral::Window;
    typeinfo?for?miral::WindowInfo;
    typeinfo?for?miral::WindowManagementPolicy;
    typeinfo?for?miral::WindowManagerOption;
    typeinfo?for?miral::WindowManagerOptions;
    typeinfo?for?miral::WindowManagerTools;
    typeinfo?for?miral::WindowSpecification;
    typeinfo?for?miral::WindowSpecification::AspectRatio;
    typeinfo?for?miral::WorkspacePolicy;
    vtable?for?miral::AddInitCallback;
    vtable?for?miral::AppendEventFilter;
    vtable?for?miral::ApplicationAuthorizer;
    vtable?for?miral::ApplicationCredentials;
    vtable?for?miral::ApplicationInfo;
    vtable?for?miral::BasicSetApplicationAuthorizer;
    vtable?for?miral::CanonicalWindowManagerPolicy;
    vtable?for?miral::CommandLineOption;
    vtable?for?miral::CursorTheme;
    vtable?for?miral::DebugExtension;
    vtable?for?miral::InternalClientLauncher;
    vtable?for?miral::Keymap;
    vtable?for?miral::MirRunner;
    vtable?for?miral::Output;
    vtable?for?miral::Output::PhysicalSizeMM;
    vtable?for?miral::SetCommandLineHandler;
    vtable?for?miral::SetTerminator;
    vtable?for?miral::SetWindowManagementPolicy;
    vtable?for?miral::StartupInternalClient;
    vtable?for?miral::Window;
    vtable?for?miral::WindowInfo;
    vtable?for?miral::WindowManagementPolicy;
    vtable?for?miral::WindowManagerOption;
    vtable?for?miral::WindowManagerOptions;
    vtable?for?miral::WindowManagerTools;
    vtable?for?miral::WindowSpecification;
    vtable?for?miral::WindowSpecification::AspectRatio;
    vtable?for?miral::WorkspacePolicy;
  };
  local: *;
};

MIRAL_2.1 {
global:
  extern "C++" {
    miral::CanonicalWindowManagerPolicy::confirm_placement_on_display*;
    miral::CanonicalWindowManagerPolicy::handle_request_drag_and_drop*;
    non-virtual?thunk?to?miral::CanonicalWindowManagerPolicy::confirm_placement_on_display*;
    non-virtual?thunk?to?miral::CanonicalWindowManagerPolicy::handle_request_drag_and_drop*;
  };
} MIRAL_2.0;

MIRAL_2.2 {
global:
  extern "C++" {
    miral::ExternalClientLauncher::?ExternalClientLauncher*;
    miral::ExternalClientLauncher::ExternalClientLauncher*;
    miral::ExternalClientLauncher::launch*;
    miral::ExternalClientLauncher::operator*;
    typeinfo?for?miral::ExternalClientLauncher;
    vtable?for?miral::ExternalClientLauncher;
  };
} MIRAL_2.1;

MIRAL_2.3 {
global:
#    miral::InternalClientLauncher::launch*;
    _ZNK5miral22InternalClientLauncher6launchERKSt8functionIFvP10wl_displayEERKS1_IFvSt8weak_ptrIN3mir5scene7SessionEEEE;

#    miral::StartupInternalClient::StartupInternalClient*;
    _ZN5miral21StartupInternalClientC?ESt8functionIFvP10wl_displayEES1_IFvSt8weak_ptrIN3mir5scene7SessionEEEE;
} MIRAL_2.2;

MIRAL_2.4 {
global:
  extern "C++" {
    miral::DisplayConfiguration::?DisplayConfiguration*;
    miral::DisplayConfiguration::DisplayConfiguration*;
    miral::DisplayConfiguration::layout_option*;
    miral::DisplayConfiguration::list_layouts*;
    miral::DisplayConfiguration::operator*;
    miral::DisplayConfiguration::select_layout*;
    miral::ExternalClientLauncher::pid*;
    miral::MirRunner::config_file*;
    miral::MirRunner::display_config_file*;
    miral::WaylandExtensions::?WaylandExtensions*;
    miral::WaylandExtensions::WaylandExtensions*;
    miral::WaylandExtensions::operator*;
    miral::WaylandExtensions::supported_extensions*;
    miral::X11Support::?X11Support*;
    miral::X11Support::X11Support*;
    miral::X11Support::operator*;
    typeinfo?for?miral::DisplayConfiguration;
    typeinfo?for?miral::WaylandExtensions;
    typeinfo?for?miral::X11Support;
    vtable?for?miral::DisplayConfiguration;
    vtable?for?miral::WaylandExtensions;
    vtable?for?miral::X11Support;
  };
} MIRAL_2.3;

MIRAL_2.5 {
global:
  extern "C++" {
    miral::WaylandExtensions::Context::?Context*;
    miral::WaylandExtensions::Context::Context*;
    miral::WaylandExtensions::Context::operator*;
    miral::WaylandExtensions::add_extension*;
    miral::WaylandExtensions::add_extension_disabled_by_default*;
    miral::WaylandExtensions::recommended_extensions*;
    miral::WaylandExtensions::set_filter*;
    non-virtual?thunk?to?miral::WaylandExtensions::Context::?Context*;
    typeinfo?for?miral::WaylandExtensions::Builder;
    typeinfo?for?miral::WaylandExtensions::Context;
    vtable?for?miral::WaylandExtensions::Builder;
    vtable?for?miral::WaylandExtensions::Context;
  };
} MIRAL_2.4;
