MIRAL_5.0 {
global:
  extern "C++" {
    miral::AddInitCallback::?AddInitCallback*;
    miral::AddInitCallback::AddInitCallback*;
    miral::AddInitCallback::operator*;
    miral::AppendEventFilter::AppendEventFilter*;
    miral::AppendEventFilter::operator*;
    miral::ApplicationAuthorizer::?ApplicationAuthorizer*;
    miral::ApplicationAuthorizer::ApplicationAuthorizer*;
    miral::ApplicationAuthorizer::operator*;
    miral::ApplicationCredentials::ApplicationCredentials*;
    miral::ApplicationCredentials::gid*;
    miral::ApplicationCredentials::pid*;
    miral::ApplicationCredentials::uid*;
    miral::ApplicationInfo::?ApplicationInfo*;
    miral::ApplicationInfo::ApplicationInfo*;
    miral::ApplicationInfo::application*;
    miral::ApplicationInfo::name*;
    miral::ApplicationInfo::operator*;
    miral::ApplicationInfo::userdata*;
    miral::ApplicationInfo::windows*;
    miral::BasicSetApplicationAuthorizer::?BasicSetApplicationAuthorizer*;
    miral::BasicSetApplicationAuthorizer::BasicSetApplicationAuthorizer*;
    miral::BasicSetApplicationAuthorizer::operator*;
    miral::BasicSetApplicationAuthorizer::the_application_authorizer*;
    miral::CanonicalWindowManagerPolicy::CanonicalWindowManagerPolicy*;
    miral::CanonicalWindowManagerPolicy::advise_focus_gained*;
    miral::CanonicalWindowManagerPolicy::confirm_inherited_move*;
    miral::CanonicalWindowManagerPolicy::confirm_placement_on_display*;
    miral::CanonicalWindowManagerPolicy::handle_modify_window*;
    miral::CanonicalWindowManagerPolicy::handle_raise_window*;
    miral::CanonicalWindowManagerPolicy::handle_window_ready*;
    miral::CanonicalWindowManagerPolicy::place_new_window*;
    miral::ConfigurationOption::?ConfigurationOption*;
    miral::ConfigurationOption::ConfigurationOption*;
    miral::ConfigurationOption::operator*;
    miral::CursorTheme::?CursorTheme*;
    miral::CursorTheme::CursorTheme*;
    miral::CursorTheme::operator*;
    miral::CustomRenderer::?CustomRenderer*;
    miral::CustomRenderer::CustomRenderer*;
    miral::CustomRenderer::operator*;
    miral::DisplayConfiguration::?DisplayConfiguration*;
    miral::DisplayConfiguration::DisplayConfiguration*;
    miral::DisplayConfiguration::add_output_attribute*;
    miral::DisplayConfiguration::layout_option*;
    miral::DisplayConfiguration::list_layouts*;
    miral::DisplayConfiguration::operator*;
    miral::DisplayConfiguration::select_layout*;
    miral::ExternalClientLauncher::?ExternalClientLauncher*;
    miral::ExternalClientLauncher::ExternalClientLauncher*;
    miral::ExternalClientLauncher::launch*;
    miral::ExternalClientLauncher::launch_using_x11*;
    miral::ExternalClientLauncher::operator*;
    miral::ExternalClientLauncher::snapcraft_launch*;
    miral::ExternalClientLauncher::split_command*;
    miral::FdHandle::?FdHandle*;
    miral::InternalClientLauncher::?InternalClientLauncher*;
    miral::InternalClientLauncher::InternalClientLauncher*;
    miral::InternalClientLauncher::launch*;
    miral::InternalClientLauncher::operator*;
    miral::Keymap::?Keymap*;
    miral::Keymap::Keymap*;
    miral::Keymap::operator*;
    miral::Keymap::set_keymap*;
    miral::MinimalWindowManager::?MinimalWindowManager*;
    miral::MinimalWindowManager::MinimalWindowManager*;
    miral::MinimalWindowManager::advise_delete_app*;
    miral::MinimalWindowManager::advise_delete_window*;
    miral::MinimalWindowManager::advise_focus_gained*;
    miral::MinimalWindowManager::advise_focus_lost*;
    miral::MinimalWindowManager::advise_new_app*;
    miral::MinimalWindowManager::advise_new_window*;
    miral::MinimalWindowManager::begin_pointer_move*;
    miral::MinimalWindowManager::begin_pointer_resize*;
    miral::MinimalWindowManager::begin_touch_move*;
    miral::MinimalWindowManager::begin_touch_resize*;
    miral::MinimalWindowManager::confirm_inherited_move*;
    miral::MinimalWindowManager::confirm_placement_on_display*;
    miral::MinimalWindowManager::handle_keyboard_event*;
    miral::MinimalWindowManager::handle_modify_window*;
    miral::MinimalWindowManager::handle_pointer_event*;
    miral::MinimalWindowManager::handle_raise_window*;
    miral::MinimalWindowManager::handle_request_move*;
    miral::MinimalWindowManager::handle_request_resize*;
    miral::MinimalWindowManager::handle_touch_event*;
    miral::MinimalWindowManager::handle_window_ready*;
    miral::MinimalWindowManager::place_new_window*;
    miral::MirRunner::?MirRunner*;
    miral::MirRunner::MirRunner*;
    miral::MirRunner::add_start_callback*;
    miral::MirRunner::add_stop_callback*;
    miral::MirRunner::config_file*;
    miral::MirRunner::display_config_file*;
    miral::MirRunner::register_fd_handler*;
    miral::MirRunner::register_signal_handler*;
    miral::MirRunner::run_with*;
    miral::MirRunner::set_exception_handler*;
    miral::MirRunner::stop*;
    miral::MirRunner::wayland_display*;
    miral::MirRunner::x11_display*;
    miral::Output::?Output*;
    miral::Output::Output*;
    miral::Output::attribute*;
    miral::Output::attributes_map*;
    miral::Output::connected*;
    miral::Output::extents*;
    miral::Output::form_factor*;
    miral::Output::id*;
    miral::Output::is_same_output*;
    miral::Output::logical_group_id*;
    miral::Output::name*;
    miral::Output::operator*;
    miral::Output::orientation*;
    miral::Output::physical_size_mm*;
    miral::Output::pixel_format*;
    miral::Output::power_mode*;
    miral::Output::refresh_rate*;
    miral::Output::scale*;
    miral::Output::type*;
    miral::Output::used*;
    miral::Output::valid*;
    miral::PrependEventFilter::PrependEventFilter*;
    miral::PrependEventFilter::operator*;
    miral::PrintTo*;
    miral::SessionLockListener::SessionLockListener*;
    miral::SessionLockListener::operator*;
    miral::SetCommandLineHandler::?SetCommandLineHandler*;
    miral::SetCommandLineHandler::SetCommandLineHandler*;
    miral::SetCommandLineHandler::operator*;
    miral::SetTerminator::?SetTerminator*;
    miral::SetTerminator::SetTerminator*;
    miral::SetTerminator::operator*;
    miral::SetWindowManagementPolicy::?SetWindowManagementPolicy*;
    miral::SetWindowManagementPolicy::SetWindowManagementPolicy*;
    miral::SetWindowManagementPolicy::operator*;
    miral::StartupInternalClient::?StartupInternalClient*;
    miral::StartupInternalClient::StartupInternalClient*;
    miral::StartupInternalClient::operator*;
    miral::WaylandExtensions::?WaylandExtensions*;
    miral::WaylandExtensions::Context::operator*;
    miral::WaylandExtensions::EnableInfo::app*;
    miral::WaylandExtensions::EnableInfo::name*;
    miral::WaylandExtensions::EnableInfo::user_preference*;
    miral::WaylandExtensions::WaylandExtensions*;
    miral::WaylandExtensions::add_extension*;
    miral::WaylandExtensions::add_extension_disabled_by_default*;
    miral::WaylandExtensions::all_supported*;
    miral::WaylandExtensions::conditionally_enable*;
    miral::WaylandExtensions::disable*;
    miral::WaylandExtensions::enable*;
    miral::WaylandExtensions::ext_session_lock_manager_v1*;
    miral::WaylandExtensions::operator*;
    miral::WaylandExtensions::recommended*;
    miral::WaylandExtensions::supported*;
    miral::WaylandExtensions::zwlr_foreign_toplevel_manager_v1*;
    miral::WaylandExtensions::zwlr_layer_shell_v1*;
    miral::WaylandExtensions::zwlr_screencopy_manager_v1*;
    miral::WaylandExtensions::zwlr_virtual_pointer_manager_v1*;
    miral::WaylandExtensions::zwp_input_method_manager_v2*;
    miral::WaylandExtensions::zwp_input_method_v1*;
    miral::WaylandExtensions::zwp_input_panel_v1*;
    miral::WaylandExtensions::zwp_virtual_keyboard_manager_v1*;
    miral::WaylandExtensions::zxdg_output_manager_v1*;
    miral::Window::?Window*;
    miral::Window::Window*;
    miral::Window::application*;
    miral::Window::move_to*;
    miral::Window::operator*;
    miral::Window::resize*;
    miral::Window::size*;
    miral::Window::top_left*;
    miral::WindowInfo::?WindowInfo*;
    miral::WindowInfo::WindowInfo*;
    miral::WindowInfo::application_id*;
    miral::WindowInfo::attached_edges*;
    miral::WindowInfo::can_be_active*;
    miral::WindowInfo::can_morph_to*;
    miral::WindowInfo::children*;
    miral::WindowInfo::clip_area*;
    miral::WindowInfo::confine_pointer*;
    miral::WindowInfo::constrain_resize*;
    miral::WindowInfo::depth_layer*;
    miral::WindowInfo::exclusive_rect*;
    miral::WindowInfo::focus_mode*;
    miral::WindowInfo::has_output_id*;
    miral::WindowInfo::height_inc*;
    miral::WindowInfo::ignore_exclusion_zones*;
    miral::WindowInfo::is_visible*;
    miral::WindowInfo::max_aspect*;
    miral::WindowInfo::max_height*;
    miral::WindowInfo::max_width*;
    miral::WindowInfo::min_aspect*;
    miral::WindowInfo::min_height*;
    miral::WindowInfo::min_width*;
    miral::WindowInfo::must_have_parent*;
    miral::WindowInfo::must_not_have_parent*;
    miral::WindowInfo::name*;
    miral::WindowInfo::needs_titlebar*;
    miral::WindowInfo::operator*;
    miral::WindowInfo::output_id*;
    miral::WindowInfo::parent*;
    miral::WindowInfo::preferred_orientation*;
    miral::WindowInfo::restore_rect*;
    miral::WindowInfo::shell_chrome*;
    miral::WindowInfo::state*;
    miral::WindowInfo::swap*;
    miral::WindowInfo::type*;
    miral::WindowInfo::userdata*;
    miral::WindowInfo::visible_on_lock_screen*;
    miral::WindowInfo::width_inc*;
    miral::WindowInfo::window*;
    miral::WindowManagementPolicy::?WindowManagementPolicy*;
    miral::WindowManagementPolicy::WindowManagementPolicy*;
    miral::WindowManagementPolicy::advise_adding_to_workspace*;
    miral::WindowManagementPolicy::advise_application_zone_create*;
    miral::WindowManagementPolicy::advise_application_zone_delete*;
    miral::WindowManagementPolicy::advise_application_zone_update*;
    miral::WindowManagementPolicy::advise_begin*;
    miral::WindowManagementPolicy::advise_delete_app*;
    miral::WindowManagementPolicy::advise_delete_window*;
    miral::WindowManagementPolicy::advise_end*;
    miral::WindowManagementPolicy::advise_focus_gained*;
    miral::WindowManagementPolicy::advise_focus_lost*;
    miral::WindowManagementPolicy::advise_move_to*;
    miral::WindowManagementPolicy::advise_new_app*;
    miral::WindowManagementPolicy::advise_new_window*;
    miral::WindowManagementPolicy::advise_output_create*;
    miral::WindowManagementPolicy::advise_output_delete*;
    miral::WindowManagementPolicy::advise_output_update*;
    miral::WindowManagementPolicy::advise_raise*;
    miral::WindowManagementPolicy::advise_removing_from_workspace*;
    miral::WindowManagementPolicy::advise_resize*;
    miral::WindowManagementPolicy::advise_state_change*;
    miral::WindowManagementPolicy::operator*;
    miral::WindowManagerOptions::WindowManagerOptions*;
    miral::WindowManagerOptions::operator*;
    miral::WindowManagerTools::?WindowManagerTools*;
    miral::WindowManagerTools::WindowManagerTools*;
    miral::WindowManagerTools::active_application_zone*;
    miral::WindowManagerTools::active_output*;
    miral::WindowManagerTools::active_window*;
    miral::WindowManagerTools::add_tree_to_workspace*;
    miral::WindowManagerTools::ask_client_to_close*;
    miral::WindowManagerTools::can_select_window*;
    miral::WindowManagerTools::count_applications*;
    miral::WindowManagerTools::create_workspace*;
    miral::WindowManagerTools::drag_active_window*;
    miral::WindowManagerTools::drag_window*;
    miral::WindowManagerTools::find_application*;
    miral::WindowManagerTools::focus_next_application*;
    miral::WindowManagerTools::focus_next_within_application*;
    miral::WindowManagerTools::focus_prev_application*;
    miral::WindowManagerTools::focus_prev_within_application*;
    miral::WindowManagerTools::for_each_application*;
    miral::WindowManagerTools::for_each_window_in_workspace*;
    miral::WindowManagerTools::for_each_workspace_containing*;
    miral::WindowManagerTools::id_for_window*;
    miral::WindowManagerTools::info_for*;
    miral::WindowManagerTools::info_for_window_id*;
    miral::WindowManagerTools::invoke_under_lock*;
    miral::WindowManagerTools::modify_window*;
    miral::WindowManagerTools::move_workspace_content_to_workspace*;
    miral::WindowManagerTools::operator*;
    miral::WindowManagerTools::place_and_size_for_state*;
    miral::WindowManagerTools::raise_tree*;
    miral::WindowManagerTools::remove_tree_from_workspace*;
    miral::WindowManagerTools::select_active_window*;
    miral::WindowManagerTools::send_tree_to_back*;
    miral::WindowManagerTools::swap_tree_order*;
    miral::WindowManagerTools::window_at*;
    miral::WindowManagerTools::window_to_select_application*;
    miral::WindowSpecification::?WindowSpecification*;
    miral::WindowSpecification::WindowSpecification*;
    miral::WindowSpecification::application_id*;
    miral::WindowSpecification::attached_edges*;
    miral::WindowSpecification::aux_rect*;
    miral::WindowSpecification::aux_rect_placement_gravity*;
    miral::WindowSpecification::aux_rect_placement_offset*;
    miral::WindowSpecification::confine_pointer*;
    miral::WindowSpecification::depth_layer*;
    miral::WindowSpecification::exclusive_rect*;
    miral::WindowSpecification::focus_mode*;
    miral::WindowSpecification::height_inc*;
    miral::WindowSpecification::ignore_exclusion_zones*;
    miral::WindowSpecification::input_mode*;
    miral::WindowSpecification::input_shape*;
    miral::WindowSpecification::max_aspect*;
    miral::WindowSpecification::max_height*;
    miral::WindowSpecification::max_width*;
    miral::WindowSpecification::min_aspect*;
    miral::WindowSpecification::min_height*;
    miral::WindowSpecification::min_width*;
    miral::WindowSpecification::name*;
    miral::WindowSpecification::operator*;
    miral::WindowSpecification::output_id*;
    miral::WindowSpecification::parent*;
    miral::WindowSpecification::placement_hints*;
    miral::WindowSpecification::preferred_orientation*;
    miral::WindowSpecification::server_side_decorated*;
    miral::WindowSpecification::shell_chrome*;
    miral::WindowSpecification::size*;
    miral::WindowSpecification::state*;
    miral::WindowSpecification::top_left*;
    miral::WindowSpecification::type*;
    miral::WindowSpecification::userdata*;
    miral::WindowSpecification::visible_on_lock_screen*;
    miral::WindowSpecification::width_inc*;
    miral::WindowSpecification::window_placement_gravity*;
    miral::X11Support::?X11Support*;
    miral::X11Support::X11Support*;
    miral::X11Support::default_to_enabled*;
    miral::X11Support::operator*;
    miral::Zone::?Zone*;
    miral::Zone::Zone*;
    miral::Zone::extents*;
    miral::Zone::id*;
    miral::Zone::is_same_zone*;
    miral::Zone::operator*;
    miral::application_for*;
    miral::apply_lifecycle_state_to*;
    miral::display_configuration_options*;
    miral::equivalent_display_area*;
    miral::kill*;
    miral::name_of*;
    miral::operator*;
    miral::pid_of*;
    miral::pre_init*;
    miral::socket_fd_of*;
    miral::toolkit::mir_event_get_input_event*;
    miral::toolkit::mir_event_get_type*;
    miral::toolkit::mir_input_event_get_event*;
    miral::toolkit::mir_input_event_get_event_time*;
    miral::toolkit::mir_input_event_get_keyboard_event*;
    miral::toolkit::mir_input_event_get_pointer_event*;
    miral::toolkit::mir_input_event_get_touch_event*;
    miral::toolkit::mir_input_event_get_type*;
    miral::toolkit::mir_keyboard_event_action*;
    miral::toolkit::mir_keyboard_event_input_event*;
    miral::toolkit::mir_keyboard_event_key_text*;
    miral::toolkit::mir_keyboard_event_keysym*;
    miral::toolkit::mir_keyboard_event_modifiers*;
    miral::toolkit::mir_keyboard_event_scan_code*;
    miral::toolkit::mir_pointer_event_action*;
    miral::toolkit::mir_pointer_event_axis_value*;
    miral::toolkit::mir_pointer_event_button_state*;
    miral::toolkit::mir_pointer_event_buttons*;
    miral::toolkit::mir_pointer_event_input_event*;
    miral::toolkit::mir_pointer_event_modifiers*;
    miral::toolkit::mir_touch_event_action*;
    miral::toolkit::mir_touch_event_axis_value*;
    miral::toolkit::mir_touch_event_id*;
    miral::toolkit::mir_touch_event_input_event*;
    miral::toolkit::mir_touch_event_modifiers*;
    miral::toolkit::mir_touch_event_point_count*;
    miral::toolkit::mir_touch_event_tooltype*;
    miral::window_for*;
    non-virtual?thunk?to?miral::ApplicationAuthorizer::?ApplicationAuthorizer*;
    non-virtual?thunk?to?miral::CanonicalWindowManagerPolicy::advise_focus_gained*;
    non-virtual?thunk?to?miral::CanonicalWindowManagerPolicy::confirm_inherited_move*;
    non-virtual?thunk?to?miral::CanonicalWindowManagerPolicy::confirm_placement_on_display*;
    non-virtual?thunk?to?miral::CanonicalWindowManagerPolicy::handle_modify_window*;
    non-virtual?thunk?to?miral::CanonicalWindowManagerPolicy::handle_raise_window*;
    non-virtual?thunk?to?miral::CanonicalWindowManagerPolicy::handle_window_ready*;
    non-virtual?thunk?to?miral::CanonicalWindowManagerPolicy::place_new_window*;
    non-virtual?thunk?to?miral::FdHandle::?FdHandle*;
    non-virtual?thunk?to?miral::MinimalWindowManager::?MinimalWindowManager*;
    non-virtual?thunk?to?miral::MinimalWindowManager::advise_delete_app*;
    non-virtual?thunk?to?miral::MinimalWindowManager::advise_delete_window*;
    non-virtual?thunk?to?miral::MinimalWindowManager::advise_focus_gained*;
    non-virtual?thunk?to?miral::MinimalWindowManager::advise_focus_lost*;
    non-virtual?thunk?to?miral::MinimalWindowManager::advise_new_app*;
    non-virtual?thunk?to?miral::MinimalWindowManager::advise_new_window*;
    non-virtual?thunk?to?miral::MinimalWindowManager::confirm_inherited_move*;
    non-virtual?thunk?to?miral::MinimalWindowManager::confirm_placement_on_display*;
    non-virtual?thunk?to?miral::MinimalWindowManager::handle_keyboard_event*;
    non-virtual?thunk?to?miral::MinimalWindowManager::handle_modify_window*;
    non-virtual?thunk?to?miral::MinimalWindowManager::handle_pointer_event*;
    non-virtual?thunk?to?miral::MinimalWindowManager::handle_raise_window*;
    non-virtual?thunk?to?miral::MinimalWindowManager::handle_request_move*;
    non-virtual?thunk?to?miral::MinimalWindowManager::handle_request_resize*;
    non-virtual?thunk?to?miral::MinimalWindowManager::handle_touch_event*;
    non-virtual?thunk?to?miral::MinimalWindowManager::handle_window_ready*;
    non-virtual?thunk?to?miral::MinimalWindowManager::place_new_window*;
    non-virtual?thunk?to?miral::WaylandExtensions::Context::?Context*;
    non-virtual?thunk?to?miral::WindowManagementPolicy::?WindowManagementPolicy*;
    non-virtual?thunk?to?miral::WindowManagementPolicy::advise_adding_to_workspace*;
    non-virtual?thunk?to?miral::WindowManagementPolicy::advise_application_zone_create*;
    non-virtual?thunk?to?miral::WindowManagementPolicy::advise_application_zone_delete*;
    non-virtual?thunk?to?miral::WindowManagementPolicy::advise_application_zone_update*;
    non-virtual?thunk?to?miral::WindowManagementPolicy::advise_begin*;
    non-virtual?thunk?to?miral::WindowManagementPolicy::advise_delete_app*;
    non-virtual?thunk?to?miral::WindowManagementPolicy::advise_delete_window*;
    non-virtual?thunk?to?miral::WindowManagementPolicy::advise_end*;
    non-virtual?thunk?to?miral::WindowManagementPolicy::advise_focus_gained*;
    non-virtual?thunk?to?miral::WindowManagementPolicy::advise_focus_lost*;
    non-virtual?thunk?to?miral::WindowManagementPolicy::advise_move_to*;
    non-virtual?thunk?to?miral::WindowManagementPolicy::advise_new_app*;
    non-virtual?thunk?to?miral::WindowManagementPolicy::advise_new_window*;
    non-virtual?thunk?to?miral::WindowManagementPolicy::advise_output_create*;
    non-virtual?thunk?to?miral::WindowManagementPolicy::advise_output_delete*;
    non-virtual?thunk?to?miral::WindowManagementPolicy::advise_output_update*;
    non-virtual?thunk?to?miral::WindowManagementPolicy::advise_raise*;
    non-virtual?thunk?to?miral::WindowManagementPolicy::advise_removing_from_workspace*;
    non-virtual?thunk?to?miral::WindowManagementPolicy::advise_resize*;
    non-virtual?thunk?to?miral::WindowManagementPolicy::advise_state_change*;
    typeinfo?for?miral::AddInitCallback;
    typeinfo?for?miral::AppendEventFilter;
    typeinfo?for?miral::ApplicationAuthorizer;
    typeinfo?for?miral::ApplicationCredentials;
    typeinfo?for?miral::ApplicationInfo;
    typeinfo?for?miral::BasicSetApplicationAuthorizer;
    typeinfo?for?miral::CanonicalWindowManagerPolicy;
    typeinfo?for?miral::ConfigurationOption;
    typeinfo?for?miral::CursorTheme;
    typeinfo?for?miral::CustomRenderer;
    typeinfo?for?miral::DisplayConfiguration;
    typeinfo?for?miral::ExternalClientLauncher;
    typeinfo?for?miral::FdHandle;
    typeinfo?for?miral::InternalClientLauncher;
    typeinfo?for?miral::Keymap;
    typeinfo?for?miral::MinimalWindowManager;
    typeinfo?for?miral::MirRunner;
    typeinfo?for?miral::Output::PhysicalSizeMM;
    typeinfo?for?miral::Output;
    typeinfo?for?miral::PrependEventFilter;
    typeinfo?for?miral::SessionLockListener;
    typeinfo?for?miral::SetCommandLineHandler;
    typeinfo?for?miral::SetTerminator;
    typeinfo?for?miral::SetWindowManagementPolicy;
    typeinfo?for?miral::StartupInternalClient;
    typeinfo?for?miral::WaylandExtensions::Builder;
    typeinfo?for?miral::WaylandExtensions::Context;
    typeinfo?for?miral::WaylandExtensions::EnableInfo;
    typeinfo?for?miral::WaylandExtensions;
    typeinfo?for?miral::Window;
    typeinfo?for?miral::WindowInfo;
    typeinfo?for?miral::WindowManagementPolicy;
    typeinfo?for?miral::WindowManagerOption;
    typeinfo?for?miral::WindowManagerOptions;
    typeinfo?for?miral::WindowManagerTools;
    typeinfo?for?miral::WindowSpecification::AspectRatio;
    typeinfo?for?miral::WindowSpecification;
    typeinfo?for?miral::X11Support;
    typeinfo?for?miral::Zone;
    vtable?for?miral::ApplicationAuthorizer;
    vtable?for?miral::CanonicalWindowManagerPolicy;
    vtable?for?miral::FdHandle;
    vtable?for?miral::MinimalWindowManager;
    vtable?for?miral::WindowManagementPolicy;
  };
local: *;
};

MIRAL_5.1 {
global:
  extern "C++" {
    miral::ConfigFile::?ConfigFile*;
    miral::ConfigFile::ConfigFile*;
    miral::Decorations::Decorations*;
    miral::Decorations::always_csd*;
    miral::Decorations::always_ssd*;
    miral::Decorations::operator*;
    miral::Decorations::prefer_csd*;
    miral::Decorations::prefer_ssd*;
    miral::IdleListener::?IdleListener*;
    miral::IdleListener::IdleListener*;
    miral::IdleListener::on_dim*;
    miral::IdleListener::on_off*;
    miral::IdleListener::on_wake*;
    miral::IdleListener::operator*;
    miral::InputConfiguration::?InputConfiguration*;
    miral::InputConfiguration::InputConfiguration*;
    miral::InputConfiguration::Mouse::?Mouse*;
    miral::InputConfiguration::Mouse::Mouse*;
    miral::InputConfiguration::Mouse::acceleration*;
    miral::InputConfiguration::Mouse::acceleration_bias*;
    miral::InputConfiguration::Mouse::handedness*;
    miral::InputConfiguration::Mouse::hscroll_speed*;
    miral::InputConfiguration::Mouse::operator*;
    miral::InputConfiguration::Mouse::vscroll_speed*;
    miral::InputConfiguration::Touchpad::?Touchpad*;
    miral::InputConfiguration::Touchpad::Touchpad*;
    miral::InputConfiguration::Touchpad::acceleration*;
    miral::InputConfiguration::Touchpad::acceleration_bias*;
    miral::InputConfiguration::Touchpad::click_mode*;
    miral::InputConfiguration::Touchpad::disable_while_typing*;
    miral::InputConfiguration::Touchpad::disable_with_external_mouse*;
    miral::InputConfiguration::Touchpad::hscroll_speed*;
    miral::InputConfiguration::Touchpad::operator*;
    miral::InputConfiguration::Touchpad::scroll_mode*;
    miral::InputConfiguration::Touchpad::tap_to_click*;
    miral::InputConfiguration::Touchpad::vscroll_speed*;
    miral::InputConfiguration::mouse*;
    miral::InputConfiguration::operator*;
    miral::InputConfiguration::touchpad*;
    miral::WindowManagerTools::move_cursor_to*;
    typeinfo?for?miral::ConfigFile;
    typeinfo?for?miral::Decorations;
    typeinfo?for?miral::IdleListener;
    typeinfo?for?miral::InputConfiguration::Mouse;
    typeinfo?for?miral::InputConfiguration::Touchpad;
    typeinfo?for?miral::InputConfiguration;
  };
} MIRAL_5.0;

MIRAL_5.2 {
global:
  extern "C++" {
    miral::CustomDecorations::CustomDecorations*;
    miral::CustomDecorations::operator*;
    miral::Decoration::Decoration*;
    miral::Decoration::create_manager*;
    miral::Decoration::redraw_notifier*;
    miral::DecorationAdapter::DecorationAdapter*;
    miral::DecorationAdapter::init*;
    miral::DecorationAdapter::redraw_notifier*;
    miral::DecorationAdapter::set_custom_geometry*;
    miral::DecorationAdapter::to_decoration*;
    miral::DecorationAdapter::update*;
    miral::DecorationBasicManager::DecorationBasicManager*;
    miral::DecorationBasicManager::to_adapter*;
    miral::DecorationManagerBuilder::build*;
    miral::DecorationManagerBuilder::done*;
    miral::DecorationRedrawNotifier::notify*;
    miral::DecorationRedrawNotifier::register_listener*;
    miral::DeviceEvent::DeviceEvent*;
    miral::DeviceEvent::location*;
    miral::DeviceEvent::operator*;
    miral::DeviceEvent::pressed*;
    miral::InputContext::InputContext*;
    miral::InputContext::request_close*;
    miral::InputContext::request_minimize*;
    miral::InputContext::request_move*;
    miral::InputContext::request_resize*;
    miral::InputContext::request_toggle_maximize*;
    miral::InputContext::set_cursor*;
    miral::InputResolverAdapter::InputResolverAdapter*;
    miral::Renderer::Buffer::?Buffer*;
    miral::Renderer::Buffer::Buffer*;
    miral::Renderer::Buffer::get*;
    miral::Renderer::Buffer::resize*;
    miral::Renderer::Buffer::size*;
    miral::Renderer::Buffer::stream*;
    miral::Renderer::BufferStreams::?BufferStreams*;
    miral::Renderer::BufferStreams::BufferStreams*;
    miral::Renderer::BufferStreams::create_buffer_stream*;
    miral::Renderer::Renderer*;
    miral::Renderer::area*;
    miral::Renderer::make_buffer*;
    miral::Renderer::render_row*;
    miral::Renderer::streams_to_spec*;
    miral::Renderer::update_render_submit*;
    miral::Renderer::update_state*;
    miral::decoration::DecorationAdapter::DecorationAdapter*;
    miral::decoration::DecorationAdapter::init*;
    miral::decoration::DecorationAdapter::redraw_notifier*;
    miral::decoration::DecorationAdapter::set_custom_geometry*;
    miral::decoration::DecorationAdapter::to_decoration*;
    miral::decoration::DecorationAdapter::update*;
    miral::decoration::InputContext::InputContext*;
    miral::decoration::InputContext::request_close*;
    miral::decoration::InputContext::request_minimize*;
    miral::decoration::InputContext::request_move*;
    miral::decoration::InputContext::request_resize*;
    miral::decoration::InputContext::request_toggle_maximize*;
    miral::decoration::InputContext::set_cursor*;
    miral::decoration::Renderer::Buffer::?Buffer*;
    miral::decoration::Renderer::Buffer::Buffer*;
    miral::decoration::Renderer::Buffer::get*;
    miral::decoration::Renderer::Buffer::resize*;
    miral::decoration::Renderer::Buffer::size*;
    miral::decoration::Renderer::Buffer::stream*;
    miral::decoration::Renderer::Renderer*;
    miral::decoration::Renderer::area*;
    miral::decoration::Renderer::buffer_format*;
    miral::decoration::Renderer::bytes_per_pixel*;
    miral::decoration::Renderer::fill_solid_color*;
    miral::decoration::Renderer::render_rect_scaled*;
    miral::decoration::Renderer::render_row*;
    miral::decoration::Renderer::render_row_unscaled*;
    miral::decoration::Renderer::scale*;
    miral::decoration::Renderer::scale_changed*;
    miral::decoration::Renderer::streams_to_spec*;
    miral::decoration::Renderer::update_render_submit*;
    miral::decoration::Renderer::update_state*;
    miral::decoration::WindowState::WindowState*;
    miral::decoration::WindowState::border_type*;
    miral::decoration::WindowState::bottom_border_height*;
    miral::decoration::WindowState::bottom_border_rect*;
    miral::decoration::WindowState::bottom_border_width*;
    miral::decoration::WindowState::focused_state*;
    miral::decoration::WindowState::geometry*;
    miral::decoration::WindowState::left_border_rect*;
    miral::decoration::WindowState::resize_corner_input_size*;
    miral::decoration::WindowState::right_border_rect*;
    miral::decoration::WindowState::scale*;
    miral::decoration::WindowState::side_border_height*;
    miral::decoration::WindowState::side_border_width*;
    miral::decoration::WindowState::titlebar_height*;
    miral::decoration::WindowState::titlebar_rect*;
    miral::decoration::WindowState::titlebar_width*;
    miral::decoration::WindowState::window_name*;
    miral::decoration::WindowState::window_size*;
    typeinfo?for?StaticGeometry;
    typeinfo?for?WindowState;
    typeinfo?for?miral::CustomDecorations;
    typeinfo?for?miral::Decoration;
    typeinfo?for?miral::DecorationAdapter;
    typeinfo?for?miral::DecorationBasicManager;
    typeinfo?for?miral::DecorationManagerBuilder;
    typeinfo?for?miral::DecorationRedrawNotifier;
    typeinfo?for?miral::DeviceEvent;
    typeinfo?for?miral::InputContext;
    typeinfo?for?miral::InputResolverAdapter;
    typeinfo?for?miral::Renderer::Buffer;
    typeinfo?for?miral::Renderer::BufferStreams;
    typeinfo?for?miral::Renderer;
    typeinfo?for?miral::decoration::DecorationAdapter;
    typeinfo?for?miral::decoration::InputContext;
    typeinfo?for?miral::decoration::Renderer::Buffer;
    typeinfo?for?miral::decoration::Renderer;
    typeinfo?for?miral::decoration::StaticGeometry;
    typeinfo?for?miral::decoration::WindowState;
  };
} MIRAL_5.1;

