MIR_SERVER_27 {
 global:
  extern "C++" {
# Symbols not yet picked up by script
    vtable?for?mir::input::NullInputDispatcher;
    VTT?for?mir::DefaultServerConfiguration;
    
# The following symbols come from running a script over the generated docs. Vis:
# ../tools/process_doxygen_xml.py doc/xml/*.xml | grep "^mirserver public" | sed "s/mirserver public: /    /" | sort  
    mir::compositor::Compositor::Compositor*;
    mir::compositor::Compositor::operator*;
    mir::compositor::Compositor::start*;
    mir::compositor::Compositor::stop*;
    mir::compositor::Scene::add_observer*;
    mir::compositor::SceneElement::is_a_surface*;
    mir::compositor::SceneElement::occluded_in*;
    mir::compositor::SceneElement::operator*;
    mir::compositor::SceneElement::renderable*;
    mir::compositor::SceneElement::rendered_in*;
    mir::compositor::SceneElement::?SceneElement*;
    mir::compositor::SceneElement::SceneElement*;
    mir::compositor::Scene::register_compositor*;
    mir::compositor::Scene::remove_observer*;
    mir::compositor::Scene::Scene*;
    mir::compositor::Scene::scene_elements_for*;
    mir::compositor::Scene::unregister_compositor*;
    mir::DefaultServerConfiguration::clock*;
    mir::DefaultServerConfiguration::DefaultServerConfiguration*;
    mir::DefaultServerConfiguration::is_key_repeat_enabled*;
    mir::DefaultServerConfiguration::new_ipc_factory*;
    mir::DefaultServerConfiguration::the_android_input_dispatcher*;
    mir::DefaultServerConfiguration::the_buffer_allocator*;
    mir::DefaultServerConfiguration::the_buffer_initializer*;
    mir::DefaultServerConfiguration::the_buffer_stream_factory*;
    mir::DefaultServerConfiguration::the_buffer_writer*;
    mir::DefaultServerConfiguration::the_clock*;
    mir::DefaultServerConfiguration::the_composite_event_filter*;
    mir::DefaultServerConfiguration::the_compositor*;
    mir::DefaultServerConfiguration::the_compositor_report*;
    mir::DefaultServerConfiguration::the_connection_creator*;
    mir::DefaultServerConfiguration::the_connector*;
    mir::DefaultServerConfiguration::the_connector_report*;
    mir::DefaultServerConfiguration::the_cursor*;
    mir::DefaultServerConfiguration::the_cursor_images*;
    mir::DefaultServerConfiguration::the_cursor_listener*;
    mir::DefaultServerConfiguration::the_default_cursor_image*;
    mir::DefaultServerConfiguration::the_dispatcher_policy*;
    mir::DefaultServerConfiguration::the_dispatcher_thread*;
    mir::DefaultServerConfiguration::the_display*;
    mir::DefaultServerConfiguration::the_display_buffer_compositor_factory*;
    mir::DefaultServerConfiguration::the_display_changer*;
    mir::DefaultServerConfiguration::the_display_configuration_policy*;
    mir::DefaultServerConfiguration::the_display_report*;
    mir::DefaultServerConfiguration::the_emergency_cleanup*;
    mir::DefaultServerConfiguration::the_event_hub*;
    mir::DefaultServerConfiguration::the_fatal_error_strategy*;
    mir::DefaultServerConfiguration::the_focus_controller*;
    mir::DefaultServerConfiguration::the_frame_dropping_policy_factory*;
    mir::DefaultServerConfiguration::the_frontend_display_changer*;
    mir::DefaultServerConfiguration::the_frontend_shell*;
    mir::DefaultServerConfiguration::the_gl_config*;
    mir::DefaultServerConfiguration::the_global_event_sink*;
    mir::DefaultServerConfiguration::the_gl_program_factory*;
    mir::DefaultServerConfiguration::the_graphics_native_platform*;
    mir::DefaultServerConfiguration::the_graphics_platform*;
    mir::DefaultServerConfiguration::the_host_connection*;
    mir::DefaultServerConfiguration::the_host_lifecycle_event_listener*;
    mir::DefaultServerConfiguration::the_input_channel_factory*;
    mir::DefaultServerConfiguration::the_input_configuration*;
    mir::DefaultServerConfiguration::the_input_dispatcher*;
    mir::DefaultServerConfiguration::the_input_manager*;
    mir::DefaultServerConfiguration::the_input_reader*;
    mir::DefaultServerConfiguration::the_input_reader_policy*;
    mir::DefaultServerConfiguration::the_input_reader_thread*;
    mir::DefaultServerConfiguration::the_input_region*;
    mir::DefaultServerConfiguration::the_input_registrar*;
    mir::DefaultServerConfiguration::the_input_report*;
    mir::DefaultServerConfiguration::the_input_scene*;
    mir::DefaultServerConfiguration::the_input_sender*;
    mir::DefaultServerConfiguration::the_input_send_observer*;
    mir::DefaultServerConfiguration::the_input_target_enumerator*;
    mir::DefaultServerConfiguration::the_input_targeter*;
    mir::DefaultServerConfiguration::the_input_translator*;
    mir::DefaultServerConfiguration::the_logger*;
    mir::DefaultServerConfiguration::the_main_loop*;
    mir::DefaultServerConfiguration::the_mediating_display_changer*;
    mir::DefaultServerConfiguration::the_message_processor_report*;
    mir::DefaultServerConfiguration::the_options*;
    mir::DefaultServerConfiguration::the_pixel_buffer*;
    mir::DefaultServerConfiguration::the_placement_strategy*;
    mir::DefaultServerConfiguration::the_prompt_connection_creator*;
    mir::DefaultServerConfiguration::the_prompt_connector*;
    mir::DefaultServerConfiguration::the_prompt_session_listener*;
    mir::DefaultServerConfiguration::the_prompt_session_manager*;
    mir::DefaultServerConfiguration::the_renderer_factory*;
    mir::DefaultServerConfiguration::the_scene*;
    mir::DefaultServerConfiguration::the_scene_report*;
    mir::DefaultServerConfiguration::the_screencast*;
    mir::DefaultServerConfiguration::the_server_action_queue*;
    mir::DefaultServerConfiguration::the_server_status_listener*;
    mir::DefaultServerConfiguration::the_session_authorizer*;
    mir::DefaultServerConfiguration::the_session_container*;
    mir::DefaultServerConfiguration::the_session_coordinator*;
    mir::DefaultServerConfiguration::the_session_event_handler_register*;
    mir::DefaultServerConfiguration::the_session_event_sink*;
    mir::DefaultServerConfiguration::the_session_listener*;
    mir::DefaultServerConfiguration::the_session_mediator_report*;
    mir::DefaultServerConfiguration::the_shell_display_layout*;
    mir::DefaultServerConfiguration::the_shell_focus_setter*;
    mir::DefaultServerConfiguration::the_snapshot_strategy*;
    mir::DefaultServerConfiguration::the_socket_file*;
    mir::DefaultServerConfiguration::the_surface_configurator*;
    mir::DefaultServerConfiguration::the_surface_coordinator*;
    mir::DefaultServerConfiguration::the_surface_factory*;
    mir::DefaultServerConfiguration::the_surface_stack_model*;
    mir::DefaultServerConfiguration::the_touch_visualizer*;
    mir::DefaultServerConfiguration::wrap_session_coordinator*;
    mir::DefaultServerConfiguration::wrap_surface_coordinator*;
    mir::DisplayServer::?DisplayServer*;
    mir::DisplayServer::DisplayServer*;
    mir::DisplayServer::run*;
    mir::DisplayServer::stop*;
    mir::EmergencyCleanup::operator*;
    mir::frontend::as_internal_surface*;
    mir::frontend::DisplayChanger::active_configuration*;
    mir::frontend::DisplayChanger::configure*;
    mir::frontend::DisplayChanger::?DisplayChanger*;
    mir::frontend::DisplayChanger::DisplayChanger*;
    mir::frontend::DisplayChanger::operator*;
    mir::frontend::EventSink::?EventSink*;
    mir::frontend::EventSink::EventSink*;
    mir::frontend::EventSink::handle_display_config_change*;
    mir::frontend::EventSink::handle_event*;
    mir::frontend::EventSink::handle_lifecycle_event*;
    mir::frontend::EventSink::operator*;
    mir::frontend::PromptSession::operator*;
    mir::frontend::PromptSession::?PromptSession*;
    mir::frontend::PromptSession::PromptSession*;
    mir::frontend::Screencast::capture*;
    mir::frontend::Screencast::create_session*;
    mir::frontend::Screencast::destroy_session*;
    mir::frontend::Screencast::operator*;
    mir::frontend::Screencast::?Screencast*;
    mir::frontend::Screencast::Screencast*;
    mir::frontend::SessionAuthorizer::configure_display_is_allowed*;
    mir::frontend::SessionAuthorizer::connection_is_allowed*;
    mir::frontend::SessionAuthorizer::operator*;
    mir::frontend::SessionAuthorizer::prompt_session_is_allowed*;
    mir::frontend::SessionAuthorizer::screencast_is_allowed*;
    mir::frontend::SessionAuthorizer::?SessionAuthorizer*;
    mir::frontend::SessionAuthorizer::SessionAuthorizer*;
    mir::frontend::Session::create_surface*;
    mir::frontend::SessionCredentials::gid*;
    mir::frontend::SessionCredentials::pid*;
    mir::frontend::SessionCredentials::SessionCredentials*;
    mir::frontend::SessionCredentials::uid*;
    mir::frontend::Session::destroy_surface*;
    mir::frontend::Session::get_surface*;
    mir::frontend::Session::hide*;
    mir::frontend::SessionMediatorReport::session_configure_display_called*;
    mir::frontend::SessionMediatorReport::session_configure_surface_called*;
    mir::frontend::SessionMediatorReport::session_configure_surface_cursor_called*;
    mir::frontend::SessionMediatorReport::session_connect_called*;
    mir::frontend::SessionMediatorReport::session_create_surface_called*;
    mir::frontend::SessionMediatorReport::session_disconnect_called*;
    mir::frontend::SessionMediatorReport::session_drm_auth_magic_called*;
    mir::frontend::SessionMediatorReport::session_error*;
    mir::frontend::SessionMediatorReport::session_exchange_buffer_called*;
    mir::frontend::SessionMediatorReport::session_next_buffer_called*;
    mir::frontend::SessionMediatorReport::session_release_surface_called*;
    mir::frontend::SessionMediatorReport::session_start_prompt_session_called*;
    mir::frontend::SessionMediatorReport::session_stop_prompt_session_called*;
    mir::frontend::Session::name*;
    mir::frontend::Session::operator*;
    mir::frontend::Session::?Session*;
    mir::frontend::Session::Session*;
    mir::frontend::Session::show*;
    mir::frontend::Shell::add_prompt_provider_for*;
    mir::frontend::Shell::close_session*;
    mir::frontend::Shell::handle_surface_created*;
    mir::frontend::Shell::open_session*;
    mir::frontend::Shell::operator*;
    mir::frontend::Shell::?Shell*;
    mir::frontend::Shell::Shell*;
    mir::frontend::Shell::start_prompt_session_for*;
    mir::frontend::Shell::stop_prompt_session*;
    mir::frontend::Surface::client_input_fd*;
    mir::frontend::Surface::client_size*;
    mir::frontend::Surface::configure*;
    mir::frontend::Surface::operator*;
    mir::frontend::Surface::pixel_format*;
    mir::frontend::Surface::query*;
    mir::frontend::Surface::set_cursor_image*;
    mir::frontend::Surface::supports_input*;
    mir::frontend::Surface::?Surface*;
    mir::frontend::Surface::Surface*;
    mir::frontend::Surface::swap_buffers*;
    mir::frontend::Surface::swap_buffers_blocking*;
    mir::input::CompositeEventFilter::append*;
    mir::input::CompositeEventFilter::prepend*;
    mir::input::CursorImages::?CursorImages*;
    mir::input::CursorImages::CursorImages*;
    mir::input::CursorImages::image*;
    mir::input::CursorImages::operator*;
    mir::input::CursorListener::?CursorListener*;
    mir::input::CursorListener::CursorListener*;
    mir::input::CursorListener::cursor_moved_to*;
    mir::input::CursorListener::operator*;
    mir::input::EventFilter::?EventFilter*;
    mir::input::EventFilter::EventFilter*;
    mir::input::EventFilter::handle*;
    mir::input::EventFilter::operator*;
    mir::input::InputChannel::client_fd*;
    mir::input::InputChannel::InputChannel*;
    mir::input::InputChannel::operator*;
    mir::input::InputChannel::server_fd*;
    mir::input::InputDispatcher::configuration_changed*;
    mir::input::InputDispatcher::device_reset*;
    mir::input::InputDispatcher::dispatch*;
    mir::input::InputDispatcher::?InputDispatcher*;
    mir::input::InputDispatcher::start*;
    mir::input::InputDispatcher::stop*;
    mir::input::InputManager::InputManager*;
    mir::input::InputManager::operator*;
    mir::input::InputManager::start*;
    mir::input::InputManager::stop*;
    mir::input::Surface::consume*;
    mir::input::Surface::cursor_image*;
    mir::input::Surface::input_area_contains*;
    mir::input::Surface::input_bounds*;
    mir::input::Surface::input_channel*;
    mir::input::Surface::name*;
    mir::input::Surface::operator*;
    mir::input::Surface::reception_mode*;
    mir::input::Surface::?Surface*;
    mir::input::Surface::Surface*;
    mir::input::TouchVisualizer::disable*;
    mir::input::TouchVisualizer::enable*;
    mir::input::TouchVisualizer::operator*;
    mir::input::TouchVisualizer::?TouchVisualizer*;
    mir::input::TouchVisualizer::TouchVisualizer*;
    mir::input::TouchVisualizer::visualize_touches*;
    mir::MainLoop::run*;
    mir::MainLoop::stop*;
    mir::report_exception*;
    mir::run_mir*;
    mir::scene::a_surface*;
    mir::scene::NullSurfaceObserver::alpha_set_to*;
    mir::scene::NullSurfaceObserver::attrib_changed*;
    mir::scene::NullSurfaceObserver::cursor_image_set_to*;
    mir::scene::NullSurfaceObserver::frame_posted*;
    mir::scene::NullSurfaceObserver::hidden_set_to*;
    mir::scene::NullSurfaceObserver::moved_to*;
    mir::scene::NullSurfaceObserver::?NullSurfaceObserver*;
    mir::scene::NullSurfaceObserver::NullSurfaceObserver*;
    mir::scene::NullSurfaceObserver::operator*;
    mir::scene::NullSurfaceObserver::orientation_set_to*;
    mir::scene::NullSurfaceObserver::reception_mode_set_to*;
    mir::scene::NullSurfaceObserver::resized_to*;
    mir::scene::NullSurfaceObserver::transformation_set_to*;
    mir::scene::Observer::end_observation*;
    mir::scene::Observer::?Observer*;
    mir::scene::Observer::Observer*;
    mir::scene::Observer::operator*;
    mir::scene::Observer::scene_changed*;
    mir::scene::Observer::surface_added*;
    mir::scene::Observer::surface_exists*;
    mir::scene::Observer::surface_removed*;
    mir::scene::Observer::surfaces_reordered*;
    mir::scene::operator*;
    mir::scene::PlacementStrategy::operator*;
    mir::scene::PlacementStrategy::place*;
    mir::scene::PlacementStrategy::?PlacementStrategy*;
    mir::scene::PlacementStrategy::PlacementStrategy*;
    mir::scene::PromptSessionListener::operator*;
    mir::scene::PromptSessionListener::prompt_provider_added*;
    mir::scene::PromptSessionListener::prompt_provider_removed*;
    mir::scene::PromptSessionListener::?PromptSessionListener*;
    mir::scene::PromptSessionListener::PromptSessionListener*;
    mir::scene::PromptSessionListener::starting*;
    mir::scene::PromptSessionListener::stopping*;
    mir::scene::PromptSessionManager::add_prompt_provider*;
    mir::scene::PromptSessionManager::application_for*;
    mir::scene::PromptSessionManager::for_each_provider_in*;
    mir::scene::PromptSessionManager::helper_for*;
    mir::scene::PromptSessionManager::operator*;
    mir::scene::PromptSessionManager::?PromptSessionManager*;
    mir::scene::PromptSessionManager::PromptSessionManager*;
    mir::scene::PromptSessionManager::remove_session*;
    mir::scene::PromptSessionManager::start_prompt_session_for*;
    mir::scene::PromptSessionManager::stop_prompt_session*;
    mir::scene::Session::default_surface*;
    mir::scene::Session::force_requests_to_complete*;
    mir::scene::SessionListener::destroying_surface*;
    mir::scene::SessionListener::focused*;
    mir::scene::SessionListener::operator*;
    mir::scene::SessionListener::?SessionListener*;
    mir::scene::SessionListener::SessionListener*;
    mir::scene::SessionListener::starting*;
    mir::scene::SessionListener::stopping*;
    mir::scene::SessionListener::surface_created*;
    mir::scene::SessionListener::unfocused*;
    mir::scene::Session::process_id*;
    mir::scene::Session::send_display_config*;
    mir::scene::Session::set_lifecycle_state*;
    mir::scene::Session::start_prompt_session*;
    mir::scene::Session::stop_prompt_session*;
    mir::scene::Session::take_snapshot*;
    mir::scene::Surface::add_observer*;
    mir::scene::Surface::allow_framedropping*;
    mir::scene::Surface::alpha*;
    mir::scene::SurfaceBufferAccess::operator*;
    mir::scene::SurfaceBufferAccess::?SurfaceBufferAccess*;
    mir::scene::SurfaceBufferAccess::SurfaceBufferAccess*;
    mir::scene::SurfaceBufferAccess::with_most_recent_buffer_do*;
    mir::scene::Surface::client_size*;
    mir::scene::Surface::compositor_snapshot*;
    mir::scene::SurfaceConfigurator::attribute_set*;
    mir::scene::SurfaceConfigurator::operator*;
    mir::scene::SurfaceConfigurator::select_attribute_value*;
    mir::scene::SurfaceConfigurator::?SurfaceConfigurator*;
    mir::scene::SurfaceConfigurator::SurfaceConfigurator*;
    mir::scene::SurfaceCoordinator::add_surface*;
    mir::scene::SurfaceCoordinator::operator*;
    mir::scene::SurfaceCoordinator::raise*;
    mir::scene::SurfaceCoordinator::remove_surface*;
    mir::scene::SurfaceCoordinator::?SurfaceCoordinator*;
    mir::scene::SurfaceCoordinator::SurfaceCoordinator*;
    mir::scene::SurfaceCreationParameters::of_buffer_usage*;
    mir::scene::SurfaceCreationParameters::of_depth*;
    mir::scene::SurfaceCreationParameters::of_name*;
    mir::scene::SurfaceCreationParameters::of_pixel_format*;
    mir::scene::SurfaceCreationParameters::of_position*;
    mir::scene::SurfaceCreationParameters::of_size*;
    mir::scene::SurfaceCreationParameters::SurfaceCreationParameters*;
    mir::scene::SurfaceCreationParameters::with_input_mode*;
    mir::scene::SurfaceCreationParameters::with_output_id*;
    mir::scene::Surface::cursor_image*;
    mir::scene::Surface::force_requests_to_complete*;
    mir::scene::Surface::hide*;
    mir::scene::Surface::input_bounds*;
    mir::scene::Surface::input_channel*;
    mir::scene::Surface::move_to*;
    mir::scene::Surface::name*;
    mir::scene::SurfaceObserver::alpha_set_to*;
    mir::scene::SurfaceObserver::attrib_changed*;
    mir::scene::SurfaceObserver::cursor_image_set_to*;
    mir::scene::SurfaceObserver::frame_posted*;
    mir::scene::SurfaceObserver::hidden_set_to*;
    mir::scene::SurfaceObserver::moved_to*;
    mir::scene::SurfaceObserver::operator*;
    mir::scene::SurfaceObserver::orientation_set_to*;
    mir::scene::SurfaceObserver::reception_mode_set_to*;
    mir::scene::SurfaceObserver::resized_to*;
    mir::scene::SurfaceObserver::?SurfaceObserver*;
    mir::scene::SurfaceObserver::SurfaceObserver*;
    mir::scene::SurfaceObserver::transformation_set_to*;
    mir::scene::Surface::remove_observer*;
    mir::scene::Surface::resize*;
    mir::scene::Surface::set_alpha*;
    mir::scene::Surface::set_cursor_image*;
    mir::scene::Surface::set_input_region*;
    mir::scene::Surface::set_orientation*;
    mir::scene::Surface::set_reception_mode*;
    mir::scene::Surface::set_transformation*;
    mir::scene::Surface::show*;
    mir::scene::Surface::size*;
    mir::scene::Surface::state*;
    mir::scene::Surface::take_input_focus*;
    mir::scene::Surface::top_left*;
    mir::scene::Surface::type*;
    mir::ServerActionQueue::enqueue*;
    mir::ServerActionQueue::operator*;
    mir::ServerActionQueue::pause_processing_for*;
    mir::ServerActionQueue::resume_processing_for*;
    mir::ServerActionQueue::?ServerActionQueue*;
    mir::ServerActionQueue::ServerActionQueue*;
    mir::ServerConfiguration::operator*;
    mir::ServerConfiguration::?ServerConfiguration*;
    mir::ServerConfiguration::ServerConfiguration*;
    mir::ServerConfiguration::the_compositor*;
    mir::ServerConfiguration::the_connector*;
    mir::ServerConfiguration::the_display*;
    mir::ServerConfiguration::the_display_changer*;
    mir::ServerConfiguration::the_emergency_cleanup*;
    mir::ServerConfiguration::the_fatal_error_strategy*;
    mir::ServerConfiguration::the_graphics_platform*;
    mir::ServerConfiguration::the_input_dispatcher*;
    mir::ServerConfiguration::the_input_manager*;
    mir::ServerConfiguration::the_main_loop*;
    mir::ServerConfiguration::the_prompt_connector*;
    mir::ServerConfiguration::the_server_status_listener*;
    mir::ServerStatusListener::operator*;
    mir::ServerStatusListener::paused*;
    mir::ServerStatusListener::resumed*;
    mir::ServerStatusListener::?ServerStatusListener*;
    mir::ServerStatusListener::ServerStatusListener*;
    mir::ServerStatusListener::started*;
    mir::shell::DisplayLayout::clip_to_output*;
    mir::shell::DisplayLayout::?DisplayLayout*;
    mir::shell::DisplayLayout::DisplayLayout*;
    mir::shell::DisplayLayout::operator*;
    mir::shell::DisplayLayout::place_in_output*;
    mir::shell::DisplayLayout::size_to_output*;
    mir::shell::FocusController::?FocusController*;
    mir::shell::FocusController::FocusController*;
    mir::shell::FocusController::focus_next*;
    mir::shell::FocusController::focussed_application*;
    mir::shell::FocusController::operator*;
    mir::shell::FocusController::set_focus_to*;
    mir::shell::FocusSetter::FocusSetter*;
    mir::shell::FocusSetter::operator*;
    mir::shell::FocusSetter::set_focus_to*;
    mir::shell::HostLifecycleEventListener::?HostLifecycleEventListener*;
    mir::shell::HostLifecycleEventListener::HostLifecycleEventListener*;
    mir::shell::HostLifecycleEventListener::lifecycle_event_occurred*;
    mir::shell::HostLifecycleEventListener::operator*;
    mir::shell::InputTargeter::focus_changed*;
    mir::shell::InputTargeter::focus_cleared*;
    mir::shell::InputTargeter::?InputTargeter*;
    mir::shell::InputTargeter::InputTargeter*;
    mir::shell::InputTargeter::operator*;
    mir::shell::SessionCoordinatorWrapper::add_prompt_provider_for*;
    mir::shell::SessionCoordinatorWrapper::close_session*;
    mir::shell::SessionCoordinatorWrapper::focus_next*;
    mir::shell::SessionCoordinatorWrapper::focussed_application*;
    mir::shell::SessionCoordinatorWrapper::handle_surface_created*;
    mir::shell::SessionCoordinatorWrapper::open_session*;
    mir::shell::SessionCoordinatorWrapper::SessionCoordinatorWrapper*;
    mir::shell::SessionCoordinatorWrapper::set_focus_to*;
    mir::shell::SessionCoordinatorWrapper::start_prompt_session_for*;
    mir::shell::SessionCoordinatorWrapper::stop_prompt_session*;
    mir::shell::SurfaceCoordinatorWrapper::add_surface*;
    mir::shell::SurfaceCoordinatorWrapper::raise*;
    mir::shell::SurfaceCoordinatorWrapper::remove_surface*;
    mir::shell::SurfaceCoordinatorWrapper::SurfaceCoordinatorWrapper*;
    mir::terminate_with_current_exception*;
    mir::time::Alarm::?Alarm*;
    mir::time::Alarm::Alarm*;
    mir::time::Alarm::cancel*;
    mir::time::Alarm::operator*;
    mir::time::Alarm::reschedule_for*;
    mir::time::Alarm::reschedule_in*;
    mir::time::Alarm::state*;
    mir::time::Timer::create_alarm*;
    mir::time::Timer::notify_at*;
    mir::time::Timer::notify_in*;
    mir::time::Timer::operator*;
    mir::time::Timer::?Timer*;
    mir::time::Timer::Timer*;
    non-virtual?thunk?to?mir::compositor::SceneElement::?SceneElement*;
    non-virtual?thunk?to?mir::DefaultServerConfiguration::is_key_repeat_enabled*;
    non-virtual?thunk?to?mir::DefaultServerConfiguration::new_ipc_factory*;
    non-virtual?thunk?to?mir::DefaultServerConfiguration::the_android_input_dispatcher*;
    non-virtual?thunk?to?mir::DefaultServerConfiguration::the_buffer_allocator*;
    non-virtual?thunk?to?mir::DefaultServerConfiguration::the_buffer_initializer*;
    non-virtual?thunk?to?mir::DefaultServerConfiguration::the_buffer_stream_factory*;
    non-virtual?thunk?to?mir::DefaultServerConfiguration::the_buffer_writer*;
    non-virtual?thunk?to?mir::DefaultServerConfiguration::the_clock*;
    non-virtual?thunk?to?mir::DefaultServerConfiguration::the_composite_event_filter*;
    non-virtual?thunk?to?mir::DefaultServerConfiguration::the_compositor*;
    non-virtual?thunk?to?mir::DefaultServerConfiguration::the_compositor_report*;
    non-virtual?thunk?to?mir::DefaultServerConfiguration::the_connection_creator*;
    non-virtual?thunk?to?mir::DefaultServerConfiguration::the_connector*;
    non-virtual?thunk?to?mir::DefaultServerConfiguration::the_connector_report*;
    non-virtual?thunk?to?mir::DefaultServerConfiguration::the_cursor*;
    non-virtual?thunk?to?mir::DefaultServerConfiguration::the_cursor_images*;
    non-virtual?thunk?to?mir::DefaultServerConfiguration::the_cursor_listener*;
    non-virtual?thunk?to?mir::DefaultServerConfiguration::the_default_cursor_image*;
    non-virtual?thunk?to?mir::DefaultServerConfiguration::the_dispatcher_policy*;
    non-virtual?thunk?to?mir::DefaultServerConfiguration::the_dispatcher_thread*;
    non-virtual?thunk?to?mir::DefaultServerConfiguration::the_display*;
    non-virtual?thunk?to?mir::DefaultServerConfiguration::the_display_buffer_compositor_factory*;
    non-virtual?thunk?to?mir::DefaultServerConfiguration::the_display_changer*;
    non-virtual?thunk?to?mir::DefaultServerConfiguration::the_display_configuration_policy*;
    non-virtual?thunk?to?mir::DefaultServerConfiguration::the_display_report*;
    non-virtual?thunk?to?mir::DefaultServerConfiguration::the_emergency_cleanup*;
    non-virtual?thunk?to?mir::DefaultServerConfiguration::the_event_hub*;
    non-virtual?thunk?to?mir::DefaultServerConfiguration::the_fatal_error_strategy*;
    non-virtual?thunk?to?mir::DefaultServerConfiguration::the_frame_dropping_policy_factory*;
    non-virtual?thunk?to?mir::DefaultServerConfiguration::the_frontend_display_changer*;
    non-virtual?thunk?to?mir::DefaultServerConfiguration::the_gl_config*;
    non-virtual?thunk?to?mir::DefaultServerConfiguration::the_global_event_sink*;
    non-virtual?thunk?to?mir::DefaultServerConfiguration::the_gl_program_factory*;
    non-virtual?thunk?to?mir::DefaultServerConfiguration::the_graphics_native_platform*;
    non-virtual?thunk?to?mir::DefaultServerConfiguration::the_graphics_platform*;
    non-virtual?thunk?to?mir::DefaultServerConfiguration::the_host_connection*;
    non-virtual?thunk?to?mir::DefaultServerConfiguration::the_host_lifecycle_event_listener*;
    non-virtual?thunk?to?mir::DefaultServerConfiguration::the_input_channel_factory*;
    non-virtual?thunk?to?mir::DefaultServerConfiguration::the_input_configuration*;
    non-virtual?thunk?to?mir::DefaultServerConfiguration::the_input_dispatcher*;
    non-virtual?thunk?to?mir::DefaultServerConfiguration::the_input_manager*;
    non-virtual?thunk?to?mir::DefaultServerConfiguration::the_input_reader*;
    non-virtual?thunk?to?mir::DefaultServerConfiguration::the_input_reader_policy*;
    non-virtual?thunk?to?mir::DefaultServerConfiguration::the_input_reader_thread*;
    non-virtual?thunk?to?mir::DefaultServerConfiguration::the_input_region*;
    non-virtual?thunk?to?mir::DefaultServerConfiguration::the_input_registrar*;
    non-virtual?thunk?to?mir::DefaultServerConfiguration::the_input_report*;
    non-virtual?thunk?to?mir::DefaultServerConfiguration::the_input_scene*;
    non-virtual?thunk?to?mir::DefaultServerConfiguration::the_input_sender*;
    non-virtual?thunk?to?mir::DefaultServerConfiguration::the_input_send_observer*;
    non-virtual?thunk?to?mir::DefaultServerConfiguration::the_input_target_enumerator*;
    non-virtual?thunk?to?mir::DefaultServerConfiguration::the_input_targeter*;
    non-virtual?thunk?to?mir::DefaultServerConfiguration::the_input_translator*;
    non-virtual?thunk?to?mir::DefaultServerConfiguration::the_logger*;
    non-virtual?thunk?to?mir::DefaultServerConfiguration::the_main_loop*;
    non-virtual?thunk?to?mir::DefaultServerConfiguration::the_mediating_display_changer*;
    non-virtual?thunk?to?mir::DefaultServerConfiguration::the_message_processor_report*;
    non-virtual?thunk?to?mir::DefaultServerConfiguration::the_pixel_buffer*;
    non-virtual?thunk?to?mir::DefaultServerConfiguration::the_placement_strategy*;
    non-virtual?thunk?to?mir::DefaultServerConfiguration::the_prompt_connection_creator*;
    non-virtual?thunk?to?mir::DefaultServerConfiguration::the_prompt_connector*;
    non-virtual?thunk?to?mir::DefaultServerConfiguration::the_prompt_session_listener*;
    non-virtual?thunk?to?mir::DefaultServerConfiguration::the_prompt_session_manager*;
    non-virtual?thunk?to?mir::DefaultServerConfiguration::the_renderer_factory*;
    non-virtual?thunk?to?mir::DefaultServerConfiguration::the_scene*;
    non-virtual?thunk?to?mir::DefaultServerConfiguration::the_scene_report*;
    non-virtual?thunk?to?mir::DefaultServerConfiguration::the_screencast*;
    non-virtual?thunk?to?mir::DefaultServerConfiguration::the_server_action_queue*;
    non-virtual?thunk?to?mir::DefaultServerConfiguration::the_server_status_listener*;
    non-virtual?thunk?to?mir::DefaultServerConfiguration::the_session_authorizer*;
    non-virtual?thunk?to?mir::DefaultServerConfiguration::the_session_container*;
    non-virtual?thunk?to?mir::DefaultServerConfiguration::the_session_coordinator*;
    non-virtual?thunk?to?mir::DefaultServerConfiguration::the_session_event_handler_register*;
    non-virtual?thunk?to?mir::DefaultServerConfiguration::the_session_event_sink*;
    non-virtual?thunk?to?mir::DefaultServerConfiguration::the_session_listener*;
    non-virtual?thunk?to?mir::DefaultServerConfiguration::the_session_mediator_report*;
    non-virtual?thunk?to?mir::DefaultServerConfiguration::the_shell_display_layout*;
    non-virtual?thunk?to?mir::DefaultServerConfiguration::the_shell_focus_setter*;
    non-virtual?thunk?to?mir::DefaultServerConfiguration::the_snapshot_strategy*;
    non-virtual?thunk?to?mir::DefaultServerConfiguration::the_socket_file*;
    non-virtual?thunk?to?mir::DefaultServerConfiguration::the_surface_configurator*;
    non-virtual?thunk?to?mir::DefaultServerConfiguration::the_surface_coordinator*;
    non-virtual?thunk?to?mir::DefaultServerConfiguration::the_surface_factory*;
    non-virtual?thunk?to?mir::DefaultServerConfiguration::the_surface_stack_model*;
    non-virtual?thunk?to?mir::DefaultServerConfiguration::the_touch_visualizer*;
    non-virtual?thunk?to?mir::DefaultServerConfiguration::wrap_session_coordinator*;
    non-virtual?thunk?to?mir::DefaultServerConfiguration::wrap_surface_coordinator*;
    non-virtual?thunk?to?mir::frontend::DisplayChanger::?DisplayChanger*;
    non-virtual?thunk?to?mir::frontend::EventSink::?EventSink*;
    non-virtual?thunk?to?mir::frontend::PromptSession::?PromptSession*;
    non-virtual?thunk?to?mir::frontend::Screencast::?Screencast*;
    non-virtual?thunk?to?mir::frontend::SessionAuthorizer::?SessionAuthorizer*;
    non-virtual?thunk?to?mir::frontend::Session::?Session*;
    non-virtual?thunk?to?mir::frontend::Shell::?Shell*;
    non-virtual?thunk?to?mir::frontend::Surface::?Surface*;
    non-virtual?thunk?to?mir::input::CursorImages::?CursorImages*;
    non-virtual?thunk?to?mir::input::CursorListener::?CursorListener*;
    non-virtual?thunk?to?mir::input::EventFilter::?EventFilter*;
    non-virtual?thunk?to?mir::input::InputConfiguration::?InputConfiguration*;
    non-virtual?thunk?to?mir::input::InputDispatcher::?InputDispatcher*;
    non-virtual?thunk?to?mir::input::Surface::?Surface*;
    non-virtual?thunk?to?mir::input::TouchVisualizer::?TouchVisualizer*;
    non-virtual?thunk?to?mir::scene::NullSurfaceObserver::alpha_set_to*;
    non-virtual?thunk?to?mir::scene::NullSurfaceObserver::attrib_changed*;
    non-virtual?thunk?to?mir::scene::NullSurfaceObserver::cursor_image_set_to*;
    non-virtual?thunk?to?mir::scene::NullSurfaceObserver::frame_posted*;
    non-virtual?thunk?to?mir::scene::NullSurfaceObserver::hidden_set_to*;
    non-virtual?thunk?to?mir::scene::NullSurfaceObserver::moved_to*;
    non-virtual?thunk?to?mir::scene::NullSurfaceObserver::?NullSurfaceObserver*;
    non-virtual?thunk?to?mir::scene::NullSurfaceObserver::orientation_set_to*;
    non-virtual?thunk?to?mir::scene::NullSurfaceObserver::reception_mode_set_to*;
    non-virtual?thunk?to?mir::scene::NullSurfaceObserver::resized_to*;
    non-virtual?thunk?to?mir::scene::NullSurfaceObserver::transformation_set_to*;
    non-virtual?thunk?to?mir::scene::Observer::?Observer*;
    non-virtual?thunk?to?mir::scene::PlacementStrategy::?PlacementStrategy*;
    non-virtual?thunk?to?mir::scene::PromptSessionListener::?PromptSessionListener*;
    non-virtual?thunk?to?mir::scene::PromptSessionManager::?PromptSessionManager*;
    non-virtual?thunk?to?mir::scene::SessionListener::?SessionListener*;
    non-virtual?thunk?to?mir::scene::SurfaceBufferAccess::?SurfaceBufferAccess*;
    non-virtual?thunk?to?mir::scene::SurfaceConfigurator::?SurfaceConfigurator*;
    non-virtual?thunk?to?mir::scene::SurfaceCoordinator::?SurfaceCoordinator*;
    non-virtual?thunk?to?mir::scene::SurfaceObserver::?SurfaceObserver*;
    non-virtual?thunk?to?mir::ServerActionQueue::?ServerActionQueue*;
    non-virtual?thunk?to?mir::ServerConfiguration::?ServerConfiguration*;
    non-virtual?thunk?to?mir::ServerStatusListener::?ServerStatusListener*;
    non-virtual?thunk?to?mir::shell::DisplayLayout::?DisplayLayout*;
    non-virtual?thunk?to?mir::shell::FocusController::?FocusController*;
    non-virtual?thunk?to?mir::shell::HostLifecycleEventListener::?HostLifecycleEventListener*;
    non-virtual?thunk?to?mir::shell::InputTargeter::?InputTargeter*;
    non-virtual?thunk?to?mir::shell::SessionCoordinatorWrapper::close_session*;
    non-virtual?thunk?to?mir::shell::SessionCoordinatorWrapper::focus_next*;
    non-virtual?thunk?to?mir::shell::SessionCoordinatorWrapper::focussed_application*;
    non-virtual?thunk?to?mir::shell::SessionCoordinatorWrapper::open_session*;
    non-virtual?thunk?to?mir::shell::SessionCoordinatorWrapper::set_focus_to*;
    non-virtual?thunk?to?mir::shell::SurfaceCoordinatorWrapper::add_surface*;
    non-virtual?thunk?to?mir::shell::SurfaceCoordinatorWrapper::raise*;
    non-virtual?thunk?to?mir::shell::SurfaceCoordinatorWrapper::remove_surface*;
    non-virtual?thunk?to?mir::time::Alarm::?Alarm*;
    non-virtual?thunk?to?mir::time::Timer::?Timer*;
    typeinfo?for?mir::compositor::Compositor;
    typeinfo?for?mir::compositor::Scene;
    typeinfo?for?mir::compositor::SceneElement;
    typeinfo?for?mir::DefaultServerConfiguration;
    typeinfo?for?mir::DisplayServer;
    typeinfo?for?mir::EmergencyCleanup;
    typeinfo?for?mir::frontend::DisplayChanger;
    typeinfo?for?mir::frontend::EventSink;
    typeinfo?for?mir::frontend::PromptSession;
    typeinfo?for?mir::frontend::Screencast;
    typeinfo?for?mir::frontend::Session;
    typeinfo?for?mir::frontend::SessionAuthorizer;
    typeinfo?for?mir::frontend::SessionCredentials;
    typeinfo?for?mir::frontend::SessionMediatorReport;
    typeinfo?for?mir::frontend::Shell;
    typeinfo?for?mir::frontend::Surface;
    typeinfo?for?mir::input::CompositeEventFilter;
    typeinfo?for?mir::input::CursorImages;
    typeinfo?for?mir::input::CursorListener;
    typeinfo?for?mir::input::EventFilter;
    typeinfo?for?mir::input::InputChannel;
    typeinfo?for?mir::input::InputConfiguration;
    typeinfo?for?mir::input::InputDispatcher;
    typeinfo?for?mir::input::InputManager;
    typeinfo?for?mir::input::Surface;
    typeinfo?for?mir::input::TouchVisualizer;
    typeinfo?for?mir::input::TouchVisualizer::Spot;
    typeinfo?for?mir::MainLoop;
    typeinfo?for?mir::scene::NullSurfaceObserver;
    typeinfo?for?mir::scene::Observer;
    typeinfo?for?mir::scene::PlacementStrategy;
    typeinfo?for?mir::scene::PromptSession;
    typeinfo?for?mir::scene::PromptSessionCreationParameters;
    typeinfo?for?mir::scene::PromptSessionListener;
    typeinfo?for?mir::scene::PromptSessionManager;
    typeinfo?for?mir::scene::Session;
    typeinfo?for?mir::scene::SessionCoordinator;
    typeinfo?for?mir::scene::SessionListener;
    typeinfo?for?mir::scene::Snapshot;
    typeinfo?for?mir::scene::Surface;
    typeinfo?for?mir::scene::SurfaceBufferAccess;
    typeinfo?for?mir::scene::SurfaceConfigurator;
    typeinfo?for?mir::scene::SurfaceCoordinator;
    typeinfo?for?mir::scene::SurfaceCreationParameters;
    typeinfo?for?mir::scene::SurfaceObserver;
    typeinfo?for?mir::ServerActionQueue;
    typeinfo?for?mir::ServerConfiguration;
    typeinfo?for?mir::ServerStatusListener;
    typeinfo?for?mir::shell::DisplayLayout;
    typeinfo?for?mir::shell::FocusController;
    typeinfo?for?mir::shell::FocusSetter;
    typeinfo?for?mir::shell::HostLifecycleEventListener;
    typeinfo?for?mir::shell::InputTargeter;
    typeinfo?for?mir::shell::SessionCoordinatorWrapper;
    typeinfo?for?mir::shell::SurfaceCoordinatorWrapper;
    typeinfo?for?mir::time::Alarm;
    typeinfo?for?mir::time::Timer;
    vtable?for?mir::compositor::Compositor;
    vtable?for?mir::compositor::Scene;
    vtable?for?mir::compositor::SceneElement;
    vtable?for?mir::DefaultServerConfiguration;
    vtable?for?mir::DisplayServer;
    vtable?for?mir::EmergencyCleanup;
    vtable?for?mir::frontend::DisplayChanger;
    vtable?for?mir::frontend::EventSink;
    vtable?for?mir::frontend::PromptSession;
    vtable?for?mir::frontend::Screencast;
    vtable?for?mir::frontend::Session;
    vtable?for?mir::frontend::SessionAuthorizer;
    vtable?for?mir::frontend::SessionCredentials;
    vtable?for?mir::frontend::SessionMediatorReport;
    vtable?for?mir::frontend::Shell;
    vtable?for?mir::frontend::Surface;
    vtable?for?mir::input::CompositeEventFilter;
    vtable?for?mir::input::CursorImages;
    vtable?for?mir::input::CursorListener;
    vtable?for?mir::input::EventFilter;
    vtable?for?mir::input::InputChannel;
    vtable?for?mir::input::InputConfiguration;
    vtable?for?mir::input::InputDispatcher;
    vtable?for?mir::input::InputManager;
    vtable?for?mir::input::Surface;
    vtable?for?mir::input::TouchVisualizer;
    vtable?for?mir::input::TouchVisualizer::Spot;
    vtable?for?mir::MainLoop;
    vtable?for?mir::scene::NullSurfaceObserver;
    vtable?for?mir::scene::Observer;
    vtable?for?mir::scene::PlacementStrategy;
    vtable?for?mir::scene::PromptSession;
    vtable?for?mir::scene::PromptSessionCreationParameters;
    vtable?for?mir::scene::PromptSessionListener;
    vtable?for?mir::scene::PromptSessionManager;
    vtable?for?mir::scene::Session;
    vtable?for?mir::scene::SessionCoordinator;
    vtable?for?mir::scene::SessionListener;
    vtable?for?mir::scene::Snapshot;
    vtable?for?mir::scene::Surface;
    vtable?for?mir::scene::SurfaceBufferAccess;
    vtable?for?mir::scene::SurfaceConfigurator;
    vtable?for?mir::scene::SurfaceCoordinator;
    vtable?for?mir::scene::SurfaceCreationParameters;
    vtable?for?mir::scene::SurfaceObserver;
    vtable?for?mir::ServerActionQueue;
    vtable?for?mir::ServerConfiguration;
    vtable?for?mir::ServerStatusListener;
    vtable?for?mir::shell::DisplayLayout;
    vtable?for?mir::shell::FocusController;
    vtable?for?mir::shell::FocusSetter;
    vtable?for?mir::shell::HostLifecycleEventListener;
    vtable?for?mir::shell::InputTargeter;
    vtable?for?mir::shell::SessionCoordinatorWrapper;
    vtable?for?mir::shell::SurfaceCoordinatorWrapper;
    vtable?for?mir::time::Alarm;
    vtable?for?mir::time::Timer;

# these symbols are needed by mir_demo_server_shell but are not intended to be public
    mir::compositor::GLRenderer::begin*;
    mir::compositor::GLRenderer::destination_alpha*;
    mir::compositor::GLRenderer::end*;
    mir::compositor::GLRenderer::GLRenderer*;
    mir::compositor::GLRenderer::render*;
    mir::compositor::GLRenderer::set_rotation*;
    mir::compositor::GLRenderer::set_viewport*;
    mir::compositor::GLRenderer::suspend*;
    mir::compositor::GLRenderer::tessellate*;
    typeinfo?for?mir::compositor::GLRenderer;
    vtable?for?mir::compositor::GLRenderer;
    vtable?for?mir::compositor::RecentlyUsedCache;
  };
 local: *;
};
