MIR_SERVER_25 {
 global:
  extern "C++" {
# Symbols not yet picked up by script
    vtable?for?mir::input::NullInputDispatcher;
    vtable?for?mir::input::NullInputConfiguration;
    VTT?for?mir::DefaultServerConfiguration;
    
# The following symbols come from running a script over the generated docs. Vis:
# ../tools/process_doxygen_xml.py doc/xml/*.xml | grep "^mirserver public" | sed "s/mirserver public: /    /" | sort  
    mir::AsioMainLoop::?AsioMainLoop*;
    mir::AsioMainLoop::AsioMainLoop*;
    mir::AsioMainLoop::create_alarm*;
    mir::AsioMainLoop::enqueue*;
    mir::AsioMainLoop::notify_at*;
    mir::AsioMainLoop::notify_in*;
    mir::AsioMainLoop::pause_processing_for*;
    mir::AsioMainLoop::register_fd_handler*;
    mir::AsioMainLoop::register_signal_handler*;
    mir::AsioMainLoop::resume_processing_for*;
    mir::AsioMainLoop::run*;
    mir::AsioMainLoop::stop*;
    mir::AsioMainLoop::unregister_fd_handler*;
    mir::compositor::BufferStream::acquire_client_buffer*;
    mir::compositor::BufferStream::allow_framedropping*;
    mir::compositor::BufferStream::buffers_ready_for_compositor*;
    mir::compositor::BufferStream::?BufferStream*;
    mir::compositor::BufferStream::drop_old_buffers*;
    mir::compositor::BufferStream::force_requests_to_complete*;
    mir::compositor::BufferStream::get_stream_pixel_format*;
    mir::compositor::BufferStream::lock_compositor_buffer*;
    mir::compositor::BufferStream::lock_snapshot_buffer*;
    mir::compositor::BufferStream::release_client_buffer*;
    mir::compositor::BufferStream::resize*;
    mir::compositor::BufferStream::stream_size*;
    mir::compositor::Compositor::Compositor*;
    mir::compositor::Compositor::operator*;
    mir::compositor::CompositorReport::added_display*;
    mir::compositor::CompositorReport::began_frame*;
    mir::compositor::CompositorReport::?CompositorReport*;
    mir::compositor::CompositorReport::CompositorReport*;
    mir::compositor::CompositorReport::finished_frame*;
    mir::compositor::CompositorReport::operator*;
    mir::compositor::CompositorReport::scheduled*;
    mir::compositor::CompositorReport::started*;
    mir::compositor::CompositorReport::stopped*;
    mir::compositor::Compositor::start*;
    mir::compositor::Compositor::stop*;
    mir::compositor::DisplayBufferCompositor::composite*;
    mir::compositor::DisplayBufferCompositor::?DisplayBufferCompositor*;
    mir::compositor::DisplayBufferCompositor::DisplayBufferCompositor*;
    mir::compositor::DisplayBufferCompositorFactory::create_compositor_for*;
    mir::compositor::DisplayBufferCompositorFactory::?DisplayBufferCompositorFactory*;
    mir::compositor::DisplayBufferCompositorFactory::DisplayBufferCompositorFactory*;
    mir::compositor::DisplayBufferCompositorFactory::operator*;
    mir::compositor::DisplayBufferCompositor::operator*;
    mir::compositor::FrameDroppingPolicyFactory::create_policy*;
    mir::compositor::FrameDroppingPolicyFactory::?FrameDroppingPolicyFactory*;
    mir::compositor::FrameDroppingPolicyFactory::FrameDroppingPolicyFactory*;
    mir::compositor::FrameDroppingPolicyFactory::operator*;
    mir::compositor::FrameDroppingPolicy::?FrameDroppingPolicy*;
    mir::compositor::FrameDroppingPolicy::FrameDroppingPolicy*;
    mir::compositor::FrameDroppingPolicy::operator*;
    mir::compositor::FrameDroppingPolicy::swap_now_blocking*;
    mir::compositor::FrameDroppingPolicy::swap_unblocked*;
    mir::compositor::GLRenderer::begin*;
    mir::compositor::GLRenderer::destination_alpha*;
    mir::compositor::GLRenderer::end*;
    mir::compositor::GLRenderer::GLRenderer*;
    mir::compositor::GLRenderer::render*;
    mir::compositor::GLRenderer::set_rotation*;
    mir::compositor::GLRenderer::set_viewport*;
    mir::compositor::GLRenderer::suspend*;
    mir::compositor::GLRenderer::tessellate*;
    mir::compositor::RecentlyUsedCache::drop_unused*;
    mir::compositor::RecentlyUsedCache::invalidate*;
    mir::compositor::RecentlyUsedCache::load*;
    mir::compositor::Renderer::begin*;
    mir::compositor::Renderer::end*;
    mir::compositor::RendererFactory::create_renderer_for*;
    mir::compositor::RendererFactory::operator*;
    mir::compositor::RendererFactory::?RendererFactory*;
    mir::compositor::RendererFactory::RendererFactory*;
    mir::compositor::Renderer::operator*;
    mir::compositor::Renderer::render*;
    mir::compositor::Renderer::?Renderer*;
    mir::compositor::Renderer::Renderer*;
    mir::compositor::Renderer::set_rotation*;
    mir::compositor::Renderer::set_viewport*;
    mir::compositor::Renderer::suspend*;
    mir::compositor::Scene::add_observer*;
    mir::compositor::SceneElement::occluded_in*;
    mir::compositor::SceneElement::operator*;
    mir::compositor::SceneElement::renderable*;
    mir::compositor::SceneElement::rendered_in*;
    mir::compositor::SceneElement::?SceneElement*;
    mir::compositor::SceneElement::SceneElement*;
    mir::compositor::Scene::register_compositor*;
    mir::compositor::Scene::remove_observer*;
    mir::compositor::Scene::Scene*;
    mir::compositor::Scene::scene_elements_for*;
    mir::compositor::Scene::unregister_compositor*;
    mir::DefaultServerConfiguration::clock*;
    mir::DefaultServerConfiguration::DefaultServerConfiguration*;
    mir::DefaultServerConfiguration::is_key_repeat_enabled*;
    mir::DefaultServerConfiguration::new_ipc_factory*;
    mir::DefaultServerConfiguration::the_android_input_dispatcher*;
    mir::DefaultServerConfiguration::the_buffer_allocator*;
    mir::DefaultServerConfiguration::the_buffer_initializer*;
    mir::DefaultServerConfiguration::the_buffer_stream_factory*;
    mir::DefaultServerConfiguration::the_clock*;
    mir::DefaultServerConfiguration::the_composite_event_filter*;
    mir::DefaultServerConfiguration::the_compositor*;
    mir::DefaultServerConfiguration::the_compositor_report*;
    mir::DefaultServerConfiguration::the_connection_creator*;
    mir::DefaultServerConfiguration::the_connector*;
    mir::DefaultServerConfiguration::the_connector_report*;
    mir::DefaultServerConfiguration::the_cursor*;
    mir::DefaultServerConfiguration::the_cursor_images*;
    mir::DefaultServerConfiguration::the_cursor_listener*;
    mir::DefaultServerConfiguration::the_default_cursor_image*;
    mir::DefaultServerConfiguration::the_dispatcher_policy*;
    mir::DefaultServerConfiguration::the_dispatcher_thread*;
    mir::DefaultServerConfiguration::the_display*;
    mir::DefaultServerConfiguration::the_display_buffer_compositor_factory*;
    mir::DefaultServerConfiguration::the_display_changer*;
    mir::DefaultServerConfiguration::the_display_configuration_policy*;
    mir::DefaultServerConfiguration::the_display_report*;
    mir::DefaultServerConfiguration::the_emergency_cleanup*;
    mir::DefaultServerConfiguration::the_fatal_error_strategy*;
    mir::DefaultServerConfiguration::the_focus_controller*;
    mir::DefaultServerConfiguration::the_frame_dropping_policy_factory*;
    mir::DefaultServerConfiguration::the_frontend_display_changer*;
    mir::DefaultServerConfiguration::the_frontend_shell*;
    mir::DefaultServerConfiguration::the_gl_config*;
    mir::DefaultServerConfiguration::the_global_event_sink*;
    mir::DefaultServerConfiguration::the_gl_program_factory*;
    mir::DefaultServerConfiguration::the_graphics_native_platform*;
    mir::DefaultServerConfiguration::the_graphics_platform*;
    mir::DefaultServerConfiguration::the_host_connection*;
    mir::DefaultServerConfiguration::the_host_lifecycle_event_listener*;
    mir::DefaultServerConfiguration::the_input_channel_factory*;
    mir::DefaultServerConfiguration::the_input_configuration*;
    mir::DefaultServerConfiguration::the_input_dispatcher*;
    mir::DefaultServerConfiguration::the_input_manager*;
    mir::DefaultServerConfiguration::the_input_region*;
    mir::DefaultServerConfiguration::the_input_registrar*;
    mir::DefaultServerConfiguration::the_input_report*;
    mir::DefaultServerConfiguration::the_input_sender*;
    mir::DefaultServerConfiguration::the_input_send_observer*;
    mir::DefaultServerConfiguration::the_input_targeter*;
    mir::DefaultServerConfiguration::the_input_targets*;
    mir::DefaultServerConfiguration::the_logger*;
    mir::DefaultServerConfiguration::the_main_loop*;
    mir::DefaultServerConfiguration::the_mediating_display_changer*;
    mir::DefaultServerConfiguration::the_message_processor_report*;
    mir::DefaultServerConfiguration::the_options*;
    mir::DefaultServerConfiguration::the_pixel_buffer*;
    mir::DefaultServerConfiguration::the_placement_strategy*;
    mir::DefaultServerConfiguration::the_prompt_connection_creator*;
    mir::DefaultServerConfiguration::the_prompt_connector*;
    mir::DefaultServerConfiguration::the_prompt_session_listener*;
    mir::DefaultServerConfiguration::the_prompt_session_manager*;
    mir::DefaultServerConfiguration::the_renderer_factory*;
    mir::DefaultServerConfiguration::the_scene*;
    mir::DefaultServerConfiguration::the_scene_report*;
    mir::DefaultServerConfiguration::the_screencast*;
    mir::DefaultServerConfiguration::the_server_action_queue*;
    mir::DefaultServerConfiguration::the_server_status_listener*;
    mir::DefaultServerConfiguration::the_session_authorizer*;
    mir::DefaultServerConfiguration::the_session_container*;
    mir::DefaultServerConfiguration::the_session_coordinator*;
    mir::DefaultServerConfiguration::the_session_event_handler_register*;
    mir::DefaultServerConfiguration::the_session_event_sink*;
    mir::DefaultServerConfiguration::the_session_listener*;
    mir::DefaultServerConfiguration::the_session_mediator_report*;
    mir::DefaultServerConfiguration::the_shell_display_layout*;
    mir::DefaultServerConfiguration::the_shell_focus_setter*;
    mir::DefaultServerConfiguration::the_snapshot_strategy*;
    mir::DefaultServerConfiguration::the_socket_file*;
    mir::DefaultServerConfiguration::the_surface_configurator*;
    mir::DefaultServerConfiguration::the_surface_coordinator*;
    mir::DefaultServerConfiguration::the_surface_factory*;
    mir::DefaultServerConfiguration::the_surface_stack_model*;
    mir::DefaultServerConfiguration::the_touch_visualizer*;
    mir::DefaultServerConfiguration::wrap_session_coordinator*;
    mir::DefaultServerConfiguration::wrap_surface_coordinator*;
    mir::DisplayChanger::configure_for_hardware_change*;
    mir::DisplayChanger::?DisplayChanger*;
    mir::DisplayChanger::DisplayChanger*;
    mir::DisplayChanger::operator*;
    mir::DisplayChanger::pause_display_config_processing*;
    mir::DisplayChanger::resume_display_config_processing*;
    mir::DisplayServer::?DisplayServer*;
    mir::DisplayServer::DisplayServer*;
    mir::DisplayServer::run*;
    mir::DisplayServer::stop*;
    mir::EmergencyCleanup::operator*;
    mir::frontend::as_internal_surface*;
    mir::frontend::ConnectionContext::ConnectionContext*;
    mir::frontend::ConnectionContext::fd_for_new_client*;
    mir::frontend::ConnectionCreator::?ConnectionCreator*;
    mir::frontend::ConnectionCreator::ConnectionCreator*;
    mir::frontend::ConnectionCreator::create_connection_for*;
    mir::frontend::ConnectionCreator::operator*;
    mir::frontend::Connector::client_socket_fd*;
    mir::frontend::Connector::?Connector*;
    mir::frontend::Connector::Connector*;
    mir::frontend::Connector::operator*;
    mir::frontend::ConnectorReport::?ConnectorReport*;
    mir::frontend::ConnectorReport::ConnectorReport*;
    mir::frontend::ConnectorReport::creating_session_for*;
    mir::frontend::ConnectorReport::creating_socket_pair*;
    mir::frontend::ConnectorReport::error*;
    mir::frontend::ConnectorReport::listening_on*;
    mir::frontend::ConnectorReport::operator*;
    mir::frontend::ConnectorReport::starting_threads*;
    mir::frontend::ConnectorReport::stopping_threads*;
    mir::frontend::ConnectorReport::thread_end*;
    mir::frontend::ConnectorReport::thread_start*;
    mir::frontend::Connector::start*;
    mir::frontend::Connector::stop*;
    mir::frontend::detail::Invocation::id*;
    mir::frontend::detail::Invocation::method_name*;
    mir::frontend::detail::Invocation::parameters*;
    mir::frontend::detail::MessageProcessor::client_pid*;
    mir::frontend::detail::MessageProcessor::dispatch*;
    mir::frontend::detail::MessageProcessor::?MessageProcessor*;
    mir::frontend::detail::MessageProcessor::MessageProcessor*;
    mir::frontend::detail::MessageProcessor::operator*;
    mir::frontend::detail::ProtobufMessageSender::?ProtobufMessageSender*;
    mir::frontend::detail::ProtobufMessageSender::ProtobufMessageSender*;
    mir::frontend::detail::ProtobufMessageSender::send_response*;
    mir::frontend::DisplayChanger::active_configuration*;
    mir::frontend::DisplayChanger::configure*;
    mir::frontend::DisplayChanger::?DisplayChanger*;
    mir::frontend::DisplayChanger::DisplayChanger*;
    mir::frontend::DisplayChanger::operator*;
    mir::frontend::EventSink::?EventSink*;
    mir::frontend::EventSink::EventSink*;
    mir::frontend::EventSink::handle_display_config_change*;
    mir::frontend::EventSink::handle_event*;
    mir::frontend::EventSink::handle_lifecycle_event*;
    mir::frontend::EventSink::operator*;
    mir::frontend::MessageProcessorReport::completed_invocation*;
    mir::frontend::MessageProcessorReport::exception_handled*;
    mir::frontend::MessageProcessorReport::?MessageProcessorReport*;
    mir::frontend::MessageProcessorReport::received_invocation*;
    mir::frontend::MessageProcessorReport::sent_event*;
    mir::frontend::MessageProcessorReport::unknown_method*;
    mir::frontend::PromptSession::operator*;
    mir::frontend::PromptSession::?PromptSession*;
    mir::frontend::PromptSession::PromptSession*;
    mir::frontend::ProtobufConnectionCreator::create_connection_for*;
    mir::frontend::ProtobufConnectionCreator::create_processor*;
    mir::frontend::ProtobufConnectionCreator::?ProtobufConnectionCreator*;
    mir::frontend::ProtobufConnectionCreator::ProtobufConnectionCreator*;
    mir::frontend::Screencast::capture*;
    mir::frontend::Screencast::create_session*;
    mir::frontend::Screencast::destroy_session*;
    mir::frontend::Screencast::operator*;
    mir::frontend::Screencast::?Screencast*;
    mir::frontend::Screencast::Screencast*;
    mir::frontend::SessionAuthorizer::configure_display_is_allowed*;
    mir::frontend::SessionAuthorizer::connection_is_allowed*;
    mir::frontend::SessionAuthorizer::operator*;
    mir::frontend::SessionAuthorizer::prompt_session_is_allowed*;
    mir::frontend::SessionAuthorizer::screencast_is_allowed*;
    mir::frontend::SessionAuthorizer::?SessionAuthorizer*;
    mir::frontend::SessionAuthorizer::SessionAuthorizer*;
    mir::frontend::Session::create_surface*;
    mir::frontend::SessionCredentials::gid*;
    mir::frontend::SessionCredentials::pid*;
    mir::frontend::SessionCredentials::SessionCredentials*;
    mir::frontend::SessionCredentials::uid*;
    mir::frontend::Session::destroy_surface*;
    mir::frontend::Session::get_surface*;
    mir::frontend::Session::hide*;
    mir::frontend::SessionMediatorReport::session_configure_display_called*;
    mir::frontend::SessionMediatorReport::session_configure_surface_called*;
    mir::frontend::SessionMediatorReport::session_configure_surface_cursor_called*;
    mir::frontend::SessionMediatorReport::session_connect_called*;
    mir::frontend::SessionMediatorReport::session_create_surface_called*;
    mir::frontend::SessionMediatorReport::session_disconnect_called*;
    mir::frontend::SessionMediatorReport::session_drm_auth_magic_called*;
    mir::frontend::SessionMediatorReport::session_error*;
    mir::frontend::SessionMediatorReport::session_next_buffer_called*;
    mir::frontend::SessionMediatorReport::session_release_surface_called*;
    mir::frontend::SessionMediatorReport::session_start_prompt_session_called*;
    mir::frontend::SessionMediatorReport::session_stop_prompt_session_called*;
    mir::frontend::Session::name*;
    mir::frontend::Session::operator*;
    mir::frontend::Session::?Session*;
    mir::frontend::Session::Session*;
    mir::frontend::Session::show*;
    mir::frontend::Shell::add_prompt_provider_for*;
    mir::frontend::Shell::close_session*;
    mir::frontend::Shell::handle_surface_created*;
    mir::frontend::Shell::open_session*;
    mir::frontend::Shell::operator*;
    mir::frontend::Shell::?Shell*;
    mir::frontend::Shell::Shell*;
    mir::frontend::Shell::start_prompt_session_for*;
    mir::frontend::Shell::stop_prompt_session*;
    mir::frontend::Surface::client_input_fd*;
    mir::frontend::Surface::client_size*;
    mir::frontend::Surface::configure*;
    mir::frontend::Surface::operator*;
    mir::frontend::Surface::pixel_format*;
    mir::frontend::Surface::query*;
    mir::frontend::Surface::set_cursor_image*;
    mir::frontend::Surface::supports_input*;
    mir::frontend::Surface::?Surface*;
    mir::frontend::Surface::Surface*;
    mir::frontend::Surface::swap_buffers*;
    mir::frontend::Surface::swap_buffers_blocking*;
    mir::graphics::GLExtensionsBase::GLExtensionsBase*;
    mir::graphics::GLExtensionsBase::support*;
    mir::graphics::SurfacelessEGLContext::make_current*;
    mir::graphics::SurfacelessEGLContext::operator*;
    mir::graphics::SurfacelessEGLContext::release_current*;
    mir::graphics::SurfacelessEGLContext::?SurfacelessEGLContext*;
    mir::graphics::SurfacelessEGLContext::SurfacelessEGLContext*;
    mir::input::android::DefaultInputConfiguration::?DefaultInputConfiguration*;
    mir::input::android::DefaultInputConfiguration::DefaultInputConfiguration*;
    mir::input::android::DefaultInputConfiguration::the_event_hub*;
    mir::input::android::DefaultInputConfiguration::the_input_manager*;
    mir::input::android::DefaultInputConfiguration::the_input_translator*;
    mir::input::android::DefaultInputConfiguration::the_reader*;
    mir::input::android::DefaultInputConfiguration::the_reader_policy*;
    mir::input::android::DefaultInputConfiguration::the_reader_thread*;
    mir::input::CompositeEventFilter::append*;
    mir::input::CompositeEventFilter::prepend*;
    mir::input::CursorImages::?CursorImages*;
    mir::input::CursorImages::CursorImages*;
    mir::input::CursorImages::image*;
    mir::input::CursorImages::operator*;
    mir::input::CursorListener::?CursorListener*;
    mir::input::CursorListener::CursorListener*;
    mir::input::CursorListener::cursor_moved_to*;
    mir::input::CursorListener::operator*;
    mir::input::default_cursor_size*;
    mir::input::EventFilter::?EventFilter*;
    mir::input::EventFilter::EventFilter*;
    mir::input::EventFilter::handle*;
    mir::input::EventFilter::operator*;
    mir::input::InputChannel::client_fd*;
    mir::input::InputChannelFactory::InputChannelFactory*;
    mir::input::InputChannelFactory::make_input_channel*;
    mir::input::InputChannelFactory::operator*;
    mir::input::InputChannel::InputChannel*;
    mir::input::InputChannel::operator*;
    mir::input::InputChannel::server_fd*;
    mir::input::InputConfiguration::?InputConfiguration*;
    mir::input::InputConfiguration::InputConfiguration*;
    mir::input::InputConfiguration::operator*;
    mir::input::InputConfiguration::the_input_manager*;
    mir::input::InputDispatcher::configuration_changed*;
    mir::input::InputDispatcher::device_reset*;
    mir::input::InputDispatcher::dispatch*;
    mir::input::InputDispatcher::?InputDispatcher*;
    mir::input::InputDispatcher::start*;
    mir::input::InputDispatcher::stop*;
    mir::input::InputManager::InputManager*;
    mir::input::InputManager::operator*;
    mir::input::InputManager::start*;
    mir::input::InputManager::stop*;
    mir::input::InputRegion::bounding_rectangle*;
    mir::input::InputRegion::confine*;
    mir::input::InputRegion::?InputRegion*;
    mir::input::InputRegion::InputRegion*;
    mir::input::InputRegion::operator*;
    mir::input::InputReport::?InputReport*;
    mir::input::InputReport::InputReport*;
    mir::input::InputReport::operator*;
    mir::input::InputReport::published_key_event*;
    mir::input::InputReport::published_motion_event*;
    mir::input::InputReport::received_event_finished_signal*;
    mir::input::InputReport::received_event_from_kernel*;
    mir::input::InputSender::?InputSender*;
    mir::input::InputSender::InputSender*;
    mir::input::InputSender::operator*;
    mir::input::InputSender::send_event*;
    mir::input::InputSendObserver::client_blocked*;
    mir::input::InputSendObserver::?InputSendObserver*;
    mir::input::InputSendObserver::InputSendObserver*;
    mir::input::InputSendObserver::operator*;
    mir::input::InputSendObserver::send_failed*;
    mir::input::InputSendObserver::send_suceeded*;
    mir::input::InputTargets::add_observer*;
    mir::input::InputTargets::for_each*;
    mir::input::InputTargets::?InputTargets*;
    mir::input::InputTargets::InputTargets*;
    mir::input::InputTargets::operator*;
    mir::input::InputTargets::remove_observer*;
    mir::input::Surface::consume*;
    mir::input::Surface::cursor_image*;
    mir::input::Surface::input_area_contains*;
    mir::input::Surface::input_bounds*;
    mir::input::Surface::input_channel*;
    mir::input::Surface::name*;
    mir::input::Surface::operator*;
    mir::input::Surface::reception_mode*;
    mir::input::Surface::?Surface*;
    mir::input::Surface::Surface*;
    mir::input::TouchVisualizer::operator*;
    mir::input::TouchVisualizer::?TouchVisualizer*;
    mir::input::TouchVisualizer::TouchVisualizer*;
    mir::input::TouchVisualizer::visualize_touches*;
    mir::input::VTFilter::handle*;
    mir::logging::GlogLogger::GlogLogger*;
    mir::logging::GlogLogger::log*;
    mir::MainLoop::run*;
    mir::MainLoop::stop*;
    mir::report_exception*;
    mir::report::legacy_input::initialize*;
    mir::run_mir*;
    mir::scene::a_surface*;
    mir::scene::BufferStreamFactory::?BufferStreamFactory*;
    mir::scene::BufferStreamFactory::BufferStreamFactory*;
    mir::scene::BufferStreamFactory::create_buffer_stream*;
    mir::scene::BufferStreamFactory::operator*;
    mir::scene::LegacySceneChangeNotification::end_observation*;
    mir::scene::LegacySceneChangeNotification::?LegacySceneChangeNotification*;
    mir::scene::LegacySceneChangeNotification::LegacySceneChangeNotification*;
    mir::scene::LegacySceneChangeNotification::surface_added*;
    mir::scene::LegacySceneChangeNotification::surface_exists*;
    mir::scene::LegacySceneChangeNotification::surface_removed*;
    mir::scene::LegacySceneChangeNotification::surfaces_reordered*;
    mir::scene::NullObserver::end_observation*;
    mir::scene::NullObserver::?NullObserver*;
    mir::scene::NullObserver::NullObserver*;
    mir::scene::NullObserver::operator*;
    mir::scene::NullObserver::surface_added*;
    mir::scene::NullObserver::surface_exists*;
    mir::scene::NullObserver::surface_removed*;
    mir::scene::NullObserver::surfaces_reordered*;
    mir::scene::NullSessionListener::?NullSessionListener*;
    mir::scene::NullSessionListener::NullSessionListener*;
    mir::scene::NullSessionListener::operator*;
    mir::scene::NullSurfaceObserver::alpha_set_to*;
    mir::scene::NullSurfaceObserver::attrib_changed*;
    mir::scene::NullSurfaceObserver::cursor_image_set_to*;
    mir::scene::NullSurfaceObserver::frame_posted*;
    mir::scene::NullSurfaceObserver::hidden_set_to*;
    mir::scene::NullSurfaceObserver::moved_to*;
    mir::scene::NullSurfaceObserver::?NullSurfaceObserver*;
    mir::scene::NullSurfaceObserver::NullSurfaceObserver*;
    mir::scene::NullSurfaceObserver::operator*;
    mir::scene::NullSurfaceObserver::orientation_set_to*;
    mir::scene::NullSurfaceObserver::reception_mode_set_to*;
    mir::scene::NullSurfaceObserver::resized_to*;
    mir::scene::NullSurfaceObserver::transformation_set_to*;
    mir::scene::Observer::end_observation*;
    mir::scene::Observer::?Observer*;
    mir::scene::Observer::Observer*;
    mir::scene::Observer::operator*;
    mir::scene::Observer::surface_added*;
    mir::scene::Observer::surface_exists*;
    mir::scene::Observer::surface_removed*;
    mir::scene::Observer::surfaces_reordered*;
    mir::scene::operator*;
    mir::scene::PlacementStrategy::operator*;
    mir::scene::PlacementStrategy::place*;
    mir::scene::PlacementStrategy::?PlacementStrategy*;
    mir::scene::PlacementStrategy::PlacementStrategy*;
    mir::scene::PromptSessionListener::operator*;
    mir::scene::PromptSessionListener::prompt_provider_added*;
    mir::scene::PromptSessionListener::prompt_provider_removed*;
    mir::scene::PromptSessionListener::?PromptSessionListener*;
    mir::scene::PromptSessionListener::PromptSessionListener*;
    mir::scene::PromptSessionListener::starting*;
    mir::scene::PromptSessionListener::stopping*;
    mir::scene::PromptSessionManager::add_prompt_provider*;
    mir::scene::PromptSessionManager::application_for*;
    mir::scene::PromptSessionManager::for_each_provider_in*;
    mir::scene::PromptSessionManager::helper_for*;
    mir::scene::PromptSessionManager::operator*;
    mir::scene::PromptSessionManager::?PromptSessionManager*;
    mir::scene::PromptSessionManager::PromptSessionManager*;
    mir::scene::PromptSessionManager::remove_session*;
    mir::scene::PromptSessionManager::start_prompt_session_for*;
    mir::scene::PromptSessionManager::stop_prompt_session*;
    mir::scene::SceneReport::operator*;
    mir::scene::SceneReport::?SceneReport*;
    mir::scene::SceneReport::SceneReport*;
    mir::scene::SceneReport::surface_added*;
    mir::scene::SceneReport::surface_created*;
    mir::scene::SceneReport::surface_deleted*;
    mir::scene::SceneReport::surface_removed*;
    mir::scene::Session::default_surface*;
    mir::scene::Session::force_requests_to_complete*;
    mir::scene::SessionListener::destroying_surface*;
    mir::scene::SessionListener::focused*;
    mir::scene::SessionListener::operator*;
    mir::scene::SessionListener::?SessionListener*;
    mir::scene::SessionListener::SessionListener*;
    mir::scene::SessionListener::starting*;
    mir::scene::SessionListener::stopping*;
    mir::scene::SessionListener::surface_created*;
    mir::scene::SessionListener::unfocused*;
    mir::scene::Session::process_id*;
    mir::scene::Session::send_display_config*;
    mir::scene::Session::set_lifecycle_state*;
    mir::scene::Session::start_prompt_session*;
    mir::scene::Session::stop_prompt_session*;
    mir::scene::Session::take_snapshot*;
    mir::scene::Surface::add_observer*;
    mir::scene::Surface::allow_framedropping*;
    mir::scene::Surface::alpha*;
    mir::scene::SurfaceBufferAccess::operator*;
    mir::scene::SurfaceBufferAccess::?SurfaceBufferAccess*;
    mir::scene::SurfaceBufferAccess::SurfaceBufferAccess*;
    mir::scene::SurfaceBufferAccess::with_most_recent_buffer_do*;
    mir::scene::Surface::client_size*;
    mir::scene::Surface::compositor_snapshot*;
    mir::scene::SurfaceConfigurator::attribute_set*;
    mir::scene::SurfaceConfigurator::operator*;
    mir::scene::SurfaceConfigurator::select_attribute_value*;
    mir::scene::SurfaceConfigurator::?SurfaceConfigurator*;
    mir::scene::SurfaceConfigurator::SurfaceConfigurator*;
    mir::scene::SurfaceCoordinator::add_surface*;
    mir::scene::SurfaceCoordinator::operator*;
    mir::scene::SurfaceCoordinator::raise*;
    mir::scene::SurfaceCoordinator::remove_surface*;
    mir::scene::SurfaceCoordinator::?SurfaceCoordinator*;
    mir::scene::SurfaceCoordinator::SurfaceCoordinator*;
    mir::scene::SurfaceCreationParameters::of_buffer_usage*;
    mir::scene::SurfaceCreationParameters::of_depth*;
    mir::scene::SurfaceCreationParameters::of_name*;
    mir::scene::SurfaceCreationParameters::of_pixel_format*;
    mir::scene::SurfaceCreationParameters::of_position*;
    mir::scene::SurfaceCreationParameters::of_size*;
    mir::scene::SurfaceCreationParameters::SurfaceCreationParameters*;
    mir::scene::SurfaceCreationParameters::with_input_mode*;
    mir::scene::SurfaceCreationParameters::with_output_id*;
    mir::scene::Surface::cursor_image*;
    mir::scene::SurfaceEventSource::attrib_changed*;
    mir::scene::SurfaceEventSource::orientation_set_to*;
    mir::scene::SurfaceEventSource::resized_to*;
    mir::scene::SurfaceEventSource::SurfaceEventSource*;
    mir::scene::SurfaceFactory::create_surface*;
    mir::scene::SurfaceFactory::?SurfaceFactory*;
    mir::scene::SurfaceFactory::SurfaceFactory*;
    mir::scene::Surface::force_requests_to_complete*;
    mir::scene::Surface::hide*;
    mir::scene::Surface::input_bounds*;
    mir::scene::Surface::input_channel*;
    mir::scene::Surface::move_to*;
    mir::scene::Surface::name*;
    mir::scene::SurfaceObserver::alpha_set_to*;
    mir::scene::SurfaceObserver::attrib_changed*;
    mir::scene::SurfaceObserver::cursor_image_set_to*;
    mir::scene::SurfaceObserver::frame_posted*;
    mir::scene::SurfaceObserver::hidden_set_to*;
    mir::scene::SurfaceObserver::moved_to*;
    mir::scene::SurfaceObserver::operator*;
    mir::scene::SurfaceObserver::orientation_set_to*;
    mir::scene::SurfaceObserver::reception_mode_set_to*;
    mir::scene::SurfaceObserver::resized_to*;
    mir::scene::SurfaceObserver::?SurfaceObserver*;
    mir::scene::SurfaceObserver::SurfaceObserver*;
    mir::scene::SurfaceObserver::transformation_set_to*;
    mir::scene::Surface::remove_observer*;
    mir::scene::Surface::resize*;
    mir::scene::Surface::set_alpha*;
    mir::scene::Surface::set_cursor_image*;
    mir::scene::Surface::set_input_region*;
    mir::scene::Surface::set_orientation*;
    mir::scene::Surface::set_reception_mode*;
    mir::scene::Surface::set_transformation*;
    mir::scene::Surface::show*;
    mir::scene::Surface::size*;
    mir::scene::Surface::state*;
    mir::scene::Surface::take_input_focus*;
    mir::scene::Surface::top_left*;
    mir::scene::Surface::type*;
    mir::ServerActionQueue::enqueue*;
    mir::ServerActionQueue::operator*;
    mir::ServerActionQueue::pause_processing_for*;
    mir::ServerActionQueue::resume_processing_for*;
    mir::ServerActionQueue::?ServerActionQueue*;
    mir::ServerActionQueue::ServerActionQueue*;
    mir::ServerConfiguration::operator*;
    mir::ServerConfiguration::?ServerConfiguration*;
    mir::ServerConfiguration::ServerConfiguration*;
    mir::ServerConfiguration::the_compositor*;
    mir::ServerConfiguration::the_connector*;
    mir::ServerConfiguration::the_display*;
    mir::ServerConfiguration::the_display_changer*;
    mir::ServerConfiguration::the_emergency_cleanup*;
    mir::ServerConfiguration::the_fatal_error_strategy*;
    mir::ServerConfiguration::the_graphics_platform*;
    mir::ServerConfiguration::the_input_configuration*;
    mir::ServerConfiguration::the_input_dispatcher*;
    mir::ServerConfiguration::the_input_manager*;
    mir::ServerConfiguration::the_main_loop*;
    mir::ServerConfiguration::the_prompt_connector*;
    mir::ServerConfiguration::the_server_status_listener*;
    mir::ServerStatusListener::operator*;
    mir::ServerStatusListener::paused*;
    mir::ServerStatusListener::resumed*;
    mir::ServerStatusListener::?ServerStatusListener*;
    mir::ServerStatusListener::ServerStatusListener*;
    mir::ServerStatusListener::started*;
    mir::shell::DisplayLayout::clip_to_output*;
    mir::shell::DisplayLayout::?DisplayLayout*;
    mir::shell::DisplayLayout::DisplayLayout*;
    mir::shell::DisplayLayout::operator*;
    mir::shell::DisplayLayout::place_in_output*;
    mir::shell::DisplayLayout::size_to_output*;
    mir::shell::FocusController::?FocusController*;
    mir::shell::FocusController::FocusController*;
    mir::shell::FocusController::focus_next*;
    mir::shell::FocusController::focussed_application*;
    mir::shell::FocusController::operator*;
    mir::shell::FocusController::set_focus_to*;
    mir::shell::FocusSetter::FocusSetter*;
    mir::shell::FocusSetter::operator*;
    mir::shell::FocusSetter::set_focus_to*;
    mir::shell::HostLifecycleEventListener::?HostLifecycleEventListener*;
    mir::shell::HostLifecycleEventListener::HostLifecycleEventListener*;
    mir::shell::HostLifecycleEventListener::lifecycle_event_occurred*;
    mir::shell::HostLifecycleEventListener::operator*;
    mir::shell::InputTargeter::focus_changed*;
    mir::shell::InputTargeter::focus_cleared*;
    mir::shell::InputTargeter::?InputTargeter*;
    mir::shell::InputTargeter::InputTargeter*;
    mir::shell::InputTargeter::operator*;
    mir::shell::SessionCoordinatorWrapper::add_prompt_provider_for*;
    mir::shell::SessionCoordinatorWrapper::close_session*;
    mir::shell::SessionCoordinatorWrapper::focus_next*;
    mir::shell::SessionCoordinatorWrapper::focussed_application*;
    mir::shell::SessionCoordinatorWrapper::handle_surface_created*;
    mir::shell::SessionCoordinatorWrapper::open_session*;
    mir::shell::SessionCoordinatorWrapper::SessionCoordinatorWrapper*;
    mir::shell::SessionCoordinatorWrapper::set_focus_to*;
    mir::shell::SessionCoordinatorWrapper::start_prompt_session_for*;
    mir::shell::SessionCoordinatorWrapper::stop_prompt_session*;
    mir::shell::SurfaceCoordinatorWrapper::add_surface*;
    mir::shell::SurfaceCoordinatorWrapper::raise*;
    mir::shell::SurfaceCoordinatorWrapper::remove_surface*;
    mir::shell::SurfaceCoordinatorWrapper::SurfaceCoordinatorWrapper*;
    mir::terminate_with_current_exception*;
    mir::time::Alarm::?Alarm*;
    mir::time::Alarm::Alarm*;
    mir::time::Alarm::cancel*;
    mir::time::Alarm::operator*;
    mir::time::Alarm::reschedule_for*;
    mir::time::Alarm::reschedule_in*;
    mir::time::Alarm::state*;
    mir::time::Clock::?Clock*;
    mir::time::Clock::Clock*;
    mir::time::Clock::sample*;
    mir::time::HighResolutionClock::sample*;
    mir::time::Timer::create_alarm*;
    mir::time::Timer::notify_at*;
    mir::time::Timer::notify_in*;
    mir::time::Timer::operator*;
    mir::time::Timer::?Timer*;
    mir::time::Timer::Timer*;
    non-virtual?thunk?to?mir::AsioMainLoop::create_alarm*;
    non-virtual?thunk?to?mir::AsioMainLoop::enqueue*;
    non-virtual?thunk?to?mir::AsioMainLoop::notify_at*;
    non-virtual?thunk?to?mir::AsioMainLoop::notify_in*;
    non-virtual?thunk?to?mir::AsioMainLoop::pause_processing_for*;
    non-virtual?thunk?to?mir::AsioMainLoop::register_fd_handler*;
    non-virtual?thunk?to?mir::AsioMainLoop::register_signal_handler*;
    non-virtual?thunk?to?mir::AsioMainLoop::resume_processing_for*;
    non-virtual?thunk?to?mir::AsioMainLoop::run*;
    non-virtual?thunk?to?mir::AsioMainLoop::stop*;
    non-virtual?thunk?to?mir::AsioMainLoop::unregister_fd_handler*;
    non-virtual?thunk?to?mir::compositor::BufferStream::?BufferStream*;
    non-virtual?thunk?to?mir::compositor::CompositorReport::?CompositorReport*;
    non-virtual?thunk?to?mir::compositor::DisplayBufferCompositor::?DisplayBufferCompositor*;
    non-virtual?thunk?to?mir::compositor::DisplayBufferCompositorFactory::?DisplayBufferCompositorFactory*;
    non-virtual?thunk?to?mir::compositor::FrameDroppingPolicyFactory::?FrameDroppingPolicyFactory*;
    non-virtual?thunk?to?mir::compositor::FrameDroppingPolicy::?FrameDroppingPolicy*;
    non-virtual?thunk?to?mir::compositor::GLRenderer::begin*;
    non-virtual?thunk?to?mir::compositor::GLRenderer::end*;
    non-virtual?thunk?to?mir::compositor::GLRenderer::render*;
    non-virtual?thunk?to?mir::compositor::GLRenderer::set_rotation*;
    non-virtual?thunk?to?mir::compositor::GLRenderer::set_viewport*;
    non-virtual?thunk?to?mir::compositor::GLRenderer::suspend*;
    non-virtual?thunk?to?mir::compositor::GLRenderer::tessellate*;
    non-virtual?thunk?to?mir::compositor::RecentlyUsedCache::drop_unused*;
    non-virtual?thunk?to?mir::compositor::RecentlyUsedCache::invalidate*;
    non-virtual?thunk?to?mir::compositor::RecentlyUsedCache::load*;
    non-virtual?thunk?to?mir::compositor::RendererFactory::?RendererFactory*;
    non-virtual?thunk?to?mir::compositor::Renderer::?Renderer*;
    non-virtual?thunk?to?mir::compositor::SceneElement::?SceneElement*;
    non-virtual?thunk?to?mir::DefaultServerConfiguration::is_key_repeat_enabled*;
    non-virtual?thunk?to?mir::DefaultServerConfiguration::new_ipc_factory*;
    non-virtual?thunk?to?mir::DefaultServerConfiguration::the_android_input_dispatcher*;
    non-virtual?thunk?to?mir::DefaultServerConfiguration::the_buffer_allocator*;
    non-virtual?thunk?to?mir::DefaultServerConfiguration::the_buffer_initializer*;
    non-virtual?thunk?to?mir::DefaultServerConfiguration::the_buffer_stream_factory*;
    non-virtual?thunk?to?mir::DefaultServerConfiguration::the_clock*;
    non-virtual?thunk?to?mir::DefaultServerConfiguration::the_composite_event_filter*;
    non-virtual?thunk?to?mir::DefaultServerConfiguration::the_compositor*;
    non-virtual?thunk?to?mir::DefaultServerConfiguration::the_compositor_report*;
    non-virtual?thunk?to?mir::DefaultServerConfiguration::the_connection_creator*;
    non-virtual?thunk?to?mir::DefaultServerConfiguration::the_connector*;
    non-virtual?thunk?to?mir::DefaultServerConfiguration::the_connector_report*;
    non-virtual?thunk?to?mir::DefaultServerConfiguration::the_cursor*;
    non-virtual?thunk?to?mir::DefaultServerConfiguration::the_cursor_images*;
    non-virtual?thunk?to?mir::DefaultServerConfiguration::the_cursor_listener*;
    non-virtual?thunk?to?mir::DefaultServerConfiguration::the_default_cursor_image*;
    non-virtual?thunk?to?mir::DefaultServerConfiguration::the_dispatcher_policy*;
    non-virtual?thunk?to?mir::DefaultServerConfiguration::the_dispatcher_thread*;
    non-virtual?thunk?to?mir::DefaultServerConfiguration::the_display*;
    non-virtual?thunk?to?mir::DefaultServerConfiguration::the_display_buffer_compositor_factory*;
    non-virtual?thunk?to?mir::DefaultServerConfiguration::the_display_changer*;
    non-virtual?thunk?to?mir::DefaultServerConfiguration::the_display_configuration_policy*;
    non-virtual?thunk?to?mir::DefaultServerConfiguration::the_display_report*;
    non-virtual?thunk?to?mir::DefaultServerConfiguration::the_emergency_cleanup*;
    non-virtual?thunk?to?mir::DefaultServerConfiguration::the_fatal_error_strategy*;
    non-virtual?thunk?to?mir::DefaultServerConfiguration::the_frame_dropping_policy_factory*;
    non-virtual?thunk?to?mir::DefaultServerConfiguration::the_frontend_display_changer*;
    non-virtual?thunk?to?mir::DefaultServerConfiguration::the_gl_config*;
    non-virtual?thunk?to?mir::DefaultServerConfiguration::the_global_event_sink*;
    non-virtual?thunk?to?mir::DefaultServerConfiguration::the_gl_program_factory*;
    non-virtual?thunk?to?mir::DefaultServerConfiguration::the_graphics_native_platform*;
    non-virtual?thunk?to?mir::DefaultServerConfiguration::the_graphics_platform*;
    non-virtual?thunk?to?mir::DefaultServerConfiguration::the_host_connection*;
    non-virtual?thunk?to?mir::DefaultServerConfiguration::the_host_lifecycle_event_listener*;
    non-virtual?thunk?to?mir::DefaultServerConfiguration::the_input_channel_factory*;
    non-virtual?thunk?to?mir::DefaultServerConfiguration::the_input_configuration*;
    non-virtual?thunk?to?mir::DefaultServerConfiguration::the_input_dispatcher*;
    non-virtual?thunk?to?mir::DefaultServerConfiguration::the_input_manager*;
    non-virtual?thunk?to?mir::DefaultServerConfiguration::the_input_region*;
    non-virtual?thunk?to?mir::DefaultServerConfiguration::the_input_registrar*;
    non-virtual?thunk?to?mir::DefaultServerConfiguration::the_input_report*;
    non-virtual?thunk?to?mir::DefaultServerConfiguration::the_input_sender*;
    non-virtual?thunk?to?mir::DefaultServerConfiguration::the_input_send_observer*;
    non-virtual?thunk?to?mir::DefaultServerConfiguration::the_input_targeter*;
    non-virtual?thunk?to?mir::DefaultServerConfiguration::the_input_targets*;
    non-virtual?thunk?to?mir::DefaultServerConfiguration::the_logger*;
    non-virtual?thunk?to?mir::DefaultServerConfiguration::the_main_loop*;
    non-virtual?thunk?to?mir::DefaultServerConfiguration::the_mediating_display_changer*;
    non-virtual?thunk?to?mir::DefaultServerConfiguration::the_message_processor_report*;
    non-virtual?thunk?to?mir::DefaultServerConfiguration::the_pixel_buffer*;
    non-virtual?thunk?to?mir::DefaultServerConfiguration::the_placement_strategy*;
    non-virtual?thunk?to?mir::DefaultServerConfiguration::the_prompt_connection_creator*;
    non-virtual?thunk?to?mir::DefaultServerConfiguration::the_prompt_connector*;
    non-virtual?thunk?to?mir::DefaultServerConfiguration::the_prompt_session_listener*;
    non-virtual?thunk?to?mir::DefaultServerConfiguration::the_prompt_session_manager*;
    non-virtual?thunk?to?mir::DefaultServerConfiguration::the_renderer_factory*;
    non-virtual?thunk?to?mir::DefaultServerConfiguration::the_scene*;
    non-virtual?thunk?to?mir::DefaultServerConfiguration::the_scene_report*;
    non-virtual?thunk?to?mir::DefaultServerConfiguration::the_screencast*;
    non-virtual?thunk?to?mir::DefaultServerConfiguration::the_server_action_queue*;
    non-virtual?thunk?to?mir::DefaultServerConfiguration::the_server_status_listener*;
    non-virtual?thunk?to?mir::DefaultServerConfiguration::the_session_authorizer*;
    non-virtual?thunk?to?mir::DefaultServerConfiguration::the_session_container*;
    non-virtual?thunk?to?mir::DefaultServerConfiguration::the_session_coordinator*;
    non-virtual?thunk?to?mir::DefaultServerConfiguration::the_session_event_handler_register*;
    non-virtual?thunk?to?mir::DefaultServerConfiguration::the_session_event_sink*;
    non-virtual?thunk?to?mir::DefaultServerConfiguration::the_session_listener*;
    non-virtual?thunk?to?mir::DefaultServerConfiguration::the_session_mediator_report*;
    non-virtual?thunk?to?mir::DefaultServerConfiguration::the_shell_display_layout*;
    non-virtual?thunk?to?mir::DefaultServerConfiguration::the_shell_focus_setter*;
    non-virtual?thunk?to?mir::DefaultServerConfiguration::the_snapshot_strategy*;
    non-virtual?thunk?to?mir::DefaultServerConfiguration::the_socket_file*;
    non-virtual?thunk?to?mir::DefaultServerConfiguration::the_surface_configurator*;
    non-virtual?thunk?to?mir::DefaultServerConfiguration::the_surface_coordinator*;
    non-virtual?thunk?to?mir::DefaultServerConfiguration::the_surface_factory*;
    non-virtual?thunk?to?mir::DefaultServerConfiguration::the_surface_stack_model*;
    non-virtual?thunk?to?mir::DefaultServerConfiguration::the_touch_visualizer*;
    non-virtual?thunk?to?mir::DefaultServerConfiguration::wrap_session_coordinator*;
    non-virtual?thunk?to?mir::DefaultServerConfiguration::wrap_surface_coordinator*;
    non-virtual?thunk?to?mir::DisplayChanger::?DisplayChanger*;
    non-virtual?thunk?to?mir::frontend::ConnectionCreator::?ConnectionCreator*;
    non-virtual?thunk?to?mir::frontend::Connector::?Connector*;
    non-virtual?thunk?to?mir::frontend::ConnectorReport::?ConnectorReport*;
    non-virtual?thunk?to?mir::frontend::detail::MessageProcessor::?MessageProcessor*;
    non-virtual?thunk?to?mir::frontend::detail::ProtobufMessageSender::?ProtobufMessageSender*;
    non-virtual?thunk?to?mir::frontend::DisplayChanger::?DisplayChanger*;
    non-virtual?thunk?to?mir::frontend::EventSink::?EventSink*;
    non-virtual?thunk?to?mir::frontend::MessageProcessorReport::?MessageProcessorReport*;
    non-virtual?thunk?to?mir::frontend::PromptSession::?PromptSession*;
    non-virtual?thunk?to?mir::frontend::ProtobufConnectionCreator::create_connection_for*;
    non-virtual?thunk?to?mir::frontend::ProtobufConnectionCreator::create_processor*;
    non-virtual?thunk?to?mir::frontend::Screencast::?Screencast*;
    non-virtual?thunk?to?mir::frontend::SessionAuthorizer::?SessionAuthorizer*;
    non-virtual?thunk?to?mir::frontend::Session::?Session*;
    non-virtual?thunk?to?mir::frontend::Shell::?Shell*;
    non-virtual?thunk?to?mir::frontend::Surface::?Surface*;
    non-virtual?thunk?to?mir::graphics::SurfacelessEGLContext::make_current*;
    non-virtual?thunk?to?mir::graphics::SurfacelessEGLContext::release_current*;
    non-virtual?thunk?to?mir::graphics::SurfacelessEGLContext::?SurfacelessEGLContext*;
    non-virtual?thunk?to?mir::input::android::DefaultInputConfiguration::?DefaultInputConfiguration*;
    non-virtual?thunk?to?mir::input::android::DefaultInputConfiguration::the_event_hub*;
    non-virtual?thunk?to?mir::input::android::DefaultInputConfiguration::the_input_manager*;
    non-virtual?thunk?to?mir::input::android::DefaultInputConfiguration::the_input_translator*;
    non-virtual?thunk?to?mir::input::android::DefaultInputConfiguration::the_reader*;
    non-virtual?thunk?to?mir::input::android::DefaultInputConfiguration::the_reader_policy*;
    non-virtual?thunk?to?mir::input::android::DefaultInputConfiguration::the_reader_thread*;
    non-virtual?thunk?to?mir::input::CursorImages::?CursorImages*;
    non-virtual?thunk?to?mir::input::CursorListener::?CursorListener*;
    non-virtual?thunk?to?mir::input::EventFilter::?EventFilter*;
    non-virtual?thunk?to?mir::input::InputConfiguration::?InputConfiguration*;
    non-virtual?thunk?to?mir::input::InputDispatcher::?InputDispatcher*;
    non-virtual?thunk?to?mir::input::InputRegion::?InputRegion*;
    non-virtual?thunk?to?mir::input::InputReport::?InputReport*;
    non-virtual?thunk?to?mir::input::InputSender::?InputSender*;
    non-virtual?thunk?to?mir::input::InputSendObserver::?InputSendObserver*;
    non-virtual?thunk?to?mir::input::InputTargets::?InputTargets*;
    non-virtual?thunk?to?mir::input::Surface::?Surface*;
    non-virtual?thunk?to?mir::input::TouchVisualizer::?TouchVisualizer*;
    non-virtual?thunk?to?mir::input::VTFilter::handle*;
    non-virtual?thunk?to?mir::logging::GlogLogger::log*;
    non-virtual?thunk?to?mir::scene::BufferStreamFactory::?BufferStreamFactory*;
    non-virtual?thunk?to?mir::scene::LegacySceneChangeNotification::end_observation*;
    non-virtual?thunk?to?mir::scene::LegacySceneChangeNotification::surface_added*;
    non-virtual?thunk?to?mir::scene::LegacySceneChangeNotification::surface_exists*;
    non-virtual?thunk?to?mir::scene::LegacySceneChangeNotification::surface_removed*;
    non-virtual?thunk?to?mir::scene::LegacySceneChangeNotification::surfaces_reordered*;
    non-virtual?thunk?to?mir::scene::NullObserver::end_observation*;
    non-virtual?thunk?to?mir::scene::NullObserver::?NullObserver*;
    non-virtual?thunk?to?mir::scene::NullObserver::surface_added*;
    non-virtual?thunk?to?mir::scene::NullObserver::surface_exists*;
    non-virtual?thunk?to?mir::scene::NullObserver::surface_removed*;
    non-virtual?thunk?to?mir::scene::NullObserver::surfaces_reordered*;
    non-virtual?thunk?to?mir::scene::NullSessionListener::?NullSessionListener*;
    non-virtual?thunk?to?mir::scene::NullSurfaceObserver::alpha_set_to*;
    non-virtual?thunk?to?mir::scene::NullSurfaceObserver::attrib_changed*;
    non-virtual?thunk?to?mir::scene::NullSurfaceObserver::cursor_image_set_to*;
    non-virtual?thunk?to?mir::scene::NullSurfaceObserver::frame_posted*;
    non-virtual?thunk?to?mir::scene::NullSurfaceObserver::hidden_set_to*;
    non-virtual?thunk?to?mir::scene::NullSurfaceObserver::moved_to*;
    non-virtual?thunk?to?mir::scene::NullSurfaceObserver::?NullSurfaceObserver*;
    non-virtual?thunk?to?mir::scene::NullSurfaceObserver::orientation_set_to*;
    non-virtual?thunk?to?mir::scene::NullSurfaceObserver::reception_mode_set_to*;
    non-virtual?thunk?to?mir::scene::NullSurfaceObserver::resized_to*;
    non-virtual?thunk?to?mir::scene::NullSurfaceObserver::transformation_set_to*;
    non-virtual?thunk?to?mir::scene::Observer::?Observer*;
    non-virtual?thunk?to?mir::scene::PlacementStrategy::?PlacementStrategy*;
    non-virtual?thunk?to?mir::scene::PromptSessionListener::?PromptSessionListener*;
    non-virtual?thunk?to?mir::scene::PromptSessionManager::?PromptSessionManager*;
    non-virtual?thunk?to?mir::scene::SceneReport::?SceneReport*;
    non-virtual?thunk?to?mir::scene::SessionListener::?SessionListener*;
    non-virtual?thunk?to?mir::scene::SurfaceBufferAccess::?SurfaceBufferAccess*;
    non-virtual?thunk?to?mir::scene::SurfaceConfigurator::?SurfaceConfigurator*;
    non-virtual?thunk?to?mir::scene::SurfaceCoordinator::?SurfaceCoordinator*;
    non-virtual?thunk?to?mir::scene::SurfaceEventSource::attrib_changed*;
    non-virtual?thunk?to?mir::scene::SurfaceEventSource::orientation_set_to*;
    non-virtual?thunk?to?mir::scene::SurfaceEventSource::resized_to*;
    non-virtual?thunk?to?mir::scene::SurfaceFactory::?SurfaceFactory*;
    non-virtual?thunk?to?mir::scene::SurfaceObserver::?SurfaceObserver*;
    non-virtual?thunk?to?mir::ServerActionQueue::?ServerActionQueue*;
    non-virtual?thunk?to?mir::ServerConfiguration::?ServerConfiguration*;
    non-virtual?thunk?to?mir::ServerStatusListener::?ServerStatusListener*;
    non-virtual?thunk?to?mir::shell::DisplayLayout::?DisplayLayout*;
    non-virtual?thunk?to?mir::shell::FocusController::?FocusController*;
    non-virtual?thunk?to?mir::shell::HostLifecycleEventListener::?HostLifecycleEventListener*;
    non-virtual?thunk?to?mir::shell::InputTargeter::?InputTargeter*;
    non-virtual?thunk?to?mir::shell::SessionCoordinatorWrapper::close_session*;
    non-virtual?thunk?to?mir::shell::SessionCoordinatorWrapper::focus_next*;
    non-virtual?thunk?to?mir::shell::SessionCoordinatorWrapper::focussed_application*;
    non-virtual?thunk?to?mir::shell::SessionCoordinatorWrapper::open_session*;
    non-virtual?thunk?to?mir::shell::SessionCoordinatorWrapper::set_focus_to*;
    non-virtual?thunk?to?mir::shell::SurfaceCoordinatorWrapper::add_surface*;
    non-virtual?thunk?to?mir::shell::SurfaceCoordinatorWrapper::raise*;
    non-virtual?thunk?to?mir::shell::SurfaceCoordinatorWrapper::remove_surface*;
    non-virtual?thunk?to?mir::time::Alarm::?Alarm*;
    non-virtual?thunk?to?mir::time::Clock::?Clock*;
    non-virtual?thunk?to?mir::time::HighResolutionClock::sample*;
    non-virtual?thunk?to?mir::time::Timer::?Timer*;
    typeinfo?for?mir::AsioMainLoop;
    typeinfo?for?mir::compositor::BufferStream;
    typeinfo?for?mir::compositor::Compositor;
    typeinfo?for?mir::compositor::CompositorReport;
    typeinfo?for?mir::compositor::DisplayBufferCompositor;
    typeinfo?for?mir::compositor::DisplayBufferCompositorFactory;
    typeinfo?for?mir::compositor::FrameDroppingPolicy;
    typeinfo?for?mir::compositor::FrameDroppingPolicyFactory;
    typeinfo?for?mir::compositor::GLRenderer;
    typeinfo?for?mir::compositor::RecentlyUsedCache;
    typeinfo?for?mir::compositor::Renderer;
    typeinfo?for?mir::compositor::RendererFactory;
    typeinfo?for?mir::compositor::Scene;
    typeinfo?for?mir::compositor::SceneElement;
    typeinfo?for?mir::DefaultServerConfiguration;
    typeinfo?for?mir::DefaultServerStatusListener;
    typeinfo?for?mir::DisplayChanger;
    typeinfo?for?mir::DisplayServer;
    typeinfo?for?mir::EmergencyCleanup;
    typeinfo?for?mir::frontend::ConnectionContext;
    typeinfo?for?mir::frontend::ConnectionCreator;
    typeinfo?for?mir::frontend::Connector;
    typeinfo?for?mir::frontend::ConnectorReport;
    typeinfo?for?mir::frontend::detail::Invocation;
    typeinfo?for?mir::frontend::detail::MessageProcessor;
    typeinfo?for?mir::frontend::detail::ProtobufMessageSender;
    typeinfo?for?mir::frontend::DisplayChanger;
    typeinfo?for?mir::frontend::EventSink;
    typeinfo?for?mir::frontend::MessageProcessorReport;
    typeinfo?for?mir::frontend::PromptSession;
    typeinfo?for?mir::frontend::ProtobufConnectionCreator;
    typeinfo?for?mir::frontend::Screencast;
    typeinfo?for?mir::frontend::Session;
    typeinfo?for?mir::frontend::SessionAuthorizer;
    typeinfo?for?mir::frontend::SessionCredentials;
    typeinfo?for?mir::frontend::SessionMediatorReport;
    typeinfo?for?mir::frontend::Shell;
    typeinfo?for?mir::frontend::Surface;
    typeinfo?for?mir::graphics::GLExtensionsBase;
    typeinfo?for?mir::graphics::SurfacelessEGLContext;
    typeinfo?for?mir::input::android::DefaultInputConfiguration;
    typeinfo?for?mir::input::CompositeEventFilter;
    typeinfo?for?mir::input::CursorImages;
    typeinfo?for?mir::input::CursorListener;
    typeinfo?for?mir::input::EventFilter;
    typeinfo?for?mir::input::InputChannel;
    typeinfo?for?mir::input::InputChannelFactory;
    typeinfo?for?mir::input::InputConfiguration;
    typeinfo?for?mir::input::InputDispatcher;
    typeinfo?for?mir::input::InputManager;
    typeinfo?for?mir::input::InputRegion;
    typeinfo?for?mir::input::InputReport;
    typeinfo?for?mir::input::InputSender;
    typeinfo?for?mir::input::InputSendObserver;
    typeinfo?for?mir::input::InputTargets;
    typeinfo?for?mir::input::Surface;
    typeinfo?for?mir::input::TouchVisualizer;
    typeinfo?for?mir::input::TouchVisualizer::Spot;
    typeinfo?for?mir::input::VTFilter;
    typeinfo?for?mir::logging::GlogLogger;
    typeinfo?for?mir::MainLoop;
    typeinfo?for?mir::scene::BufferStreamFactory;
    typeinfo?for?mir::scene::LegacySceneChangeNotification;
    typeinfo?for?mir::scene::NullObserver;
    typeinfo?for?mir::scene::NullPromptSessionListener;
    typeinfo?for?mir::scene::NullSessionListener;
    typeinfo?for?mir::scene::NullSurfaceObserver;
    typeinfo?for?mir::scene::Observer;
    typeinfo?for?mir::scene::PlacementStrategy;
    typeinfo?for?mir::scene::PromptSession;
    typeinfo?for?mir::scene::PromptSessionCreationParameters;
    typeinfo?for?mir::scene::PromptSessionListener;
    typeinfo?for?mir::scene::PromptSessionManager;
    typeinfo?for?mir::scene::SceneReport;
    typeinfo?for?mir::scene::Session;
    typeinfo?for?mir::scene::SessionCoordinator;
    typeinfo?for?mir::scene::SessionListener;
    typeinfo?for?mir::scene::Snapshot;
    typeinfo?for?mir::scene::Surface;
    typeinfo?for?mir::scene::SurfaceBufferAccess;
    typeinfo?for?mir::scene::SurfaceConfigurator;
    typeinfo?for?mir::scene::SurfaceCoordinator;
    typeinfo?for?mir::scene::SurfaceCreationParameters;
    typeinfo?for?mir::scene::SurfaceEventSource;
    typeinfo?for?mir::scene::SurfaceFactory;
    typeinfo?for?mir::scene::SurfaceObserver;
    typeinfo?for?mir::ServerActionQueue;
    typeinfo?for?mir::ServerConfiguration;
    typeinfo?for?mir::ServerStatusListener;
    typeinfo?for?mir::shell::DisplayLayout;
    typeinfo?for?mir::shell::FocusController;
    typeinfo?for?mir::shell::FocusSetter;
    typeinfo?for?mir::shell::HostLifecycleEventListener;
    typeinfo?for?mir::shell::InputTargeter;
    typeinfo?for?mir::shell::SessionCoordinatorWrapper;
    typeinfo?for?mir::shell::SurfaceCoordinatorWrapper;
    typeinfo?for?mir::time::Alarm;
    typeinfo?for?mir::time::Clock;
    typeinfo?for?mir::time::HighResolutionClock;
    typeinfo?for?mir::time::Timer;
    vtable?for?mir::AsioMainLoop;
    vtable?for?mir::compositor::BufferStream;
    vtable?for?mir::compositor::Compositor;
    vtable?for?mir::compositor::CompositorReport;
    vtable?for?mir::compositor::DisplayBufferCompositor;
    vtable?for?mir::compositor::DisplayBufferCompositorFactory;
    vtable?for?mir::compositor::FrameDroppingPolicy;
    vtable?for?mir::compositor::FrameDroppingPolicyFactory;
    vtable?for?mir::compositor::GLRenderer;
    vtable?for?mir::compositor::RecentlyUsedCache;
    vtable?for?mir::compositor::Renderer;
    vtable?for?mir::compositor::RendererFactory;
    vtable?for?mir::compositor::Scene;
    vtable?for?mir::compositor::SceneElement;
    vtable?for?mir::DefaultServerConfiguration;
    vtable?for?mir::DefaultServerStatusListener;
    vtable?for?mir::DisplayChanger;
    vtable?for?mir::DisplayServer;
    vtable?for?mir::EmergencyCleanup;
    vtable?for?mir::frontend::ConnectionContext;
    vtable?for?mir::frontend::ConnectionCreator;
    vtable?for?mir::frontend::Connector;
    vtable?for?mir::frontend::ConnectorReport;
    vtable?for?mir::frontend::detail::Invocation;
    vtable?for?mir::frontend::detail::MessageProcessor;
    vtable?for?mir::frontend::detail::ProtobufMessageSender;
    vtable?for?mir::frontend::DisplayChanger;
    vtable?for?mir::frontend::EventSink;
    vtable?for?mir::frontend::MessageProcessorReport;
    vtable?for?mir::frontend::PromptSession;
    vtable?for?mir::frontend::ProtobufConnectionCreator;
    vtable?for?mir::frontend::Screencast;
    vtable?for?mir::frontend::Session;
    vtable?for?mir::frontend::SessionAuthorizer;
    vtable?for?mir::frontend::SessionCredentials;
    vtable?for?mir::frontend::SessionMediatorReport;
    vtable?for?mir::frontend::Shell;
    vtable?for?mir::frontend::Surface;
    vtable?for?mir::graphics::GLExtensionsBase;
    vtable?for?mir::graphics::SurfacelessEGLContext;
    vtable?for?mir::input::android::DefaultInputConfiguration;
    vtable?for?mir::input::CompositeEventFilter;
    vtable?for?mir::input::CursorImages;
    vtable?for?mir::input::CursorListener;
    vtable?for?mir::input::EventFilter;
    vtable?for?mir::input::InputChannel;
    vtable?for?mir::input::InputChannelFactory;
    vtable?for?mir::input::InputConfiguration;
    vtable?for?mir::input::InputDispatcher;
    vtable?for?mir::input::InputManager;
    vtable?for?mir::input::InputRegion;
    vtable?for?mir::input::InputReport;
    vtable?for?mir::input::InputSender;
    vtable?for?mir::input::InputSendObserver;
    vtable?for?mir::input::InputTargets;
    vtable?for?mir::input::Surface;
    vtable?for?mir::input::TouchVisualizer;
    vtable?for?mir::input::TouchVisualizer::Spot;
    vtable?for?mir::input::VTFilter;
    vtable?for?mir::logging::GlogLogger;
    vtable?for?mir::MainLoop;
    vtable?for?mir::scene::BufferStreamFactory;
    vtable?for?mir::scene::LegacySceneChangeNotification;
    vtable?for?mir::scene::NullObserver;
    vtable?for?mir::scene::NullPromptSessionListener;
    vtable?for?mir::scene::NullSessionListener;
    vtable?for?mir::scene::NullSurfaceObserver;
    vtable?for?mir::scene::Observer;
    vtable?for?mir::scene::PlacementStrategy;
    vtable?for?mir::scene::PromptSession;
    vtable?for?mir::scene::PromptSessionCreationParameters;
    vtable?for?mir::scene::PromptSessionListener;
    vtable?for?mir::scene::PromptSessionManager;
    vtable?for?mir::scene::SceneReport;
    vtable?for?mir::scene::Session;
    vtable?for?mir::scene::SessionCoordinator;
    vtable?for?mir::scene::SessionListener;
    vtable?for?mir::scene::Snapshot;
    vtable?for?mir::scene::Surface;
    vtable?for?mir::scene::SurfaceBufferAccess;
    vtable?for?mir::scene::SurfaceConfigurator;
    vtable?for?mir::scene::SurfaceCoordinator;
    vtable?for?mir::scene::SurfaceCreationParameters;
    vtable?for?mir::scene::SurfaceEventSource;
    vtable?for?mir::scene::SurfaceFactory;
    vtable?for?mir::scene::SurfaceObserver;
    vtable?for?mir::ServerActionQueue;
    vtable?for?mir::ServerConfiguration;
    vtable?for?mir::ServerStatusListener;
    vtable?for?mir::shell::DisplayLayout;
    vtable?for?mir::shell::FocusController;
    vtable?for?mir::shell::FocusSetter;
    vtable?for?mir::shell::HostLifecycleEventListener;
    vtable?for?mir::shell::InputTargeter;
    vtable?for?mir::shell::SessionCoordinatorWrapper;
    vtable?for?mir::shell::SurfaceCoordinatorWrapper;
    vtable?for?mir::time::Alarm;
    vtable?for?mir::time::Clock;
    vtable?for?mir::time::HighResolutionClock;
    vtable?for?mir::time::Timer;
  };
 local: *;
};
