MIROIL_1.0 {
global:
  extern "C++" {
    miroil::DisplayConfigurationPolicy::?DisplayConfigurationPolicy*;
    miroil::DisplayConfigurationPolicy::DisplayConfigurationPolicy*;
    miroil::DisplayConfigurationPolicy::operator*;
    miroil::DisplayConfigurationStorage::?DisplayConfigurationStorage*;
    miroil::Edid::Descriptor::string_value*;
    miroil::Edid::parse_data*;
    miroil::EventBuilder::EventBuilder*;
    miroil::EventBuilder::EventInfo::store*;
    miroil::EventBuilder::add_touch*;
    miroil::EventBuilder::find_info*;
    miroil::EventBuilder::make_key_event*;
    miroil::EventBuilder::make_pointer_event*;
    miroil::EventBuilder::make_touch_event*;
    miroil::EventBuilder::store*;
    miroil::GLBuffer::?GLBuffer*;
    miroil::GLBuffer::GLBuffer*;
    miroil::GLBuffer::bind*;
    miroil::GLBuffer::gl_bind_tex*;
    miroil::GLBuffer::has_alpha_channel*;
    miroil::GLBuffer::operator*;
    miroil::GLBuffer::reset*;
    miroil::GLBuffer::size*;
    miroil::InputDeviceObserver::?InputDeviceObserver*;
    miroil::InputDeviceObserver::apply_keymap*;
    miroil::InputDeviceObserver::get_device_id*;
    miroil::InputDeviceObserver::get_device_name*;
    miroil::InputDeviceObserver::is_alpha_numeric*;
    miroil::InputDeviceObserver::is_keyboard*;
    miroil::PersistDisplayConfig::?PersistDisplayConfig*;
    miroil::PersistDisplayConfig::PersistDisplayConfig*;
    miroil::PersistDisplayConfig::operator*;
    miroil::dispatch_input_event*;
    non-virtual?thunk?to?miroil::DisplayConfigurationPolicy::?DisplayConfigurationPolicy*;
    non-virtual?thunk?to?miroil::DisplayConfigurationStorage::?DisplayConfigurationStorage*;
    non-virtual?thunk?to?miroil::InputDeviceObserver::?InputDeviceObserver*;
    typeinfo?for?miroil::DisplayConfigurationOptions;
    typeinfo?for?miroil::DisplayConfigurationOptions::DisplayMode;
    typeinfo?for?miroil::DisplayConfigurationPolicy;
    typeinfo?for?miroil::DisplayConfigurationStorage;
    typeinfo?for?miroil::DisplayId;
    typeinfo?for?miroil::Edid;
    typeinfo?for?miroil::Edid::Descriptor;
    typeinfo?for?miroil::Edid::PhysicalSizeMM;
    typeinfo?for?miroil::EventBuilder;
    typeinfo?for?miroil::EventBuilder::EventInfo;
    typeinfo?for?miroil::GLBuffer;
    typeinfo?for?miroil::InputDeviceObserver;
    typeinfo?for?miroil::PersistDisplayConfig;
    vtable?for?miroil::DisplayConfigurationOptions;
    vtable?for?miroil::DisplayConfigurationOptions::DisplayMode;
    vtable?for?miroil::DisplayConfigurationPolicy;
    vtable?for?miroil::DisplayConfigurationStorage;
    vtable?for?miroil::DisplayId;
    vtable?for?miroil::Edid;
    vtable?for?miroil::Edid::Descriptor;
    vtable?for?miroil::Edid::PhysicalSizeMM;
    vtable?for?miroil::EventBuilder;
    vtable?for?miroil::EventBuilder::EventInfo;
    vtable?for?miroil::GLBuffer;
    vtable?for?miroil::InputDeviceObserver;
    vtable?for?miroil::PersistDisplayConfig;
  };

local: *;
};
