MIROIL_1.0 {
global:
  extern "C++" {
    miroil::DisplayConfigurationPolicy::?DisplayConfigurationPolicy*;
    miroil::DisplayConfigurationPolicy::DisplayConfigurationPolicy*;
    miroil::DisplayConfigurationPolicy::operator*;
    miroil::DisplayConfigurationStorage::?DisplayConfigurationStorage*;
    miroil::Edid::Descriptor::string_value*;
    miroil::Edid::parse_data*;
    miroil::EventBuilderBase::EventInfo::store*;
    miroil::EventBuilderBase::addTouch*;
    miroil::EventBuilderBase::makeEvent*;
    miroil::GLBuffer::?GLBuffer*;
    miroil::GLBuffer::GLBuffer*;
    miroil::GLBuffer::bind*;
    miroil::GLBuffer::gl_bind_tex*;
    miroil::GLBuffer::has_alpha_channel*;
    miroil::GLBuffer::operator*;
    miroil::GLBuffer::reset*;
    miroil::GLBuffer::size*;
    miroil::InputDeviceObserver::?InputDeviceObserver*;
    miroil::InputDeviceObserver::applyKeymap*;
    miroil::InputDeviceObserver::getDeviceID*;
    miroil::InputDeviceObserver::getDeviceName*;
    miroil::InputDeviceObserver::isAlphaNumeric*;
    miroil::InputDeviceObserver::isKeyboard*;
    miroil::MirServerHooks::MirServerHooks*;
    miroil::MirServerHooks::createInputDeviceObserver*;
    miroil::MirServerHooks::operator*;
    miroil::MirServerHooks::promptSessionListener*;
    miroil::MirServerHooks::theInputDeviceHub*;
    miroil::MirServerHooks::theMirDisplay*;
    miroil::MirServerHooks::thePromptSessionManager*;
    miroil::MirServerHooksBase::MirServerHooksBase*;
    miroil::MirServerHooksBase::createInputDeviceObserver*;
    miroil::MirServerHooksBase::operator*;
    miroil::MirServerHooksBase::promptSessionListener*;
    miroil::MirServerHooksBase::theInputDeviceHub*;
    miroil::MirServerHooksBase::theMirDisplay*;
    miroil::MirServerHooksBase::thePromptSessionManager*;
    miroil::OpenGLContextFactory::OpenGLContextFactory*;
    miroil::OpenGLContextFactory::createPlatformOpenGLContext*;
    miroil::OpenGLContextFactory::operator*;
    miroil::PersistDisplayConfig::?PersistDisplayConfig*;
    miroil::PersistDisplayConfig::PersistDisplayConfig*;
    miroil::PersistDisplayConfig::operator*;
    miroil::PromptSession::?PromptSession*;
    miroil::PromptSession::PromptSession*;
    miroil::PromptSession::operator*;
    miroil::PromptSessionManager::?PromptSessionManager*;
    miroil::PromptSessionManager::PromptSessionManager*;
    miroil::PromptSessionManager::applicationFor*;
    miroil::PromptSessionManager::resumePromptSession*;
    miroil::PromptSessionManager::stopPromptSession*;
    miroil::PromptSessionManager::suspendPromptSession*;
    miroil::dispatchInputEvent*;
    non-virtual?thunk?to?miroil::DisplayConfigurationPolicy::?DisplayConfigurationPolicy*;
    non-virtual?thunk?to?miroil::DisplayConfigurationStorage::?DisplayConfigurationStorage*;
    non-virtual?thunk?to?miroil::InputDeviceObserver::?InputDeviceObserver*;
    non-virtual?thunk?to?miroil::PromptSessionManager::?PromptSessionManager*;
    typeinfo?for?miroil::DisplayConfigurationOptions;
    typeinfo?for?miroil::DisplayConfigurationOptions::DisplayMode;
    typeinfo?for?miroil::DisplayConfigurationPolicy;
    typeinfo?for?miroil::DisplayConfigurationStorage;
    typeinfo?for?miroil::DisplayId;
    typeinfo?for?miroil::Edid;
    typeinfo?for?miroil::Edid::Descriptor;
    typeinfo?for?miroil::Edid::PhysicalSizeMM;
    typeinfo?for?miroil::EventBuilderBase;
    typeinfo?for?miroil::EventBuilderBase::EventInfo;
    typeinfo?for?miroil::GLBuffer;
    typeinfo?for?miroil::InputDeviceObserver;
    typeinfo?for?miroil::MirServerHooks;
    typeinfo?for?miroil::MirServerHooksBase;
    typeinfo?for?miroil::NamedCursor;
    typeinfo?for?miroil::OpenGLContextFactory;
    typeinfo?for?miroil::PersistDisplayConfig;
    typeinfo?for?miroil::PromptSession;
    typeinfo?for?miroil::PromptSessionListener;
    typeinfo?for?miroil::PromptSessionManager;
    vtable?for?miroil::DisplayConfigurationOptions;
    vtable?for?miroil::DisplayConfigurationOptions::DisplayMode;
    vtable?for?miroil::DisplayConfigurationPolicy;
    vtable?for?miroil::DisplayConfigurationStorage;
    vtable?for?miroil::DisplayId;
    vtable?for?miroil::Edid;
    vtable?for?miroil::Edid::Descriptor;
    vtable?for?miroil::Edid::PhysicalSizeMM;
    vtable?for?miroil::EventBuilderBase;
    vtable?for?miroil::EventBuilderBase::EventInfo;
    vtable?for?miroil::GLBuffer;
    vtable?for?miroil::InputDeviceObserver;
    vtable?for?miroil::MirServerHooks;
    vtable?for?miroil::MirServerHooksBase;
    vtable?for?miroil::NamedCursor;
    vtable?for?miroil::OpenGLContextFactory;
    vtable?for?miroil::PersistDisplayConfig;
    vtable?for?miroil::PromptSession;
    vtable?for?miroil::PromptSessionListener;
    vtable?for?miroil::PromptSessionManager;
  };

local: *;
};
