MIR_CORE_2.27 {
 global:
  extern "C++" {
    mir::AnonymousShmFile::?AnonymousShmFile*;
    mir::AnonymousShmFile::AnonymousShmFile*;
    mir::AnonymousShmFile::base_ptr*;
    mir::AnonymousShmFile::fd*;
    mir::Fd::Fd*;
    mir::Fd::invalid*;
    mir::Fd::operator*;
    mir::fatal_error*;
    mir::fatal_error_abort*;
    mir::fatal_error_except*;
    mir::geometry::Rectangles::Rectangles*;
    mir::geometry::Rectangles::add*;
    mir::geometry::Rectangles::begin*;
    mir::geometry::Rectangles::bounding_rectangle*;
    mir::geometry::Rectangles::clear*;
    mir::geometry::Rectangles::confine*;
    mir::geometry::Rectangles::end*;
    mir::geometry::Rectangles::operator*;
    mir::geometry::Rectangles::remove*;
    mir::geometry::Rectangles::size*;
    mir::geometry::operator*;
    mir::input::MouseKeysKeymap*;
    mir::input::MouseKeysKeymap::get_action*;
    mir::input::MouseKeysKeymap::set_action*;
    "mir::log(mir::logging::Severity, char const*, char const*, ...)";
    "mir::log(mir::logging::Severity, char const*, std::__cxx11::basic_string<char, std::char_traits<char>, std::allocator<char> > const&)";
    "mir::log(mir::logging::Severity, char const*, std::__exception_ptr::exception_ptr const&, std::__cxx11::basic_string<char, std::char_traits<char>, std::allocator<char> > const&)";
    "mir::log(mir::logging::Severity, std::initializer_list<std::reference_wrapper<mir::logging::Tag const> const>, std::basic_string_view<char, std::char_traits<char> >)";
	/* Ideally, mir::logv would follow the exact specifier as above, but the specific type of va_args differs across architectures
	 * Also, “logv” is less likely to spuriously prefix-match
	 */
    mir::logv*;
    mir::log_critical*;
    mir::log_debug*;
    mir::log_error*;
    mir::log_info*;
    mir::log_warning*;
    mir::logging::DumbConsoleLogger::log*;
    mir::logging::Logger::?Logger*;
    mir::logging::Logger::Logger*;
    mir::logging::Logger::log*;
    mir::logging::Logger::operator*;
    mir::logging::Tag::?Tag*;
    mir::logging::Tag::Tag*;
    mir::logging::Tag::name*;
    mir::logging::core;
    mir::logging::format_message*;
    mir::logging::graphics;
    mir::logging::input;
    mir::logging::log*;
    mir::logging::set_logger*;
    mir::logging::wayland;
    mir::logging::window_management;
    mir::mir_depth_layer_get_index?MirDepthLayer?;
    mir::report_exception*;
    mir::security_log*;
    non-virtual?thunk?to?mir::logging::DumbConsoleLogger::log*;
    typeinfo?for?mir::AnonymousShmFile;
    typeinfo?for?mir::ShmFile;
    typeinfo?for?mir::logging::DumbConsoleLogger;
    typeinfo?for?mir::logging::Logger;
    vtable?for?mir::AnonymousShmFile;
    vtable?for?mir::logging::DumbConsoleLogger;
    vtable?for?mir::logging::Logger;
  };
local: *;
};
