MIR_CORE_2.29 {
  global:
    /* For some reason lld does not correctly identify these symbols if in an "extern C++" block. */
    /* Include the full, demangled symbols here instead to work around this */

    /* mir::logging::log(mir::logging::Severity, std::__cxx11::basic_string<char, std::char_traits<char>, std::allocator<char> > const&, std::__cxx11::basic_string<char, std::char_traits<char>, std::allocator<char> > const&, std::source_location) */
    _ZN3mir7logging3logENS0_8SeverityERKNSt7__cxx1112basic_stringIcSt11char_traitsIcESaIcEEES9_St15source_location;
    /* mir::logging::log(mir::logging::Severity, std::span<std::reference_wrapper<mir::logging::Tag const> const, 18446744073709551615ul>, std::basic_string_view<char, std::char_traits<char> >, std::source_location) */
    _ZN3mir7logging3logENS0_8SeverityESt4spanIKSt17reference_wrapperIKNS0_3TagEELm18446744073709551615EESt17basic_string_viewIcSt11char_traitsIcEESt15source_location;

    /* The following symbols are constructors, for which the Itaniam ABI emits (up to) 3 different symbol names with the same demangled form
     * (which makes for some *excellent* missing symbols errors of the form "couldn't find symbol foo::bar(), did you mean foo::bar()?")
     * The eagle-eyed will notice the difference between these constructors is a "C1" vs "C2".
     * Modern compilers only emit the C1 and C2 forms; C3 form is omitted from this list.
     */
    /* mir::log<mir::logging::Severity, std::span<std::reference_wrapper<mir::logging::Tag const> const, 18446744073709551615ul>, std::basic_string_view<char, std::char_traits<char> > >::log(mir::logging::Severity, std::span<std::reference_wrapper<mir::logging::Tag const> const, 18446744073709551615ul>, std::basic_string_view<char, std::char_traits<char> >, std::source_location) */
    _ZN3mir3logIJNS_7logging8SeverityESt4spanIKSt17reference_wrapperIKNS1_3TagEELm18446744073709551615EESt17basic_string_viewIcSt11char_traitsIcEEEEC1ES2_S9_SD_St15source_location;
    _ZN3mir3logIJNS_7logging8SeverityESt4spanIKSt17reference_wrapperIKNS1_3TagEELm18446744073709551615EESt17basic_string_viewIcSt11char_traitsIcEEEEC2ES2_S9_SD_St15source_location;

    /* mir::log<mir::logging::Severity, char const*, std::__cxx11::basic_string<char, std::char_traits<char>, std::allocator<char> > const&>::log(mir::logging::Severity, char const*, std::__cxx11::basic_string<char, std::char_traits<char>, std::allocator<char> > const&, std::source_location) */
    _ZN3mir3logIJNS_7logging8SeverityEPKcRKNSt7__cxx1112basic_stringIcSt11char_traitsIcESaIcEEEEEC1ES2_S4_SC_St15source_location;
    _ZN3mir3logIJNS_7logging8SeverityEPKcRKNSt7__cxx1112basic_stringIcSt11char_traitsIcESaIcEEEEEC2ES2_S4_SC_St15source_location;

    /* mir::log<mir::logging::Severity, char const*, std::__exception_ptr::exception_ptr const&, std::__cxx11::basic_string<char, std::char_traits<char>, std::allocator<char> > const&>::log(mir::logging::Severity, char const*, std::__exception_ptr::exception_ptr const&, std::__cxx11::basic_string<char, std::char_traits<char>, std::allocator<char> > const&, std::source_location) */
    _ZN3mir3logIJNS_7logging8SeverityEPKcRKNSt15__exception_ptr13exception_ptrERKNSt7__cxx1112basic_stringIcSt11char_traitsIcESaIcEEEEEC1ES2_S4_S8_SG_St15source_location;
    _ZN3mir3logIJNS_7logging8SeverityEPKcRKNSt15__exception_ptr13exception_ptrERKNSt7__cxx1112basic_stringIcSt11char_traitsIcESaIcEEEEEC2ES2_S4_S8_SG_St15source_location;

  extern "C++" {
    "mir::logging::Logger::log(char const*, mir::logging::Severity, char const*, ...)";
    "std::formatter<mir::logging::Severity, char>::format(mir::logging::Severity, std::basic_format_context<std::__format::_Sink_iter<char>, char>&) const";
    mir::Fd::Fd*;
    mir::Fd::invalid*;
    mir::Fd::operator*;
    mir::fatal_error*;
    mir::fatal_error_abort*;
    mir::fatal_error_except*;
    mir::geometry::Rectangles::Rectangles*;
    mir::geometry::Rectangles::add*;
    mir::geometry::Rectangles::begin*;
    mir::geometry::Rectangles::bounding_rectangle*;
    mir::geometry::Rectangles::clear*;
    mir::geometry::Rectangles::confine*;
    mir::geometry::Rectangles::end*;
    mir::geometry::Rectangles::operator*;
    mir::geometry::Rectangles::remove*;
    mir::geometry::Rectangles::size*;
    mir::geometry::operator*;
    mir::input::MouseKeysKeymap*;
    mir::input::MouseKeysKeymap::get_action*;
    mir::input::MouseKeysKeymap::set_action*;
    mir::logging::Event::Event*;
    mir::logging::Event::?Event*;
    mir::logging::Event::severity*;
    mir::logging::Event::tags*;
    mir::logging::Event::message*;
    mir::logging::Event::location*;
    mir::logging::Event::should_log*;
    mir::logging::DumbConsoleLogger::?DumbConsoleLogger*;
    mir::logging::DumbConsoleLogger::log*;
    mir::logging::Logger::?Logger*;
    mir::logging::Logger::Logger*;
    mir::logging::Logger::operator*;
    mir::logging::base*;
    mir::logging::create_tag*;
    mir::logging::format_message*;
    mir::logging::graphics*;
    mir::logging::input*;
    mir::logging::list_known_tags*;
    mir::logging::logging_enabled_for*;
    mir::logging::parse_severity*;
    mir::logging::set_logger*;
    mir::logging::tag::name*;
    mir::logging::tag::set_severity*;
    mir::logging::wayland*;
    mir::logging::window_management*;
    mir::logv*;
    mir::mir_depth_layer_get_index?MirDepthLayer?;
    mir::report_exception*;
    mir::security_log*;
    non-virtual?thunk?to?mir::logging::DumbConsoleLogger::log*;
    typeinfo?for?mir::logging::DumbConsoleLogger;
    typeinfo?for?mir::logging::Logger;
    vtable?for?mir::logging::DumbConsoleLogger;
    vtable?for?mir::logging::Logger;
  };
local: *;
};
