MIR_COMMON_2 {
 global:
  extern "C++" {
# The following symbols come from running a script over the generated docs. Vis:
# ../tools/process_doxygen_xml.py doc/xml/*.xml | grep "^mircommon public" | sed "s/mircommon public: /    /" | sort  
    mir_arrow_cursor_name*;
    mir_busy_cursor_name*;
    mir_caret_cursor_name*;
    mir_closed_hand_cursor_name*;
    mir_default_cursor_name*;
    mir::default_server_socket*;
    mir_diagonal_resize_bottom_to_top_cursor_name*;
    mir_diagonal_resize_top_to_bottom_cursor_name*;
    mir_disabled_cursor_name*;
    mir::Fd::Fd*;
    mir::Fd::invalid*;
    mir::Fd::operator*;
    mir::frontend::client_buffer_cache_size*;
    mir::frontend::serialization_buffer_size*;
    mir::geometry::Displacement::Displacement*;
    mir::geometry::Displacement::operator*;
    mir::geometry::Length::Length*;
    mir::geometry::Length::operator*;
    mir::geometry::operator*;
    mir::geometry::Point::operator*;
    mir::geometry::Point::Point*;
    mir::geometry::Rectangle::bottom_left*;
    mir::geometry::Rectangle::bottom_right*;
    mir::geometry::Rectangle::contains*;
    mir::geometry::Rectangle::intersection_with*;
    mir::geometry::Rectangle::overlaps*;
    mir::geometry::Rectangle::Rectangle*;
    mir::geometry::Rectangles::add*;
    mir::geometry::Rectangles::begin*;
    mir::geometry::Rectangles::bounding_rectangle*;
    mir::geometry::Rectangles::clear*;
    mir::geometry::Rectangles::confine*;
    mir::geometry::Rectangles::end*;
    mir::geometry::Rectangles::operator*;
    mir::geometry::Rectangles::Rectangles*;
    mir::geometry::Rectangles::size*;
    mir::geometry::Rectangle::top_right*;
    mir::geometry::Size::operator*;
    mir::geometry::Size::Size*;
    mir::graphics::android::AndroidDriverInterpreter::AndroidDriverInterpreter*;
    mir::graphics::android::AndroidDriverInterpreter::dispatch_driver_request_format*;
    mir::graphics::android::AndroidDriverInterpreter::driver_requests_buffer*;
    mir::graphics::android::AndroidDriverInterpreter::driver_requests_info*;
    mir::graphics::android::AndroidDriverInterpreter::driver_returns_buffer*;
    mir::graphics::android::AndroidDriverInterpreter::operator*;
    mir::graphics::android::AndroidDriverInterpreter::sync_to_display*;
    mir::graphics::android::AndroidNativeBuffer::AndroidNativeBuffer*;
    mir::graphics::android::AndroidNativeBuffer::anwb*;
    mir::graphics::android::AndroidNativeBuffer::copy_fence*;
    mir::graphics::android::AndroidNativeBuffer::ensure_available_for*;
    mir::graphics::android::AndroidNativeBuffer::handle*;
    mir::graphics::android::AndroidNativeBuffer::update_usage*;
    mir::graphics::android::Fence::copy_native_handle*;
    mir::graphics::android::Fence::?Fence*;
    mir::graphics::android::Fence::Fence*;
    mir::graphics::android::Fence::merge_with*;
    mir::graphics::android::Fence::operator*;
    mir::graphics::android::Fence::wait*;
    mir::graphics::android::MirNativeWindow::cancelBuffer*;
    mir::graphics::android::MirNativeWindow::dequeueBuffer*;
    mir::graphics::android::MirNativeWindow::dequeueBufferAndWait*;
    mir::graphics::android::MirNativeWindow::MirNativeWindow*;
    mir::graphics::android::MirNativeWindow::perform*;
    mir::graphics::android::MirNativeWindow::query*;
    mir::graphics::android::MirNativeWindow::queueBuffer*;
    mir::graphics::android::MirNativeWindow::setSwapInterval*;
    mir::graphics::android::RealSyncFileOps::close*;
    mir::graphics::android::RealSyncFileOps::dup*;
    mir::graphics::android::RealSyncFileOps::ioctl*;
    mir::graphics::android::RefCountedNativeBuffer::driver_dereference*;
    mir::graphics::android::RefCountedNativeBuffer::driver_reference*;
    mir::graphics::android::RefCountedNativeBuffer::mir_dereference*;
    mir::graphics::android::RefCountedNativeBuffer::RefCountedNativeBuffer*;
    mir::graphics::android::SyncFence::copy_native_handle*;
    mir::graphics::android::SyncFence::merge_with*;
    mir::graphics::android::SyncFence::SyncFence*;
    mir::graphics::android::SyncFence::wait*;
    mir::graphics::android::SyncFileOps::close*;
    mir::graphics::android::SyncFileOps::dup*;
    mir::graphics::android::SyncFileOps::ioctl*;
    mir::graphics::android::SyncFileOps::?SyncFileOps*;
    mir::graphics::NativeBuffer::anwb*;
    mir::graphics::NativeBuffer::copy_fence*;
    mir::graphics::NativeBuffer::ensure_available_for*;
    mir::graphics::NativeBuffer::handle*;
    mir::graphics::NativeBuffer::?NativeBuffer*;
    mir::graphics::NativeBuffer::NativeBuffer*;
    mir::graphics::NativeBuffer::operator*;
    mir::graphics::NativeBuffer::update_usage*;
    mir_horizontal_resize_cursor_name*;
    mir_hsplit_resize_cursor_name*;
    mir::input::android::Lexicon::translate*;
    mir::input::receiver::android::AndroidInputPlatform::?AndroidInputPlatform*;
    mir::input::receiver::android::AndroidInputPlatform::AndroidInputPlatform*;
    mir::input::receiver::android::AndroidInputPlatform::create_input_thread*;
    mir::input::receiver::android::AndroidInputPlatform::operator*;
    mir::input::receiver::android::InputReceiver::fd*;
    mir::input::receiver::android::InputReceiver::?InputReceiver*;
    mir::input::receiver::android::InputReceiver::InputReceiver*;
    mir::input::receiver::android::InputReceiver::next_event*;
    mir::input::receiver::android::InputReceiver::operator*;
    mir::input::receiver::android::InputReceiverThread::?InputReceiverThread*;
    mir::input::receiver::android::InputReceiverThread::InputReceiverThread*;
    mir::input::receiver::android::InputReceiverThread::join*;
    mir::input::receiver::android::InputReceiverThread::operator*;
    mir::input::receiver::android::InputReceiverThread::start*;
    mir::input::receiver::android::InputReceiverThread::stop*;
    mir::input::receiver::android::InputReceiver::wake*;
    mir::input::receiver::InputPlatform::create*;
    mir::input::receiver::InputPlatform::create_input_thread*;
    mir::input::receiver::InputPlatform::InputPlatform*;
    mir::input::receiver::InputPlatform::operator*;
    mir::input::receiver::InputReceiverReport::?InputReceiverReport*;
    mir::input::receiver::InputReceiverReport::InputReceiverReport*;
    mir::input::receiver::InputReceiverReport::operator*;
    mir::input::receiver::InputReceiverReport::received_event*;
    mir::input::receiver::InputReceiverThread::InputReceiverThread*;
    mir::input::receiver::InputReceiverThread::join*;
    mir::input::receiver::InputReceiverThread::operator*;
    mir::input::receiver::InputReceiverThread::start*;
    mir::input::receiver::InputReceiverThread::stop*;
    mir::input::receiver::NullInputReceiverReport::?NullInputReceiverReport*;
    mir::input::receiver::NullInputReceiverReport::NullInputReceiverReport*;
    mir::input::receiver::XKBMapper::operator*;
    mir::input::receiver::XKBMapper::update_state_and_map_event*;
    mir::input::receiver::XKBMapper::?XKBMapper*;
    mir::input::receiver::XKBMapper::XKBMapper*;
    mir::logging::DumbConsoleLogger::log*;
    mir::logging::input_timestamp*;
    mir::logging::Logger::log*;
    mir::logging::Logger::?Logger*;
    mir::logging::Logger::Logger*;
    mir::logging::Logger::operator*;
    mir_omnidirectional_resize_cursor_name*;
    mir_open_hand_cursor_name*;
    mir_pointing_hand_cursor_name*;
    mir::protobuf::Buffer::?Buffer*;
    mir::protobuf::Buffer::Buffer*;
    mir::protobuf::Buffer::ByteSize*;
    mir::protobuf::Buffer::Clear*;
    mir::protobuf::Buffer::CopyFrom*;
    mir::protobuf::Buffer::default_instance*;
    mir::protobuf::Buffer::descriptor*;
    mir::protobuf::Buffer::GetMetadata*;
    mir::protobuf::Buffer::IsInitialized*;
    mir::protobuf::Buffer::kBufferIdFieldNumber*;
    mir::protobuf::Buffer::kDataFieldNumber*;
    mir::protobuf::Buffer::kErrorFieldNumber*;
    mir::protobuf::Buffer::kFdFieldNumber*;
    mir::protobuf::Buffer::kFdsOnSideChannelFieldNumber*;
    mir::protobuf::Buffer::kFlagsFieldNumber*;
    mir::protobuf::Buffer::kHeightFieldNumber*;
    mir::protobuf::Buffer::kStrideFieldNumber*;
    mir::protobuf::Buffer::kWidthFieldNumber*;
    mir::protobuf::Buffer::MergeFrom*;
    mir::protobuf::Buffer::MergePartialFromCodedStream*;
    mir::protobuf::Buffer::New*;
    mir::protobuf::Buffer::SerializeWithCachedSizes*;
    mir::protobuf::Buffer::SerializeWithCachedSizesToArray*;
    mir::protobuf::Buffer::Swap*;
    mir::protobuf::Connection::ByteSize*;
    mir::protobuf::Connection::Clear*;
    mir::protobuf::Connection::?Connection*;
    mir::protobuf::Connection::Connection*;
    mir::protobuf::Connection::CopyFrom*;
    mir::protobuf::Connection::default_instance*;
    mir::protobuf::Connection::descriptor*;
    mir::protobuf::Connection::GetMetadata*;
    mir::protobuf::Connection::IsInitialized*;
    mir::protobuf::Connection::kDisplayConfigurationFieldNumber*;
    mir::protobuf::Connection::kDisplayInfoFieldNumber*;
    mir::protobuf::Connection::kDisplayOutputFieldNumber*;
    mir::protobuf::Connection::kErrorFieldNumber*;
    mir::protobuf::Connection::kPlatformFieldNumber*;
    mir::protobuf::Connection::kSurfacePixelFormatFieldNumber*;
    mir::protobuf::Connection::MergeFrom*;
    mir::protobuf::Connection::MergePartialFromCodedStream*;
    mir::protobuf::Connection::New*;
    mir::protobuf::Connection::SerializeWithCachedSizes*;
    mir::protobuf::Connection::SerializeWithCachedSizesToArray*;
    mir::protobuf::Connection::Swap*;
    mir::protobuf::ConnectParameters::ByteSize*;
    mir::protobuf::ConnectParameters::Clear*;
    mir::protobuf::ConnectParameters::?ConnectParameters*;
    mir::protobuf::ConnectParameters::ConnectParameters*;
    mir::protobuf::ConnectParameters::CopyFrom*;
    mir::protobuf::ConnectParameters::default_instance*;
    mir::protobuf::ConnectParameters::descriptor*;
    mir::protobuf::ConnectParameters::GetMetadata*;
    mir::protobuf::ConnectParameters::IsInitialized*;
    mir::protobuf::ConnectParameters::kApplicationNameFieldNumber*;
    mir::protobuf::ConnectParameters::MergeFrom*;
    mir::protobuf::ConnectParameters::MergePartialFromCodedStream*;
    mir::protobuf::ConnectParameters::New*;
    mir::protobuf::ConnectParameters::SerializeWithCachedSizes*;
    mir::protobuf::ConnectParameters::SerializeWithCachedSizesToArray*;
    mir::protobuf::ConnectParameters::Swap*;
    mir::protobuf::CursorSetting::ByteSize*;
    mir::protobuf::CursorSetting::Clear*;
    mir::protobuf::CursorSetting::CopyFrom*;
    mir::protobuf::CursorSetting::?CursorSetting*;
    mir::protobuf::CursorSetting::CursorSetting*;
    mir::protobuf::CursorSetting::default_instance*;
    mir::protobuf::CursorSetting::descriptor*;
    mir::protobuf::CursorSetting::GetMetadata*;
    mir::protobuf::CursorSetting::IsInitialized*;
    mir::protobuf::CursorSetting::kNameFieldNumber*;
    mir::protobuf::CursorSetting::kSurfaceidFieldNumber*;
    mir::protobuf::CursorSetting::MergeFrom*;
    mir::protobuf::CursorSetting::MergePartialFromCodedStream*;
    mir::protobuf::CursorSetting::New*;
    mir::protobuf::CursorSetting::SerializeWithCachedSizes*;
    mir::protobuf::CursorSetting::SerializeWithCachedSizesToArray*;
    mir::protobuf::CursorSetting::Swap*;
    mir::protobuf::DisplayCard::ByteSize*;
    mir::protobuf::DisplayCard::Clear*;
    mir::protobuf::DisplayCard::CopyFrom*;
    mir::protobuf::DisplayCard::default_instance*;
    mir::protobuf::DisplayCard::descriptor*;
    mir::protobuf::DisplayCard::?DisplayCard*;
    mir::protobuf::DisplayCard::DisplayCard*;
    mir::protobuf::DisplayCard::GetMetadata*;
    mir::protobuf::DisplayCard::IsInitialized*;
    mir::protobuf::DisplayCard::kCardIdFieldNumber*;
    mir::protobuf::DisplayCard::kMaxSimultaneousOutputsFieldNumber*;
    mir::protobuf::DisplayCard::MergeFrom*;
    mir::protobuf::DisplayCard::MergePartialFromCodedStream*;
    mir::protobuf::DisplayCard::New*;
    mir::protobuf::DisplayCard::SerializeWithCachedSizes*;
    mir::protobuf::DisplayCard::SerializeWithCachedSizesToArray*;
    mir::protobuf::DisplayCard::Swap*;
    mir::protobuf::DisplayConfiguration::ByteSize*;
    mir::protobuf::DisplayConfiguration::Clear*;
    mir::protobuf::DisplayConfiguration::CopyFrom*;
    mir::protobuf::DisplayConfiguration::default_instance*;
    mir::protobuf::DisplayConfiguration::descriptor*;
    mir::protobuf::DisplayConfiguration::?DisplayConfiguration*;
    mir::protobuf::DisplayConfiguration::DisplayConfiguration*;
    mir::protobuf::DisplayConfiguration::GetMetadata*;
    mir::protobuf::DisplayConfiguration::IsInitialized*;
    mir::protobuf::DisplayConfiguration::kDisplayCardFieldNumber*;
    mir::protobuf::DisplayConfiguration::kDisplayOutputFieldNumber*;
    mir::protobuf::DisplayConfiguration::kErrorFieldNumber*;
    mir::protobuf::DisplayConfiguration::MergeFrom*;
    mir::protobuf::DisplayConfiguration::MergePartialFromCodedStream*;
    mir::protobuf::DisplayConfiguration::New*;
    mir::protobuf::DisplayConfiguration::SerializeWithCachedSizes*;
    mir::protobuf::DisplayConfiguration::SerializeWithCachedSizesToArray*;
    mir::protobuf::DisplayConfiguration::Swap*;
    mir::protobuf::DisplayInfo::ByteSize*;
    mir::protobuf::DisplayInfo::Clear*;
    mir::protobuf::DisplayInfo::CopyFrom*;
    mir::protobuf::DisplayInfo::default_instance*;
    mir::protobuf::DisplayInfo::descriptor*;
    mir::protobuf::DisplayInfo::?DisplayInfo*;
    mir::protobuf::DisplayInfo::DisplayInfo*;
    mir::protobuf::DisplayInfo::GetMetadata*;
    mir::protobuf::DisplayInfo::IsInitialized*;
    mir::protobuf::DisplayInfo::kHeightFieldNumber*;
    mir::protobuf::DisplayInfo::kSupportedPixelFormatFieldNumber*;
    mir::protobuf::DisplayInfo::kWidthFieldNumber*;
    mir::protobuf::DisplayInfo::MergeFrom*;
    mir::protobuf::DisplayInfo::MergePartialFromCodedStream*;
    mir::protobuf::DisplayInfo::New*;
    mir::protobuf::DisplayInfo::SerializeWithCachedSizes*;
    mir::protobuf::DisplayInfo::SerializeWithCachedSizesToArray*;
    mir::protobuf::DisplayInfo::Swap*;
    mir::protobuf::DisplayMode::ByteSize*;
    mir::protobuf::DisplayMode::Clear*;
    mir::protobuf::DisplayMode::CopyFrom*;
    mir::protobuf::DisplayMode::default_instance*;
    mir::protobuf::DisplayMode::descriptor*;
    mir::protobuf::DisplayMode::?DisplayMode*;
    mir::protobuf::DisplayMode::DisplayMode*;
    mir::protobuf::DisplayMode::GetMetadata*;
    mir::protobuf::DisplayMode::IsInitialized*;
    mir::protobuf::DisplayMode::kHorizontalResolutionFieldNumber*;
    mir::protobuf::DisplayMode::kRefreshRateFieldNumber*;
    mir::protobuf::DisplayMode::kVerticalResolutionFieldNumber*;
    mir::protobuf::DisplayMode::MergeFrom*;
    mir::protobuf::DisplayMode::MergePartialFromCodedStream*;
    mir::protobuf::DisplayMode::New*;
    mir::protobuf::DisplayMode::SerializeWithCachedSizes*;
    mir::protobuf::DisplayMode::SerializeWithCachedSizesToArray*;
    mir::protobuf::DisplayMode::Swap*;
    mir::protobuf::DisplayOutput::ByteSize*;
    mir::protobuf::DisplayOutput::Clear*;
    mir::protobuf::DisplayOutput::CopyFrom*;
    mir::protobuf::DisplayOutput::default_instance*;
    mir::protobuf::DisplayOutput::descriptor*;
    mir::protobuf::DisplayOutput::?DisplayOutput*;
    mir::protobuf::DisplayOutput::DisplayOutput*;
    mir::protobuf::DisplayOutput::GetMetadata*;
    mir::protobuf::DisplayOutput::IsInitialized*;
    mir::protobuf::DisplayOutput::kCardIdFieldNumber*;
    mir::protobuf::DisplayOutput::kConnectedFieldNumber*;
    mir::protobuf::DisplayOutput::kCurrentFormatFieldNumber*;
    mir::protobuf::DisplayOutput::kCurrentModeFieldNumber*;
    mir::protobuf::DisplayOutput::kModeFieldNumber*;
    mir::protobuf::DisplayOutput::kOrientationFieldNumber*;
    mir::protobuf::DisplayOutput::kOutputIdFieldNumber*;
    mir::protobuf::DisplayOutput::kPhysicalHeightMmFieldNumber*;
    mir::protobuf::DisplayOutput::kPhysicalWidthMmFieldNumber*;
    mir::protobuf::DisplayOutput::kPixelFormatFieldNumber*;
    mir::protobuf::DisplayOutput::kPositionXFieldNumber*;
    mir::protobuf::DisplayOutput::kPositionYFieldNumber*;
    mir::protobuf::DisplayOutput::kPowerModeFieldNumber*;
    mir::protobuf::DisplayOutput::kPreferredModeFieldNumber*;
    mir::protobuf::DisplayOutput::kTypeFieldNumber*;
    mir::protobuf::DisplayOutput::kUsedFieldNumber*;
    mir::protobuf::DisplayOutput::MergeFrom*;
    mir::protobuf::DisplayOutput::MergePartialFromCodedStream*;
    mir::protobuf::DisplayOutput::New*;
    mir::protobuf::DisplayOutput::SerializeWithCachedSizes*;
    mir::protobuf::DisplayOutput::SerializeWithCachedSizesToArray*;
    mir::protobuf::DisplayOutput::Swap*;
    mir::protobuf::DisplayServer::CallMethod*;
    mir::protobuf::DisplayServer::configure_cursor*;
    mir::protobuf::DisplayServer::configure_display*;
    mir::protobuf::DisplayServer::configure_surface*;
    mir::protobuf::DisplayServer::connect*;
    mir::protobuf::DisplayServer::create_screencast*;
    mir::protobuf::DisplayServer::create_surface*;
    mir::protobuf::DisplayServer::descriptor*;
    mir::protobuf::DisplayServer::disconnect*;
    mir::protobuf::DisplayServer::?DisplayServer*;
    mir::protobuf::DisplayServer::drm_auth_magic*;
    mir::protobuf::DisplayServer::GetDescriptor*;
    mir::protobuf::DisplayServer::GetRequestPrototype*;
    mir::protobuf::DisplayServer::GetResponsePrototype*;
    mir::protobuf::DisplayServer::new_fds_for_prompt_providers*;
    mir::protobuf::DisplayServer::next_buffer*;
    mir::protobuf::DisplayServer::release_screencast*;
    mir::protobuf::DisplayServer::release_surface*;
    mir::protobuf::DisplayServer::screencast_buffer*;
    mir::protobuf::DisplayServer::start_prompt_session*;
    mir::protobuf::DisplayServer::stop_prompt_session*;
    mir::protobuf::DisplayServer_Stub::configure_cursor*;
    mir::protobuf::DisplayServer_Stub::configure_display*;
    mir::protobuf::DisplayServer_Stub::configure_surface*;
    mir::protobuf::DisplayServer_Stub::connect*;
    mir::protobuf::DisplayServer_Stub::create_screencast*;
    mir::protobuf::DisplayServer_Stub::create_surface*;
    mir::protobuf::DisplayServer_Stub::disconnect*;
    mir::protobuf::DisplayServer_Stub::?DisplayServer_Stub*;
    mir::protobuf::DisplayServer_Stub::DisplayServer_Stub*;
    mir::protobuf::DisplayServer_Stub::drm_auth_magic*;
    mir::protobuf::DisplayServer_Stub::new_fds_for_prompt_providers*;
    mir::protobuf::DisplayServer_Stub::next_buffer*;
    mir::protobuf::DisplayServer_Stub::release_screencast*;
    mir::protobuf::DisplayServer_Stub::release_surface*;
    mir::protobuf::DisplayServer_Stub::screencast_buffer*;
    mir::protobuf::DisplayServer_Stub::start_prompt_session*;
    mir::protobuf::DisplayServer_Stub::stop_prompt_session*;
    mir::protobuf::DRMAuthMagicStatus::ByteSize*;
    mir::protobuf::DRMAuthMagicStatus::Clear*;
    mir::protobuf::DRMAuthMagicStatus::CopyFrom*;
    mir::protobuf::DRMAuthMagicStatus::default_instance*;
    mir::protobuf::DRMAuthMagicStatus::descriptor*;
    mir::protobuf::DRMAuthMagicStatus::?DRMAuthMagicStatus*;
    mir::protobuf::DRMAuthMagicStatus::DRMAuthMagicStatus*;
    mir::protobuf::DRMAuthMagicStatus::GetMetadata*;
    mir::protobuf::DRMAuthMagicStatus::IsInitialized*;
    mir::protobuf::DRMAuthMagicStatus::kErrorFieldNumber*;
    mir::protobuf::DRMAuthMagicStatus::kStatusCodeFieldNumber*;
    mir::protobuf::DRMAuthMagicStatus::MergeFrom*;
    mir::protobuf::DRMAuthMagicStatus::MergePartialFromCodedStream*;
    mir::protobuf::DRMAuthMagicStatus::New*;
    mir::protobuf::DRMAuthMagicStatus::SerializeWithCachedSizes*;
    mir::protobuf::DRMAuthMagicStatus::SerializeWithCachedSizesToArray*;
    mir::protobuf::DRMAuthMagicStatus::Swap*;
    mir::protobuf::DRMMagic::ByteSize*;
    mir::protobuf::DRMMagic::Clear*;
    mir::protobuf::DRMMagic::CopyFrom*;
    mir::protobuf::DRMMagic::default_instance*;
    mir::protobuf::DRMMagic::descriptor*;
    mir::protobuf::DRMMagic::?DRMMagic*;
    mir::protobuf::DRMMagic::DRMMagic*;
    mir::protobuf::DRMMagic::GetMetadata*;
    mir::protobuf::DRMMagic::IsInitialized*;
    mir::protobuf::DRMMagic::kErrorFieldNumber*;
    mir::protobuf::DRMMagic::kMagicFieldNumber*;
    mir::protobuf::DRMMagic::MergeFrom*;
    mir::protobuf::DRMMagic::MergePartialFromCodedStream*;
    mir::protobuf::DRMMagic::New*;
    mir::protobuf::DRMMagic::SerializeWithCachedSizes*;
    mir::protobuf::DRMMagic::SerializeWithCachedSizesToArray*;
    mir::protobuf::DRMMagic::Swap*;
    mir::protobuf::Event::ByteSize*;
    mir::protobuf::Event::Clear*;
    mir::protobuf::Event::CopyFrom*;
    mir::protobuf::Event::default_instance*;
    mir::protobuf::Event::descriptor*;
    mir::protobuf::Event::?Event*;
    mir::protobuf::Event::Event*;
    mir::protobuf::Event::GetMetadata*;
    mir::protobuf::Event::IsInitialized*;
    mir::protobuf::Event::kRawFieldNumber*;
    mir::protobuf::Event::MergeFrom*;
    mir::protobuf::Event::MergePartialFromCodedStream*;
    mir::protobuf::Event::New*;
    mir::protobuf::EventSequence::ByteSize*;
    mir::protobuf::EventSequence::Clear*;
    mir::protobuf::EventSequence::CopyFrom*;
    mir::protobuf::EventSequence::default_instance*;
    mir::protobuf::EventSequence::descriptor*;
    mir::protobuf::EventSequence::?EventSequence*;
    mir::protobuf::EventSequence::EventSequence*;
    mir::protobuf::EventSequence::GetMetadata*;
    mir::protobuf::EventSequence::IsInitialized*;
    mir::protobuf::EventSequence::kDisplayConfigurationFieldNumber*;
    mir::protobuf::EventSequence::kErrorFieldNumber*;
    mir::protobuf::EventSequence::kEventFieldNumber*;
    mir::protobuf::EventSequence::kLifecycleEventFieldNumber*;
    mir::protobuf::EventSequence::MergeFrom*;
    mir::protobuf::EventSequence::MergePartialFromCodedStream*;
    mir::protobuf::EventSequence::New*;
    mir::protobuf::EventSequence::SerializeWithCachedSizes*;
    mir::protobuf::EventSequence::SerializeWithCachedSizesToArray*;
    mir::protobuf::EventSequence::Swap*;
    mir::protobuf::Event::SerializeWithCachedSizes*;
    mir::protobuf::Event::SerializeWithCachedSizesToArray*;
    mir::protobuf::Event::Swap*;
    mir::protobuf::google_protobuf_guard*;
    mir::protobuf::LifecycleEvent::ByteSize*;
    mir::protobuf::LifecycleEvent::Clear*;
    mir::protobuf::LifecycleEvent::CopyFrom*;
    mir::protobuf::LifecycleEvent::default_instance*;
    mir::protobuf::LifecycleEvent::descriptor*;
    mir::protobuf::LifecycleEvent::GetMetadata*;
    mir::protobuf::LifecycleEvent::IsInitialized*;
    mir::protobuf::LifecycleEvent::kErrorFieldNumber*;
    mir::protobuf::LifecycleEvent::kNewStateFieldNumber*;
    mir::protobuf::LifecycleEvent::?LifecycleEvent*;
    mir::protobuf::LifecycleEvent::LifecycleEvent*;
    mir::protobuf::LifecycleEvent::MergeFrom*;
    mir::protobuf::LifecycleEvent::MergePartialFromCodedStream*;
    mir::protobuf::LifecycleEvent::New*;
    mir::protobuf::LifecycleEvent::SerializeWithCachedSizes*;
    mir::protobuf::LifecycleEvent::SerializeWithCachedSizesToArray*;
    mir::protobuf::LifecycleEvent::Swap*;
    mir::protobuf::Platform::ByteSize*;
    mir::protobuf::Platform::Clear*;
    mir::protobuf::Platform::CopyFrom*;
    mir::protobuf::Platform::default_instance*;
    mir::protobuf::Platform::descriptor*;
    mir::protobuf::Platform::GetMetadata*;
    mir::protobuf::Platform::IsInitialized*;
    mir::protobuf::Platform::kDataFieldNumber*;
    mir::protobuf::Platform::kErrorFieldNumber*;
    mir::protobuf::Platform::kFdFieldNumber*;
    mir::protobuf::Platform::kFdsOnSideChannelFieldNumber*;
    mir::protobuf::Platform::MergeFrom*;
    mir::protobuf::Platform::MergePartialFromCodedStream*;
    mir::protobuf::Platform::New*;
    mir::protobuf::Platform::?Platform*;
    mir::protobuf::Platform::Platform*;
    mir::protobuf::Platform::SerializeWithCachedSizes*;
    mir::protobuf::Platform::SerializeWithCachedSizesToArray*;
    mir::protobuf::Platform::Swap*;
    mir::protobuf::PromptSessionParameters::ByteSize*;
    mir::protobuf::PromptSessionParameters::Clear*;
    mir::protobuf::PromptSessionParameters::CopyFrom*;
    mir::protobuf::PromptSessionParameters::default_instance*;
    mir::protobuf::PromptSessionParameters::descriptor*;
    mir::protobuf::PromptSessionParameters::GetMetadata*;
    mir::protobuf::PromptSessionParameters::IsInitialized*;
    mir::protobuf::PromptSessionParameters::kApplicationPidFieldNumber*;
    mir::protobuf::PromptSessionParameters::MergeFrom*;
    mir::protobuf::PromptSessionParameters::MergePartialFromCodedStream*;
    mir::protobuf::PromptSessionParameters::New*;
    mir::protobuf::PromptSessionParameters::?PromptSessionParameters*;
    mir::protobuf::PromptSessionParameters::PromptSessionParameters*;
    mir::protobuf::PromptSessionParameters::SerializeWithCachedSizes*;
    mir::protobuf::PromptSessionParameters::SerializeWithCachedSizesToArray*;
    mir::protobuf::PromptSessionParameters::Swap*;
    mir::protobuf::protobuf_AddDesc_mir_5fprotobuf_2eproto*;
    mir::protobuf::protobuf_AssignDesc_mir_5fprotobuf_2eproto*;
    mir::protobuf::protobuf_ShutdownFile_mir_5fprotobuf_2eproto*;
    mir::protobuf::Rectangle::ByteSize*;
    mir::protobuf::Rectangle::Clear*;
    mir::protobuf::Rectangle::CopyFrom*;
    mir::protobuf::Rectangle::default_instance*;
    mir::protobuf::Rectangle::descriptor*;
    mir::protobuf::Rectangle::GetMetadata*;
    mir::protobuf::Rectangle::IsInitialized*;
    mir::protobuf::Rectangle::kHeightFieldNumber*;
    mir::protobuf::Rectangle::kLeftFieldNumber*;
    mir::protobuf::Rectangle::kTopFieldNumber*;
    mir::protobuf::Rectangle::kWidthFieldNumber*;
    mir::protobuf::Rectangle::MergeFrom*;
    mir::protobuf::Rectangle::MergePartialFromCodedStream*;
    mir::protobuf::Rectangle::New*;
    mir::protobuf::Rectangle::?Rectangle*;
    mir::protobuf::Rectangle::Rectangle*;
    mir::protobuf::Rectangle::SerializeWithCachedSizes*;
    mir::protobuf::Rectangle::SerializeWithCachedSizesToArray*;
    mir::protobuf::Rectangle::Swap*;
    mir::protobuf::Screencast::ByteSize*;
    mir::protobuf::Screencast::Clear*;
    mir::protobuf::Screencast::CopyFrom*;
    mir::protobuf::Screencast::default_instance*;
    mir::protobuf::Screencast::descriptor*;
    mir::protobuf::Screencast::GetMetadata*;
    mir::protobuf::ScreencastId::ByteSize*;
    mir::protobuf::ScreencastId::Clear*;
    mir::protobuf::ScreencastId::CopyFrom*;
    mir::protobuf::ScreencastId::default_instance*;
    mir::protobuf::ScreencastId::descriptor*;
    mir::protobuf::ScreencastId::GetMetadata*;
    mir::protobuf::ScreencastId::IsInitialized*;
    mir::protobuf::ScreencastId::kValueFieldNumber*;
    mir::protobuf::ScreencastId::MergeFrom*;
    mir::protobuf::ScreencastId::MergePartialFromCodedStream*;
    mir::protobuf::ScreencastId::New*;
    mir::protobuf::ScreencastId::?ScreencastId*;
    mir::protobuf::ScreencastId::ScreencastId*;
    mir::protobuf::ScreencastId::SerializeWithCachedSizes*;
    mir::protobuf::ScreencastId::SerializeWithCachedSizesToArray*;
    mir::protobuf::ScreencastId::Swap*;
    mir::protobuf::Screencast::IsInitialized*;
    mir::protobuf::Screencast::kBufferFieldNumber*;
    mir::protobuf::Screencast::kErrorFieldNumber*;
    mir::protobuf::Screencast::kScreencastIdFieldNumber*;
    mir::protobuf::Screencast::MergeFrom*;
    mir::protobuf::Screencast::MergePartialFromCodedStream*;
    mir::protobuf::Screencast::New*;
    mir::protobuf::ScreencastParameters::ByteSize*;
    mir::protobuf::ScreencastParameters::Clear*;
    mir::protobuf::ScreencastParameters::CopyFrom*;
    mir::protobuf::ScreencastParameters::default_instance*;
    mir::protobuf::ScreencastParameters::descriptor*;
    mir::protobuf::ScreencastParameters::GetMetadata*;
    mir::protobuf::ScreencastParameters::IsInitialized*;
    mir::protobuf::ScreencastParameters::kHeightFieldNumber*;
    mir::protobuf::ScreencastParameters::kPixelFormatFieldNumber*;
    mir::protobuf::ScreencastParameters::kRegionFieldNumber*;
    mir::protobuf::ScreencastParameters::kWidthFieldNumber*;
    mir::protobuf::ScreencastParameters::MergeFrom*;
    mir::protobuf::ScreencastParameters::MergePartialFromCodedStream*;
    mir::protobuf::ScreencastParameters::New*;
    mir::protobuf::ScreencastParameters::?ScreencastParameters*;
    mir::protobuf::ScreencastParameters::ScreencastParameters*;
    mir::protobuf::ScreencastParameters::SerializeWithCachedSizes*;
    mir::protobuf::ScreencastParameters::SerializeWithCachedSizesToArray*;
    mir::protobuf::ScreencastParameters::Swap*;
    mir::protobuf::Screencast::?Screencast*;
    mir::protobuf::Screencast::Screencast*;
    mir::protobuf::Screencast::SerializeWithCachedSizes*;
    mir::protobuf::Screencast::SerializeWithCachedSizesToArray*;
    mir::protobuf::Screencast::Swap*;
    mir::protobuf::SocketFD::ByteSize*;
    mir::protobuf::SocketFD::Clear*;
    mir::protobuf::SocketFD::CopyFrom*;
    mir::protobuf::SocketFD::default_instance*;
    mir::protobuf::SocketFD::descriptor*;
    mir::protobuf::SocketFD::GetMetadata*;
    mir::protobuf::SocketFD::IsInitialized*;
    mir::protobuf::SocketFD::kErrorFieldNumber*;
    mir::protobuf::SocketFD::kFdFieldNumber*;
    mir::protobuf::SocketFD::kFdsOnSideChannelFieldNumber*;
    mir::protobuf::SocketFD::MergeFrom*;
    mir::protobuf::SocketFD::MergePartialFromCodedStream*;
    mir::protobuf::SocketFD::New*;
    mir::protobuf::SocketFDRequest::ByteSize*;
    mir::protobuf::SocketFDRequest::Clear*;
    mir::protobuf::SocketFDRequest::CopyFrom*;
    mir::protobuf::SocketFDRequest::default_instance*;
    mir::protobuf::SocketFDRequest::descriptor*;
    mir::protobuf::SocketFDRequest::GetMetadata*;
    mir::protobuf::SocketFDRequest::IsInitialized*;
    mir::protobuf::SocketFDRequest::kNumberFieldNumber*;
    mir::protobuf::SocketFDRequest::MergeFrom*;
    mir::protobuf::SocketFDRequest::MergePartialFromCodedStream*;
    mir::protobuf::SocketFDRequest::New*;
    mir::protobuf::SocketFDRequest::SerializeWithCachedSizes*;
    mir::protobuf::SocketFDRequest::SerializeWithCachedSizesToArray*;
    mir::protobuf::SocketFDRequest::?SocketFDRequest*;
    mir::protobuf::SocketFDRequest::SocketFDRequest*;
    mir::protobuf::SocketFDRequest::Swap*;
    mir::protobuf::SocketFD::SerializeWithCachedSizes*;
    mir::protobuf::SocketFD::SerializeWithCachedSizesToArray*;
    mir::protobuf::SocketFD::?SocketFD*;
    mir::protobuf::SocketFD::SocketFD*;
    mir::protobuf::SocketFD::Swap*;
    mir::protobuf::static_descriptor_initializer_mir_5fprotobuf_2eproto_*;
    mir::protobuf::Surface::ByteSize*;
    mir::protobuf::Surface::Clear*;
    mir::protobuf::Surface::CopyFrom*;
    mir::protobuf::Surface::default_instance*;
    mir::protobuf::Surface::descriptor*;
    mir::protobuf::Surface::GetMetadata*;
    mir::protobuf::SurfaceId::ByteSize*;
    mir::protobuf::SurfaceId::Clear*;
    mir::protobuf::SurfaceId::CopyFrom*;
    mir::protobuf::SurfaceId::default_instance*;
    mir::protobuf::SurfaceId::descriptor*;
    mir::protobuf::SurfaceId::GetMetadata*;
    mir::protobuf::SurfaceId::IsInitialized*;
    mir::protobuf::SurfaceId::kValueFieldNumber*;
    mir::protobuf::SurfaceId::MergeFrom*;
    mir::protobuf::SurfaceId::MergePartialFromCodedStream*;
    mir::protobuf::SurfaceId::New*;
    mir::protobuf::SurfaceId::SerializeWithCachedSizes*;
    mir::protobuf::SurfaceId::SerializeWithCachedSizesToArray*;
    mir::protobuf::SurfaceId::?SurfaceId*;
    mir::protobuf::SurfaceId::SurfaceId*;
    mir::protobuf::SurfaceId::Swap*;
    mir::protobuf::Surface::IsInitialized*;
    mir::protobuf::Surface::kAttributesFieldNumber*;
    mir::protobuf::Surface::kBufferFieldNumber*;
    mir::protobuf::Surface::kBufferUsageFieldNumber*;
    mir::protobuf::Surface::kErrorFieldNumber*;
    mir::protobuf::Surface::kFdFieldNumber*;
    mir::protobuf::Surface::kFdsOnSideChannelFieldNumber*;
    mir::protobuf::Surface::kHeightFieldNumber*;
    mir::protobuf::Surface::kIdFieldNumber*;
    mir::protobuf::Surface::kPixelFormatFieldNumber*;
    mir::protobuf::Surface::kWidthFieldNumber*;
    mir::protobuf::Surface::MergeFrom*;
    mir::protobuf::Surface::MergePartialFromCodedStream*;
    mir::protobuf::Surface::New*;
    mir::protobuf::SurfaceParameters::ByteSize*;
    mir::protobuf::SurfaceParameters::Clear*;
    mir::protobuf::SurfaceParameters::CopyFrom*;
    mir::protobuf::SurfaceParameters::default_instance*;
    mir::protobuf::SurfaceParameters::descriptor*;
    mir::protobuf::SurfaceParameters::GetMetadata*;
    mir::protobuf::SurfaceParameters::IsInitialized*;
    mir::protobuf::SurfaceParameters::kBufferUsageFieldNumber*;
    mir::protobuf::SurfaceParameters::kHeightFieldNumber*;
    mir::protobuf::SurfaceParameters::kOutputIdFieldNumber*;
    mir::protobuf::SurfaceParameters::kPixelFormatFieldNumber*;
    mir::protobuf::SurfaceParameters::kSurfaceNameFieldNumber*;
    mir::protobuf::SurfaceParameters::kWidthFieldNumber*;
    mir::protobuf::SurfaceParameters::MergeFrom*;
    mir::protobuf::SurfaceParameters::MergePartialFromCodedStream*;
    mir::protobuf::SurfaceParameters::New*;
    mir::protobuf::SurfaceParameters::SerializeWithCachedSizes*;
    mir::protobuf::SurfaceParameters::SerializeWithCachedSizesToArray*;
    mir::protobuf::SurfaceParameters::?SurfaceParameters*;
    mir::protobuf::SurfaceParameters::SurfaceParameters*;
    mir::protobuf::SurfaceParameters::Swap*;
    mir::protobuf::Surface::SerializeWithCachedSizes*;
    mir::protobuf::Surface::SerializeWithCachedSizesToArray*;
    mir::protobuf::SurfaceSetting::ByteSize*;
    mir::protobuf::SurfaceSetting::Clear*;
    mir::protobuf::SurfaceSetting::CopyFrom*;
    mir::protobuf::SurfaceSetting::default_instance*;
    mir::protobuf::SurfaceSetting::descriptor*;
    mir::protobuf::SurfaceSetting::GetMetadata*;
    mir::protobuf::SurfaceSetting::IsInitialized*;
    mir::protobuf::SurfaceSetting::kAttribFieldNumber*;
    mir::protobuf::SurfaceSetting::kErrorFieldNumber*;
    mir::protobuf::SurfaceSetting::kIvalueFieldNumber*;
    mir::protobuf::SurfaceSetting::kSurfaceidFieldNumber*;
    mir::protobuf::SurfaceSetting::MergeFrom*;
    mir::protobuf::SurfaceSetting::MergePartialFromCodedStream*;
    mir::protobuf::SurfaceSetting::New*;
    mir::protobuf::SurfaceSetting::SerializeWithCachedSizes*;
    mir::protobuf::SurfaceSetting::SerializeWithCachedSizesToArray*;
    mir::protobuf::SurfaceSetting::?SurfaceSetting*;
    mir::protobuf::SurfaceSetting::SurfaceSetting*;
    mir::protobuf::SurfaceSetting::Swap*;
    mir::protobuf::Surface::?Surface*;
    mir::protobuf::Surface::Surface*;
    mir::protobuf::Surface::Swap*;
    mir::protobuf::Void::ByteSize*;
    mir::protobuf::Void::Clear*;
    mir::protobuf::Void::CopyFrom*;
    mir::protobuf::Void::default_instance*;
    mir::protobuf::Void::descriptor*;
    mir::protobuf::Void::GetMetadata*;
    mir::protobuf::Void::IsInitialized*;
    mir::protobuf::Void::kErrorFieldNumber*;
    mir::protobuf::Void::MergeFrom*;
    mir::protobuf::Void::MergePartialFromCodedStream*;
    mir::protobuf::Void::New*;
    mir::protobuf::Void::SerializeWithCachedSizes*;
    mir::protobuf::Void::SerializeWithCachedSizesToArray*;
    mir::protobuf::Void::Swap*;
    mir::protobuf::Void::?Void*;
    mir::protobuf::Void::Void*;
    mir::protobuf::wire::Invocation::ByteSize*;
    mir::protobuf::wire::Invocation::Clear*;
    mir::protobuf::wire::Invocation::CopyFrom*;
    mir::protobuf::wire::Invocation::default_instance*;
    mir::protobuf::wire::Invocation::descriptor*;
    mir::protobuf::wire::Invocation::GetMetadata*;
    mir::protobuf::wire::Invocation::?Invocation*;
    mir::protobuf::wire::Invocation::Invocation*;
    mir::protobuf::wire::Invocation::IsInitialized*;
    mir::protobuf::wire::Invocation::kIdFieldNumber*;
    mir::protobuf::wire::Invocation::kMethodNameFieldNumber*;
    mir::protobuf::wire::Invocation::kParametersFieldNumber*;
    mir::protobuf::wire::Invocation::kProtocolVersionFieldNumber*;
    mir::protobuf::wire::Invocation::MergeFrom*;
    mir::protobuf::wire::Invocation::MergePartialFromCodedStream*;
    mir::protobuf::wire::Invocation::New*;
    mir::protobuf::wire::Invocation::SerializeWithCachedSizes*;
    mir::protobuf::wire::Invocation::SerializeWithCachedSizesToArray*;
    mir::protobuf::wire::Invocation::Swap*;
    mir::protobuf::wire::protobuf_AddDesc_mir_5fprotobuf_5fwire_2eproto*;
    mir::protobuf::wire::protobuf_AssignDesc_mir_5fprotobuf_5fwire_2eproto*;
    mir::protobuf::wire::protobuf_ShutdownFile_mir_5fprotobuf_5fwire_2eproto*;
    mir::protobuf::wire::Result::ByteSize*;
    mir::protobuf::wire::Result::Clear*;
    mir::protobuf::wire::Result::CopyFrom*;
    mir::protobuf::wire::Result::default_instance*;
    mir::protobuf::wire::Result::descriptor*;
    mir::protobuf::wire::Result::GetMetadata*;
    mir::protobuf::wire::Result::IsInitialized*;
    mir::protobuf::wire::Result::kEventsFieldNumber*;
    mir::protobuf::wire::Result::kIdFieldNumber*;
    mir::protobuf::wire::Result::kResponseFieldNumber*;
    mir::protobuf::wire::Result::MergeFrom*;
    mir::protobuf::wire::Result::MergePartialFromCodedStream*;
    mir::protobuf::wire::Result::New*;
    mir::protobuf::wire::Result::?Result*;
    mir::protobuf::wire::Result::Result*;
    mir::protobuf::wire::Result::SerializeWithCachedSizes*;
    mir::protobuf::wire::Result::SerializeWithCachedSizesToArray*;
    mir::protobuf::wire::Result::Swap*;
    mir::protobuf::wire::static_descriptor_initializer_mir_5fprotobuf_5fwire_2eproto_*;
    mir::RecursiveReadWriteMutex::read_lock*;
    mir::RecursiveReadWriteMutex::read_unlock*;
    mir::RecursiveReadWriteMutex::write_lock*;
    mir::RecursiveReadWriteMutex::write_unlock*;
    mir::report::lttng::TracepointProvider::?TracepointProvider*;
    mir::report::lttng::TracepointProvider::TracepointProvider*;
    mir::set_thread_name*;
    mir::SharedLibrary::load_symbol*;
    mir::SharedLibrary::?SharedLibrary*;
    mir::SharedLibrary::SharedLibrary*;
    mir::udev::Context::?Context*;
    mir::udev::Context::Context*;
    mir::udev::Context::ctx*;
    mir::udev::Context::device_from_syspath*;
    mir::udev::Context::operator*;
    mir::udev::Device::?Device*;
    mir::udev::Device::Device*;
    mir::udev::Device::devnode*;
    mir::udev::Device::devpath*;
    mir::udev::Device::devtype*;
    mir::udev::Device::operator*;
    mir::udev::Device::subsystem*;
    mir::udev::Enumerator::begin*;
    mir::udev::Enumerator::end*;
    mir::udev::Enumerator::?Enumerator*;
    mir::udev::Enumerator::Enumerator*;
    mir::udev::Enumerator::iterator::operator*;
    mir::udev::Enumerator::match_parent*;
    mir::udev::Enumerator::match_subsystem*;
    mir::udev::Enumerator::match_sysname*;
    mir::udev::Enumerator::operator*;
    mir::udev::Enumerator::scan_devices*;
    mir::udev::Monitor::enable*;
    mir::udev::Monitor::fd*;
    mir::udev::Monitor::filter_by_subsystem*;
    mir::udev::Monitor::filter_by_subsystem_and_type*;
    mir::udev::Monitor::?Monitor*;
    mir::udev::Monitor::Monitor*;
    mir::udev::Monitor::operator*;
    mir::udev::Monitor::process_events*;
    mir::udev::operator*;
    mir_vertical_resize_cursor_name*;
    mir_vsplit_resize_cursor_name*;
    typeinfo?for?MirBufferPackage;
    typeinfo?for?MirDisplayCard;
    typeinfo?for?MirDisplayConfiguration;
    typeinfo?for?MirDisplayInfo;
    typeinfo?for?MirDisplayMode;
    typeinfo?for?MirDisplayOutput;
    typeinfo?for?MirEventDelegate;
    typeinfo?for?mir::Fd;
    typeinfo?for?mir::geometry::Displacement;
    typeinfo?for?mir::geometry::Length;
    typeinfo?for?mir::geometry::Point;
    typeinfo?for?mir::geometry::Rectangle;
    typeinfo?for?mir::geometry::Rectangles;
    typeinfo?for?mir::geometry::Size;
    typeinfo?for?mir::graphics::android::AndroidDriverInterpreter;
    typeinfo?for?mir::graphics::android::AndroidNativeBuffer;
    typeinfo?for?mir::graphics::android::Fence;
    typeinfo?for?mir::graphics::android::MirNativeWindow;
    typeinfo?for?mir::graphics::android::RealSyncFileOps;
    typeinfo?for?mir::graphics::android::RefCountedNativeBuffer;
    typeinfo?for?mir::graphics::android::SyncFence;
    typeinfo?for?mir::graphics::android::SyncFileOps;
    typeinfo?for?mir::graphics::NativeBuffer;
    typeinfo?for?MirGraphicsRegion;
    typeinfo?for?mir::input::android::Lexicon;
    typeinfo?for?mir::input::receiver::android::AndroidInputPlatform;
    typeinfo?for?mir::input::receiver::android::InputReceiver;
    typeinfo?for?mir::input::receiver::android::InputReceiverThread;
    typeinfo?for?mir::input::receiver::InputPlatform;
    typeinfo?for?mir::input::receiver::InputReceiverReport;
    typeinfo?for?mir::input::receiver::InputReceiverThread;
    typeinfo?for?mir::input::receiver::NullInputReceiverReport;
    typeinfo?for?mir::input::receiver::XKBMapper;
    typeinfo?for?mir::IntOwnedFd;
    typeinfo?for?MirKeyEvent;
    typeinfo?for?mir::logging::DumbConsoleLogger;
    typeinfo?for?mir::logging::Logger;
    typeinfo?for?MirMesaEGLNativeDisplay;
    typeinfo?for?MirMesaEGLNativeSurface;
    typeinfo?for?MirMotionEvent;
    typeinfo?for?MirMotionPointer;
    typeinfo?for?MirOrientationEvent;
    typeinfo?for?MirPlatformPackage;
    typeinfo?for?MirPromptSessionEvent;
    typeinfo?for?mir::protobuf::Buffer;
    typeinfo?for?mir::protobuf::Connection;
    typeinfo?for?mir::protobuf::ConnectParameters;
    typeinfo?for?mir::protobuf::CursorSetting;
    typeinfo?for?mir::protobuf::DisplayCard;
    typeinfo?for?mir::protobuf::DisplayConfiguration;
    typeinfo?for?mir::protobuf::DisplayInfo;
    typeinfo?for?mir::protobuf::DisplayMode;
    typeinfo?for?mir::protobuf::DisplayOutput;
    typeinfo?for?mir::protobuf::DisplayServer;
    typeinfo?for?mir::protobuf::DisplayServer_Stub;
    typeinfo?for?mir::protobuf::DRMAuthMagicStatus;
    typeinfo?for?mir::protobuf::DRMMagic;
    typeinfo?for?mir::protobuf::Event;
    typeinfo?for?mir::protobuf::EventSequence;
    typeinfo?for?mir::protobuf::LifecycleEvent;
    typeinfo?for?mir::protobuf::Platform;
    typeinfo?for?mir::protobuf::PromptSessionParameters;
    typeinfo?for?mir::protobuf::Rectangle;
    typeinfo?for?mir::protobuf::Screencast;
    typeinfo?for?mir::protobuf::ScreencastId;
    typeinfo?for?mir::protobuf::ScreencastParameters;
    typeinfo?for?mir::protobuf::SocketFD;
    typeinfo?for?mir::protobuf::SocketFDRequest;
    typeinfo?for?mir::protobuf::StaticDescriptorInitializer_mir_5fprotobuf_2eproto;
    typeinfo?for?mir::protobuf::Surface;
    typeinfo?for?mir::protobuf::SurfaceId;
    typeinfo?for?mir::protobuf::SurfaceParameters;
    typeinfo?for?mir::protobuf::SurfaceSetting;
    typeinfo?for?mir::protobuf::Void;
    typeinfo?for?mir::protobuf::wire::Invocation;
    typeinfo?for?mir::protobuf::wire::Result;
    typeinfo?for?mir::protobuf::wire::StaticDescriptorInitializer_mir_5fprotobuf_5fwire_2eproto;
    typeinfo?for?MirRectangle;
    typeinfo?for?mir::RecursiveReadLock;
    typeinfo?for?mir::RecursiveReadWriteMutex;
    typeinfo?for?mir::RecursiveWriteLock;
    typeinfo?for?mir::report::lttng::TracepointProvider;
    typeinfo?for?MirResizeEvent;
    typeinfo?for?MirScreencastParameters;
    typeinfo?for?mir::SharedLibrary;
    typeinfo?for?MirSurfaceEvent;
    typeinfo?for?MirSurfaceParameters;
    typeinfo?for?mir::udev::Context;
    typeinfo?for?mir::udev::Device;
    typeinfo?for?mir::udev::Enumerator;
    typeinfo?for?mir::udev::Enumerator::iterator;
    typeinfo?for?mir::udev::Monitor;
    vtable?for?MirBufferPackage;
    vtable?for?MirDisplayCard;
    vtable?for?MirDisplayConfiguration;
    vtable?for?MirDisplayInfo;
    vtable?for?MirDisplayMode;
    vtable?for?MirDisplayOutput;
    vtable?for?MirEventDelegate;
    vtable?for?mir::Fd;
    vtable?for?mir::geometry::Displacement;
    vtable?for?mir::geometry::Length;
    vtable?for?mir::geometry::Point;
    vtable?for?mir::geometry::Rectangle;
    vtable?for?mir::geometry::Rectangles;
    vtable?for?mir::geometry::Size;
    vtable?for?mir::graphics::android::AndroidDriverInterpreter;
    vtable?for?mir::graphics::android::AndroidNativeBuffer;
    vtable?for?mir::graphics::android::Fence;
    vtable?for?mir::graphics::android::MirNativeWindow;
    vtable?for?mir::graphics::android::RealSyncFileOps;
    vtable?for?mir::graphics::android::RefCountedNativeBuffer;
    vtable?for?mir::graphics::android::SyncFence;
    vtable?for?mir::graphics::android::SyncFileOps;
    vtable?for?mir::graphics::NativeBuffer;
    vtable?for?MirGraphicsRegion;
    vtable?for?mir::input::android::Lexicon;
    vtable?for?mir::input::receiver::android::AndroidInputPlatform;
    vtable?for?mir::input::receiver::android::InputReceiver;
    vtable?for?mir::input::receiver::android::InputReceiverThread;
    vtable?for?mir::input::receiver::InputPlatform;
    vtable?for?mir::input::receiver::InputReceiverReport;
    vtable?for?mir::input::receiver::InputReceiverThread;
    vtable?for?mir::input::receiver::NullInputReceiverReport;
    vtable?for?mir::input::receiver::XKBMapper;
    vtable?for?mir::IntOwnedFd;
    vtable?for?MirKeyEvent;
    vtable?for?mir::logging::DumbConsoleLogger;
    vtable?for?mir::logging::Logger;
    vtable?for?MirMesaEGLNativeDisplay;
    vtable?for?MirMesaEGLNativeSurface;
    vtable?for?MirMotionEvent;
    vtable?for?MirMotionPointer;
    vtable?for?MirOrientationEvent;
    vtable?for?MirPlatformPackage;
    vtable?for?MirPromptSessionEvent;
    vtable?for?mir::protobuf::Buffer;
    vtable?for?mir::protobuf::Connection;
    vtable?for?mir::protobuf::ConnectParameters;
    vtable?for?mir::protobuf::CursorSetting;
    vtable?for?mir::protobuf::DisplayCard;
    vtable?for?mir::protobuf::DisplayConfiguration;
    vtable?for?mir::protobuf::DisplayInfo;
    vtable?for?mir::protobuf::DisplayMode;
    vtable?for?mir::protobuf::DisplayOutput;
    vtable?for?mir::protobuf::DisplayServer;
    vtable?for?mir::protobuf::DisplayServer_Stub;
    vtable?for?mir::protobuf::DRMAuthMagicStatus;
    vtable?for?mir::protobuf::DRMMagic;
    vtable?for?mir::protobuf::Event;
    vtable?for?mir::protobuf::EventSequence;
    vtable?for?mir::protobuf::LifecycleEvent;
    vtable?for?mir::protobuf::Platform;
    vtable?for?mir::protobuf::PromptSessionParameters;
    vtable?for?mir::protobuf::Rectangle;
    vtable?for?mir::protobuf::Screencast;
    vtable?for?mir::protobuf::ScreencastId;
    vtable?for?mir::protobuf::ScreencastParameters;
    vtable?for?mir::protobuf::SocketFD;
    vtable?for?mir::protobuf::SocketFDRequest;
    vtable?for?mir::protobuf::StaticDescriptorInitializer_mir_5fprotobuf_2eproto;
    vtable?for?mir::protobuf::Surface;
    vtable?for?mir::protobuf::SurfaceId;
    vtable?for?mir::protobuf::SurfaceParameters;
    vtable?for?mir::protobuf::SurfaceSetting;
    vtable?for?mir::protobuf::Void;
    vtable?for?mir::protobuf::wire::Invocation;
    vtable?for?mir::protobuf::wire::Result;
    vtable?for?mir::protobuf::wire::StaticDescriptorInitializer_mir_5fprotobuf_5fwire_2eproto;
    vtable?for?MirRectangle;
    vtable?for?mir::RecursiveReadLock;
    vtable?for?mir::RecursiveReadWriteMutex;
    vtable?for?mir::RecursiveWriteLock;
    vtable?for?mir::report::lttng::TracepointProvider;
    vtable?for?MirResizeEvent;
    vtable?for?MirScreencastParameters;
    vtable?for?mir::SharedLibrary;
    vtable?for?MirSurfaceEvent;
    vtable?for?MirSurfaceParameters;
    vtable?for?mir::udev::Context;
    vtable?for?mir::udev::Device;
    vtable?for?mir::udev::Enumerator;
    vtable?for?mir::udev::Enumerator::iterator;
    vtable?for?mir::udev::Monitor;

    mir::time::Clock::?Clock*;
    mir::time::Clock::Clock*;
    mir::time::Clock::sample*;
    non-virtual?thunk?to?mir::time::Clock::?Clock*;
    typeinfo?for?mir::time::Clock;
    vtable?for?mir::time::Clock;

    mir::time::HighResolutionClock::sample*;
    non-virtual?thunk?to?mir::time::HighResolutionClock::sample*;
    typeinfo?for?mir::time::HighResolutionClock;
    vtable?for?mir::time::HighResolutionClock;
  };
 local: *;
};
