MIR_CLIENT_2.5 {
 global:
  mir_arrow_cursor_name;
  mir_busy_cursor_name;
  mir_caret_cursor_name;
  mir_closed_hand_cursor_name;
  mir_cookie_buffer_size;
  mir_cookie_release;
  mir_cookie_to_buffer;
  mir_crosshair_cursor_name;
  mir_default_cursor_name;
  mir_diagonal_resize_bottom_to_top_cursor_name;
  mir_diagonal_resize_top_to_bottom_cursor_name;
  mir_event_get_input_device_state_event;
  mir_event_get_input_event;
  mir_event_get_type;
  mir_event_get_window_event;
  mir_event_ref;
  mir_event_unref;
  mir_horizontal_resize_cursor_name;
  mir_hsplit_resize_cursor_name;
  mir_input_device_state_event_device_count;
  mir_input_device_state_event_device_id;
  mir_input_device_state_event_device_pointer_buttons;
  mir_input_device_state_event_device_pressed_keys_count;
  mir_input_device_state_event_device_pressed_keys_for_index;
  mir_input_device_state_event_modifiers;
  mir_input_device_state_event_pointer_axis;
  mir_input_device_state_event_pointer_buttons;
  mir_input_device_state_event_time;
  mir_input_event_get_cookie;
  mir_input_event_get_device_id;
  mir_input_event_get_event;
  mir_input_event_get_event_time;
  mir_input_event_get_keyboard_event;
  mir_input_event_get_pointer_event;
  mir_input_event_get_touch_event;
  mir_input_event_get_type;
  mir_input_event_get_wayland_timestamp;
  mir_input_event_has_cookie;
  mir_keyboard_event_action;
  mir_keyboard_event_input_event;
  mir_keyboard_event_keysym;
  mir_keyboard_event_key_text;
  mir_keyboard_event_modifiers;
  mir_keyboard_event_scan_code;
  mir_omnidirectional_resize_cursor_name;
  mir_open_hand_cursor_name;
  mir_pointer_event_action;
  mir_pointer_event_axis_value;
  mir_pointer_event_buttons;
  mir_pointer_event_button_state;
  mir_pointer_event_input_event;
  mir_pointer_event_modifiers;
  mir_pointing_hand_cursor_name;
  mir_touch_event_action;
  mir_touch_event_axis_value;
  mir_touch_event_id;
  mir_touch_event_input_event;
  mir_touch_event_modifiers;
  mir_touch_event_point_count;
  mir_touch_event_tooltype;
  mir_vertical_resize_cursor_name;
  mir_vsplit_resize_cursor_name;
  mir_window_event_get_attribute;
  mir_window_event_get_attribute_value;

  extern "C++" {
    mir::events::add_touch*;
    mir::events::clone_event*;
    mir::events::make_input_configure_event*;
    mir::events::make_key_event_event*;
    mir::events::make_keymap_event*;
    mir::events::make_pointer_event*;
    mir::events::make_prompt_session_state_event*;
    mir::events::make_start_drag_and_drop_event*;
    mir::events::make_surface_orientation_event*;
    mir::events::make_touch_event*;
    mir::events::make_window_close_event*;
    mir::events::make_window_configure_event*;
    mir::events::make_window_output_event*;
    mir::events::make_window_placement_event*;
    mir::events::make_window_resize_event*;
    mir::events::scale_positions*;
    mir::events::set_button_state*;
    mir::events::set_cursor_position*;
    mir::events::set_drag_and_drop_handle*;
    mir::events::set_window_id*;
    mir::events::transform_positions*;
    mir::input::receiver::XKBMapper::XKBMapper*;
    mir::input::receiver::XKBMapper::?XKBMapper*;
    mir::operator*;
    vtable?for?mir::input::receiver::XKBMapper;
  };
 local: *;
};
