MIRPLATFORM_1 {
 global:
  extern "C++" {
   vtable?for?mir::AbnormalExit;
   typeinfo?for?mir::AbnormalExit;
   mir::AbnormalExit::AbnormalExit*;
   vtable?for?mir::EmergencyCleanupRegistry;
   typeinfo?for?mir::EmergencyCleanupRegistry;
   mir::EmergencyCleanupRegistry::?EmergencyCleanupRegistry*;
   mir::EmergencyCleanupRegistry::add*;
   mir::EmergencyCleanupRegistry::EmergencyCleanupRegistry*;
   mir::EmergencyCleanupRegistry::EmergencyCleanupRegistry*;
   mir::EmergencyCleanupRegistry::operator*;
   vtable?for?mir::FatalErrorStrategy;
   typeinfo?for?mir::FatalErrorStrategy;
   mir::FatalErrorStrategy::FatalErrorStrategy*;
   mir::FatalErrorStrategy::?FatalErrorStrategy*;
   vtable?for?mir::graphics::BasicPlatform;
   typeinfo?for?mir::graphics::BasicPlatform;
   mir::graphics::BasicPlatform::?BasicPlatform*;
   mir::graphics::BasicPlatform::egl_native_display*;
   mir::graphics::BasicPlatform::BasicPlatform*;
   mir::graphics::BasicPlatform::BasicPlatform*;
   mir::graphics::BasicPlatform::operator*;
   vtable?for?mir::graphics::BufferBasic;
   typeinfo?for?mir::graphics::BufferBasic;
   mir::graphics::BufferBasic::BufferBasic*;
   mir::graphics::BufferBasic::id*;
   vtable?for?mir::graphics::BufferID;
   typeinfo?for?mir::graphics::BufferID;
   mir::graphics::BufferID::BufferID*;
   mir::graphics::BufferID::BufferID*;
   mir::graphics::BufferID::is_valid*;
   mir::graphics::BufferID::as_uint32_t*;
   vtable?for?mir::graphics::BufferInitializer;
   typeinfo?for?mir::graphics::BufferInitializer;
   mir::graphics::BufferInitializer::?BufferInitializer*;
   mir::graphics::BufferInitializer::operator*;
    mir::graphics::BufferInitializer::BufferInitializer*;
    mir::graphics::BufferInitializer::BufferInitializer*;
    mir::graphics::BufferInitializer::operator*;
    vtable?for?mir::graphics::BufferIPCPacker;
    typeinfo?for?mir::graphics::BufferIPCPacker;
    mir::graphics::BufferIPCPacker::?BufferIPCPacker*;
    mir::graphics::BufferIPCPacker::pack_fd*;
    mir::graphics::BufferIPCPacker::pack_data*;
    mir::graphics::BufferIPCPacker::pack_stride*;
    mir::graphics::BufferIPCPacker::pack_flags*;
    mir::graphics::BufferIPCPacker::pack_size*;
    mir::graphics::BufferIPCPacker::BufferIPCPacker*;
    mir::graphics::BufferIPCPacker::BufferIPCPacker*;
    mir::graphics::BufferIPCPacker::operator*;
    vtable?for?mir::graphics::Buffer;
    typeinfo?for?mir::graphics::Buffer;
    mir::graphics::Buffer::?Buffer*;
    mir::graphics::Buffer::native_buffer_handle*;
    mir::graphics::Buffer::id*;
    mir::graphics::Buffer::size*;
    mir::graphics::Buffer::stride*;
    mir::graphics::Buffer::pixel_format*;
    mir::graphics::Buffer::gl_bind_to_texture*;
    mir::graphics::Buffer::can_bypass*;
    mir::graphics::Buffer::Buffer*;
    vtable?for?mir::graphics::CursorImage;
    typeinfo?for?mir::graphics::CursorImage;
    mir::graphics::CursorImage::?CursorImage*;
    mir::graphics::CursorImage::as_argb_8888*;
    mir::graphics::CursorImage::size*;
    mir::graphics::CursorImage::hotspot*;
    mir::graphics::CursorImage::CursorImage*;
    mir::graphics::CursorImage::CursorImage*;
    mir::graphics::CursorImage::operator*;
    vtable?for?mir::graphics::Cursor;
    typeinfo?for?mir::graphics::Cursor;
    mir::graphics::Cursor::show*;
    mir::graphics::Cursor::hide*;
    mir::graphics::Cursor::move_to*;
    mir::graphics::Cursor::Cursor*;
    mir::graphics::Cursor::?Cursor*;
    mir::graphics::Cursor::Cursor*;
    mir::graphics::Cursor::operator*;
    vtable?for?mir::graphics::DisplayBuffer;
    typeinfo?for?mir::graphics::DisplayBuffer;
    mir::graphics::DisplayBuffer::?DisplayBuffer*;
    mir::graphics::DisplayBuffer::view_area*;
    mir::graphics::DisplayBuffer::make_current*;
    mir::graphics::DisplayBuffer::release_current*;
    mir::graphics::DisplayBuffer::post_update*;
    mir::graphics::DisplayBuffer::post_renderables_if_optimizable*;
    mir::graphics::DisplayBuffer::orientation*;
    mir::graphics::DisplayBuffer::uses_alpha*;
    mir::graphics::DisplayBuffer::DisplayBuffer*;
    mir::graphics::DisplayBuffer::DisplayBuffer*;
    mir::graphics::DisplayBuffer::operator*;
    vtable?for?mir::graphics::DisplayConfigurationPolicy;
    typeinfo?for?mir::graphics::DisplayConfigurationPolicy;
    mir::graphics::DisplayConfigurationPolicy::?DisplayConfigurationPolicy*;
    mir::graphics::DisplayConfigurationPolicy::apply_to*;
    mir::graphics::DisplayConfigurationPolicy::DisplayConfigurationPolicy*;
    mir::graphics::DisplayConfigurationPolicy::DisplayConfigurationPolicy*;
    mir::graphics::DisplayConfigurationPolicy::operator*;
    vtable?for?mir::graphics::DisplayConfiguration;
    typeinfo?for?mir::graphics::DisplayConfiguration;
    mir::graphics::DisplayConfiguration::?DisplayConfiguration*;
    mir::graphics::DisplayConfiguration::for_each_card*;
    mir::graphics::DisplayConfiguration::for_each_output*;
    mir::graphics::DisplayConfiguration::for_each_output*;
    mir::graphics::DisplayConfiguration::valid*;
    mir::graphics::DisplayConfiguration::DisplayConfiguration*;
    mir::graphics::DisplayConfiguration::DisplayConfiguration*;
    mir::graphics::DisplayConfiguration::operator*;
    vtable?for?mir::graphics::DisplayReport;
    typeinfo?for?mir::graphics::DisplayReport;
    mir::graphics::DisplayReport::report_successful_setup_of_native_resources*;
    mir::graphics::DisplayReport::report_successful_egl_make_current_on_construction*;
    mir::graphics::DisplayReport::report_successful_egl_buffer_swap_on_construction*;
    mir::graphics::DisplayReport::report_successful_display_construction*;
    mir::graphics::DisplayReport::report_egl_configuration*;
    mir::graphics::DisplayReport::report_successful_drm_mode_set_crtc_on_construction*;
    mir::graphics::DisplayReport::report_drm_master_failure*;
    mir::graphics::DisplayReport::report_vt_switch_away_failure*;
    mir::graphics::DisplayReport::report_vt_switch_back_failure*;
    mir::graphics::DisplayReport::report_hwc_composition_in_use*;
    mir::graphics::DisplayReport::report_gpu_composition_in_use*;
    mir::graphics::DisplayReport::DisplayReport*;
    mir::graphics::DisplayReport::?DisplayReport*;
    mir::graphics::DisplayReport::DisplayReport*;
    mir::graphics::DisplayReport::operator*;
    vtable?for?mir::graphics::Display;
    typeinfo?for?mir::graphics::Display;
    mir::graphics::Display::for_each_display_buffer*;
    mir::graphics::Display::configuration*;
    mir::graphics::Display::configure*;
    mir::graphics::Display::register_configuration_change_handler*;
    mir::graphics::Display::register_pause_resume_handlers*;
    mir::graphics::Display::pause*;
    mir::graphics::Display::resume*;
    mir::graphics::Display::create_hardware_cursor*;
    mir::graphics::Display::create_gl_context*;
    mir::graphics::Display::Display*;
    mir::graphics::Display::?Display*;
    vtable?for?mir::graphics::DRMAuthenticator;
    typeinfo?for?mir::graphics::DRMAuthenticator;
    mir::graphics::DRMAuthenticator::?DRMAuthenticator*;
    mir::graphics::DRMAuthenticator::drm_auth_magic*;
    mir::graphics::DRMAuthenticator::DRMAuthenticator*;
    mir::graphics::DRMAuthenticator::DRMAuthenticator*;
    mir::graphics::DRMAuthenticator::operator*;
    vtable?for?mir::graphics::EGLContextStore;
    typeinfo?for?mir::graphics::EGLContextStore;
    mir::graphics::EGLContextStore::EGLContextStore*;
    mir::graphics::EGLContextStore::EGLContextStore*;
    mir::graphics::EGLContextStore::?EGLContextStore*;
    mir::graphics::EGLContextStore::operator*;
    vtable?for?mir::graphics::EGLSurfaceStore;
    typeinfo?for?mir::graphics::EGLSurfaceStore;
    mir::graphics::EGLSurfaceStore::EGLSurfaceStore*;
    mir::graphics::EGLSurfaceStore::EGLSurfaceStore*;
    mir::graphics::EGLSurfaceStore::EGLSurfaceStore*;
    mir::graphics::EGLSurfaceStore::?EGLSurfaceStore*;
    mir::graphics::EGLSurfaceStore::operator*;
    vtable?for?mir::graphics::EventHandlerRegister;
    typeinfo?for?mir::graphics::EventHandlerRegister;
    mir::graphics::EventHandlerRegister::register_signal_handler*;
    mir::graphics::EventHandlerRegister::register_fd_handler*;
    mir::graphics::EventHandlerRegister::unregister_fd_handler*;
    mir::graphics::EventHandlerRegister::EventHandlerRegister*;
    mir::graphics::EventHandlerRegister::?EventHandlerRegister*;
    mir::graphics::EventHandlerRegister::EventHandlerRegister*;
    mir::graphics::EventHandlerRegister::operator*;
    vtable?for?mir::graphics::GLConfig;
    typeinfo?for?mir::graphics::GLConfig;
    mir::graphics::GLConfig::?GLConfig*;
    mir::graphics::GLConfig::depth_buffer_bits*;
    mir::graphics::GLConfig::stencil_buffer_bits*;
    mir::graphics::GLConfig::GLConfig*;
    mir::graphics::GLConfig::GLConfig*;
    mir::graphics::GLConfig::operator*;
    vtable?for?mir::graphics::GLContext;
    typeinfo?for?mir::graphics::GLContext;
    mir::graphics::GLContext::?GLContext*;
    mir::graphics::GLContext::make_current*;
    mir::graphics::GLContext::release_current*;
    mir::graphics::GLContext::GLContext*;
    mir::graphics::GLContext::GLContext*;
    mir::graphics::GLContext::operator*;
    vtable?for?mir::graphics::GLProgramFactory;
    typeinfo?for?mir::graphics::GLProgramFactory;
    mir::graphics::GLProgramFactory::?GLProgramFactory*;
    mir::graphics::GLProgramFactory::create_gl_program*;
    mir::graphics::GLProgramFactory::create_texture_cache*;
    mir::graphics::GLProgramFactory::GLProgramFactory*;
    vtable?for?mir::graphics::GLProgram;
    typeinfo?for?mir::graphics::GLProgram;
    mir::graphics::GLProgram::?GLProgram*;
    mir::graphics::GLProgram::operator*;
    mir::graphics::GLProgram::GLProgram*;
    vtable?for?mir::graphics::GLShader;
    typeinfo?for?mir::graphics::GLShader;
    mir::graphics::GLShader::GLShader*;
    mir::graphics::GLShader::?GLShader*;
    mir::graphics::GLShader::operator*;
    vtable?for?mir::graphics::GLTextureCache;
    typeinfo?for?mir::graphics::GLTextureCache;
    mir::graphics::GLTextureCache::?GLTextureCache*;
    mir::graphics::GLTextureCache::load*;
    mir::graphics::GLTextureCache::invalidate*;
    mir::graphics::GLTextureCache::drop_unused*;
    mir::graphics::GLTextureCache::GLTextureCache*;
    vtable?for?mir::graphics::GLTexture;
    typeinfo?for?mir::graphics::GLTexture;
    mir::graphics::GLTexture::GLTexture*;
    mir::graphics::GLTexture::?GLTexture*;
    mir::graphics::GLTexture::bind*;
    vtable?for?mir::graphics::GraphicBufferAllocator;
    typeinfo?for?mir::graphics::GraphicBufferAllocator;
    mir::graphics::GraphicBufferAllocator::?GraphicBufferAllocator*;
    mir::graphics::GraphicBufferAllocator::alloc_buffer*;
    mir::graphics::GraphicBufferAllocator::supported_pixel_formats*;
    mir::graphics::GraphicBufferAllocator::GraphicBufferAllocator*;
    mir::graphics::GraphicBufferAllocator::GraphicBufferAllocator*;
    mir::graphics::GraphicBufferAllocator::operator*;
    vtable?for?mir::graphics::InternalClient;
    typeinfo?for?mir::graphics::InternalClient;
    mir::graphics::InternalClient::egl_native_display*;
    mir::graphics::InternalClient::egl_native_window*;
    mir::graphics::InternalClient::InternalClient*;
    mir::graphics::InternalClient::?InternalClient*;
    mir::graphics::InternalClient::InternalClient*;
    mir::graphics::InternalClient::operator*;
    vtable?for?mir::graphics::InternalSurface;
    typeinfo?for?mir::graphics::InternalSurface;
    mir::graphics::InternalSurface::?InternalSurface*;
    mir::graphics::InternalSurface::swap_buffers*;
    mir::graphics::InternalSurface::size*;
    mir::graphics::InternalSurface::pixel_format*;
    mir::graphics::InternalSurface::InternalSurface*;
    mir::graphics::InternalSurface::InternalSurface*;
    mir::graphics::InternalSurface::operator*;
    vtable?for?mir::graphics::NativePlatform;
    typeinfo?for?mir::graphics::NativePlatform;
    mir::graphics::NativePlatform::NativePlatform*;
    mir::graphics::NativePlatform::initialize*;
    mir::graphics::NativePlatform::create_buffer_allocator*;
    mir::graphics::NativePlatform::get_ipc_package*;
    mir::graphics::NativePlatform::create_internal_client*;
    mir::graphics::NativePlatform::fill_buffer_package*;
    mir::graphics::NativePlatform::?NativePlatform*;
    mir::graphics::NativePlatform::NativePlatform*;
    mir::graphics::NativePlatform::operator*;
    vtable?for?mir::graphics::NestedContext;
    typeinfo?for?mir::graphics::NestedContext;
    mir::graphics::NestedContext::?NestedContext*;
    mir::graphics::NestedContext::platform_fd_items*;
    mir::graphics::NestedContext::drm_auth_magic*;
    mir::graphics::NestedContext::drm_set_gbm_device*;
    mir::graphics::NestedContext::NestedContext*;
    mir::graphics::NestedContext::NestedContext*;
    mir::graphics::NestedContext::operator*;
    vtable?for?mir::graphics::NullBufferInitializer;
    typeinfo?for?mir::graphics::NullBufferInitializer;
    mir::graphics::NullBufferInitializer::operator*;
    vtable?for?mir::graphics::OverlappingOutputGrouping;
    typeinfo?for?mir::graphics::OverlappingOutputGrouping;
    mir::graphics::OverlappingOutputGrouping::OverlappingOutputGrouping*;
    mir::graphics::OverlappingOutputGrouping::for_each_group*;
    vtable?for?mir::graphics::OverlappingOutputGroup;
    typeinfo?for?mir::graphics::OverlappingOutputGroup;
    mir::graphics::OverlappingOutputGroup::OverlappingOutputGroup*;
    mir::graphics::OverlappingOutputGroup::operator*;
    mir::graphics::OverlappingOutputGroup::bounding_rectangle*;
    mir::graphics::OverlappingOutputGroup::for_each_output*;
    vtable?for?mir::graphics::Platform;
    typeinfo?for?mir::graphics::Platform;
    mir::graphics::Platform::Platform*;
    mir::graphics::Platform::Platform*;
    mir::graphics::Platform::operator*;
    mir::graphics::Platform::?Platform*;
    mir::graphics::Platform::create_buffer_allocator*;
    mir::graphics::Platform::create_display*;
    mir::graphics::Platform::get_ipc_package*;
    mir::graphics::Platform::fill_buffer_package*;
    mir::graphics::Platform::create_internal_client*;
    vtable?for?mir::graphics::Renderable;
    typeinfo?for?mir::graphics::Renderable;
    mir::graphics::Renderable::?Renderable*;
    mir::graphics::Renderable::id*;
    mir::graphics::Renderable::buffer*;
    mir::graphics::Renderable::alpha_enabled*;
    mir::graphics::Renderable::screen_position*;
    mir::graphics::Renderable::alpha*;
    mir::graphics::Renderable::transformation*;
    mir::graphics::Renderable::visible*;
    mir::graphics::Renderable::shaped*;
    mir::graphics::Renderable::buffers_ready_for_compositor*;
    mir::graphics::Renderable::Renderable*;
    mir::graphics::Renderable::Renderable*;
    mir::graphics::Renderable::operator*;
    vtable?for?mir::graphics::SimpleGLProgram;
    typeinfo?for?mir::graphics::SimpleGLProgram;
    mir::graphics::SimpleGLProgram::SimpleGLProgram*;
    mir::graphics::SimpleGLProgram::?SimpleGLProgram*;
    mir::graphics::SimpleGLProgram::operator*;
    vtable?for?mir::options::Configuration;
    typeinfo?for?mir::options::Configuration;
    mir::options::Configuration::the_options*;
    mir::options::Configuration::Configuration*;
    mir::options::Configuration::?Configuration*;
    mir::options::Configuration::Configuration*;
    mir::options::Configuration::operator*;
    vtable?for?mir::options::DefaultConfiguration;
    typeinfo?for?mir::options::DefaultConfiguration;
    mir::options::DefaultConfiguration::DefaultConfiguration*;
    mir::options::DefaultConfiguration::DefaultConfiguration*;
    mir::options::DefaultConfiguration::?DefaultConfiguration*;
    mir::options::DefaultConfiguration::add_options*;
    vtable?for?mir::options::Option;
    typeinfo?for?mir::options::Option;
    mir::options::Option::is_set*;
    mir::options::Option::get*;
    mir::options::Option::get*;
    mir::options::Option::get*;
    mir::options::Option::get*;
    mir::options::Option::Option*;
    mir::options::Option::?Option*;
    mir::options::Option::Option*;
    mir::options::Option::operator*;
    vtable?for?mir::options::ProgramOption;
    typeinfo?for?mir::options::ProgramOption;
    mir::options::ProgramOption::ProgramOption*;
    mir::options::ProgramOption::parse_arguments*;
    mir::options::ProgramOption::parse_environment*;
    mir::options::ProgramOption::parse_file*;
    mir::options::ProgramOption::is_set*;
    mir::options::ProgramOption::get*;
    mir::options::ProgramOption::get*;
    mir::options::ProgramOption::get*;
    mir::options::ProgramOption::get*;
    mir::options::ProgramOption::unparsed_command_line*;
    vtable?for?mir::graphics::BufferProperties;
    typeinfo?for?mir::graphics::BufferProperties;
    mir::graphics::BufferProperties::BufferProperties*;
    mir::graphics::BufferProperties::BufferProperties*;
    vtable?for?mir::graphics::DisplayConfigurationCard;
    typeinfo?for?mir::graphics::DisplayConfigurationCard;
    vtable?for?mir::graphics::DisplayConfigurationMode;
    typeinfo?for?mir::graphics::DisplayConfigurationMode;
    vtable?for?mir::graphics::DisplayConfigurationOutput;
    typeinfo?for?mir::graphics::DisplayConfigurationOutput;
    mir::graphics::DisplayConfigurationOutput::extents*;
    mir::graphics::DisplayConfigurationOutput::valid*;
    vtable?for?mir::graphics::EGLExtensions;
    typeinfo?for?mir::graphics::EGLExtensions;
    mir::graphics::EGLExtensions::EGLExtensions*;
    vtable?for?mir::graphics::GLPrimitive;
    typeinfo?for?mir::graphics::GLPrimitive;
    mir::graphics::GLPrimitive::GLPrimitive*;
    vtable?for?mir::graphics::GLVertex;
    typeinfo?for?mir::graphics::GLVertex;
    vtable?for?mir::graphics::PlatformIPCPackage;
    typeinfo?for?mir::graphics::PlatformIPCPackage;
    mir::graphics::PlatformIPCPackage::?PlatformIPCPackage*;
    vtable?for?mir::graphics::UserDisplayConfigurationOutput;
    typeinfo?for?mir::graphics::UserDisplayConfigurationOutput;
    mir::graphics::UserDisplayConfigurationOutput::UserDisplayConfigurationOutput*;
    mir::graphics::UserDisplayConfigurationOutput::extents*;
  };
 local: *;
};
